Archive member included to satisfy reference by file (symbol)

C:/Users/oukeh/OneDrive/桌面/code-mod-example/code-mod-framework/lib/libnx_min/nx/lib\libnx_min.a(switch_crt0.o)
                              (_start)
C:/Users/oukeh/OneDrive/桌面/code-mod-example/code-mod-framework/lib/libnx_min/nx/lib\libnx_min.a(exception.o)
                              C:/Users/oukeh/OneDrive/桌面/code-mod-example/code-mod-framework/lib/libnx_min/nx/lib\libnx_min.a(switch_crt0.o) (__libnx_exception_entry)
C:/Users/oukeh/OneDrive/桌面/code-mod-example/code-mod-framework/lib/libnx_min/nx/lib\libnx_min.a(argv.o)
                              C:/Users/oukeh/OneDrive/桌面/code-mod-example/code-mod-framework/lib/libnx_min/nx/lib\libnx_min.a(switch_crt0.o) (__system_argv)
C:/Users/oukeh/OneDrive/桌面/code-mod-example/code-mod-framework/lib/libnx_min/nx/lib\libnx_min.a(env.o)
                              C:/Users/oukeh/OneDrive/桌面/code-mod-example/code-mod-framework/lib/libnx_min/nx/lib\libnx_min.a(argv.o) (envIsNso)
C:/Users/oukeh/OneDrive/桌面/code-mod-example/code-mod-framework/lib/libnx_min/nx/lib\libnx_min.a(init.o)
                              C:/Users/oukeh/OneDrive/桌面/code-mod-example/code-mod-framework/lib/libnx_min/nx/lib\libnx_min.a(exception.o) (__nx_exceptiondump)
C:/Users/oukeh/OneDrive/桌面/code-mod-example/code-mod-framework/lib/libnx_min/nx/lib\libnx_min.a(hosversion.o)
                              C:/Users/oukeh/OneDrive/桌面/code-mod-example/code-mod-framework/lib/libnx_min/nx/lib\libnx_min.a(init.o) (hosversionSet)
C:/Users/oukeh/OneDrive/桌面/code-mod-example/code-mod-framework/lib/libnx_min/nx/lib\libnx_min.a(dynamic.o)
                              C:/Users/oukeh/OneDrive/桌面/code-mod-example/code-mod-framework/lib/libnx_min/nx/lib\libnx_min.a(switch_crt0.o) (__nx_dynamic)
C:/Users/oukeh/OneDrive/桌面/code-mod-example/code-mod-framework/lib/libnx_min/nx/lib\libnx_min.a(fs_dev.o)
                              C:/Users/oukeh/OneDrive/桌面/code-mod-example/code-mod-framework/lib/libnx_min/nx/lib\libnx_min.a(init.o) (fsdevMountSdmc)
C:/Users/oukeh/OneDrive/桌面/code-mod-example/code-mod-framework/lib/libnx_min/nx/lib\libnx_min.a(decode_utf8.o)
                              C:/Users/oukeh/OneDrive/桌面/code-mod-example/code-mod-framework/lib/libnx_min/nx/lib\libnx_min.a(fs_dev.o) (decode_utf8)
C:/Users/oukeh/OneDrive/桌面/code-mod-example/code-mod-framework/lib/libnx_min/nx/lib\libnx_min.a(svc.o)
                              C:/Users/oukeh/OneDrive/桌面/code-mod-example/code-mod-framework/lib/libnx_min/nx/lib\libnx_min.a(init.o) (svcSetHeapSize)
C:/Users/oukeh/OneDrive/桌面/code-mod-example/code-mod-framework/lib/libnx_min/nx/lib\libnx_min.a(readtp.o)
                              C:/Users/oukeh/OneDrive/桌面/code-mod-example/code-mod-framework/lib/libnx_min/nx/lib\libnx_min.a(fs_dev.o) (__aarch64_read_tp)
C:/Users/oukeh/OneDrive/桌面/code-mod-example/code-mod-framework/lib/libnx_min/nx/lib\libnx_min.a(virtmem.o)
                              C:/Users/oukeh/OneDrive/桌面/code-mod-example/code-mod-framework/lib/libnx_min/nx/lib\libnx_min.a(init.o) (virtmemSetup)
C:/Users/oukeh/OneDrive/桌面/code-mod-example/code-mod-framework/lib/libnx_min/nx/lib\libnx_min.a(mutex.o)
                              C:/Users/oukeh/OneDrive/桌面/code-mod-example/code-mod-framework/lib/libnx_min/nx/lib\libnx_min.a(virtmem.o) (mutexLock)
C:/Users/oukeh/OneDrive/桌面/code-mod-example/code-mod-framework/lib/libnx_min/nx/lib\libnx_min.a(fs.o)
                              C:/Users/oukeh/OneDrive/桌面/code-mod-example/code-mod-framework/lib/libnx_min/nx/lib\libnx_min.a(init.o) (fsInitialize)
C:/Users/oukeh/OneDrive/桌面/code-mod-example/code-mod-framework/lib/libnx_min/nx/lib\libnx_min.a(set.o)
                              C:/Users/oukeh/OneDrive/桌面/code-mod-example/code-mod-framework/lib/libnx_min/nx/lib\libnx_min.a(init.o) (setsysInitialize)
C:/Users/oukeh/OneDrive/桌面/code-mod-example/code-mod-framework/lib/libnx_min/nx/lib\libnx_min.a(fatal.o)
                              C:/Users/oukeh/OneDrive/桌面/code-mod-example/code-mod-framework/lib/libnx_min/nx/lib\libnx_min.a(env.o) (fatalSimple)
C:/Users/oukeh/OneDrive/桌面/code-mod-example/code-mod-framework/lib/libnx_min/nx/lib\libnx_min.a(sm.o)
                              C:/Users/oukeh/OneDrive/桌面/code-mod-example/code-mod-framework/lib/libnx_min/nx/lib\libnx_min.a(env.o) (smAddOverrideHandle)
C:/Users/oukeh/OneDrive/桌面/code-mod-example/code-mod-framework/lib/libnx_min/nx/lib\libnx_min.a(hid.o)
                              C:/Users/oukeh/OneDrive/桌面/code-mod-example/code-mod-framework/lib/libnx_min/nx/lib\libnx_min.a(init.o) (hidExit)
C:/Users/oukeh/OneDrive/桌面/code-mod-example/code-mod-framework/lib/libnx_min/nx/lib\libnx_min.a(time.o)
                              C:/Users/oukeh/OneDrive/桌面/code-mod-example/code-mod-framework/lib/libnx_min/nx/lib\libnx_min.a(init.o) (timeExit)
C:/Users/oukeh/OneDrive/桌面/code-mod-example/code-mod-framework/lib/libnx_min/nx/lib\libnx_min.a(applet.o)
[...]
Memory Configuration

Name             Origin             Length             Attributes
*default*        0x0000000000000000 0xffffffffffffffff

Linker script and memory map

                0x0000000000000000                PROVIDE (__start__ = 0x0)
                0x0000000000000000                . = __start__

.crt0           0x0000000000000000      0x158
 *(.crt0)
 .crt0          0x0000000000000000      0x158 C:/Users/oukeh/OneDrive/桌面/code-mod-example/code-mod-framework/lib/libnx_min/nx/lib\libnx_min.a(switch_crt0.o)
                0x0000000000000000                _start
                0x0000000000000120                __nx_exit
                0x0000000000000130                __nx_mod0
                0x0000000000000158                . = ALIGN (0x8)

.init           0x0000000000000158       0x38
 *(.init)
 .init          0x0000000000000158       0x18 c:/devkitpro/devkita64/bin/../lib/gcc/aarch64-none-elf/9.2.0/pic/crti.o
                0x0000000000000158                _init
 .init          0x0000000000000170       0x1c c:/devkitpro/devkita64/bin/../lib/gcc/aarch64-none-elf/9.2.0/pic/crtn.o
                0x0000000000000190                . = ALIGN (0x8)
 *fill*         0x000000000000018c        0x4 

.plt            0x0000000000000190       0xa0
 *(.plt)
 .plt           0x0000000000000190       0xa0 c:/devkitpro/devkita64/bin/../lib/gcc/aarch64-none-elf/9.2.0/pic/crti.o
 *(.iplt)
                0x0000000000000230                . = ALIGN (0x8)

.text           0x0000000000000240    0x2d110
 *(.text.unlikely .text.*_unlikely .text.unlikely.*)
 *(.text.exit .text.exit.*)
 .text.exit     0x0000000000000240       0x38 c:/devkitpro/devkita64/bin/../lib/gcc/aarch64-none-elf/9.2.0/../../../../aarch64-none-elf/lib/pic\libg.a(lib_a-exit.o)
                0x0000000000000240                exit
 *(.text.startup .text.startup.*)
 *fill*         0x0000000000000278        0x8 
 .text.startup  0x0000000000000280      0x16c main.o
                0x0000000000000280                main
 *(.text.hot .text.hot.*)
 *(.text .stub .text.* .gnu.linkonce.t.*)
 *fill*         0x00000000000003ec        0x4 
 .text.deregister_tm_clones
                0x00000000000003f0       0x30 c:/devkitpro/devkita64/bin/../lib/gcc/aarch64-none-elf/9.2.0/pic/crtbegin.o
 .text.register_tm_clones
                0x0000000000000420       0x40 c:/devkitpro/devkita64/bin/../lib/gcc/aarch64-none-elf/9.2.0/pic/crtbegin.o
 .text.__do_global_dtors_aux
                0x0000000000000460       0x48 c:/devkitpro/devkita64/bin/../lib/gcc/aarch64-none-elf/9.2.0/pic/crtbegin.o
 .text.frame_dummy
                0x00000000000004a8       0x34 c:/devkitpro/devkita64/bin/../lib/gcc/aarch64-none-elf/9.2.0/pic/crtbegin.o
 *fill*         0x00000000000004dc        0x4 
 .text          0x00000000000004e0     0x3bf0 main.o
                0x00000000000004e0                get_command_flag_cat_replace(unsigned long, int)
                0x00000000000006b0                clear_lua_stack_replace(lib::L2CAgent*)
                0x0000000000003ef0                replace_scripts(lib::L2CAgent*, unsigned char, int)
                0x0000000000003f40                sv_get_status_func(unsigned long, int, unsigned long)
                0x0000000000003f90                sv_replace_status_func(unsigned long, int, unsigned long, void*)
                0x0000000000003fd0                script_replacement()
                0x0000000000004030                __libnx_init
                0x0000000000004080                __libnx_exit
 .text          0x00000000000040d0      0xbd4 acmd_wrapper.o
                0x00000000000040d0                is_before_frame(unsigned long, float)
                0x0000000000004100                null_acmd_func(lib::L2CAgent*, void*)
                0x0000000000004110                load_module(unsigned long, unsigned long)
                0x0000000000004120                load_module_impl(unsigned long, unsigned long)
                0x0000000000004130                ACMD::ACMD()
                0x0000000000004130                ACMD::ACMD()
                0x0000000000004140                ACMD::ACMD(char const*, char const*, char const*, char const*, void (*)(ACMD*))
                0x0000000000004140                ACMD::ACMD(char const*, char const*, char const*, char const*, void (*)(ACMD*))
                0x0000000000004160                ACMD::match()
                0x00000000000041e0                ACMD::nullify_original(lib::L2CAgent*)
                0x00000000000042b0                ACMD::run(lib::L2CAgent*)
                0x00000000000043a0                ACMD::frame(float)
                0x00000000000043c0                ACMD::wait(float)
                0x00000000000043d0                ACMD::is_excute()
                0x0000000000004450                ACMD::_frame(float)
                0x00000000000044e0                ACMD::_frame_reimpl(float)
                0x00000000000045d0                ACMD::_wait(float)
                0x0000000000004660                ACMD::_is_excute()
                0x0000000000004700                ACMD::wrap(void (*)(unsigned long), std::initializer_list<lib::L2CValue>)
                0x00000000000047a0                ACMD::ATTACK(unsigned long, unsigned long, unsigned long, float, unsigned long, unsigned long, unsigned long, unsigned long, float, float, float, float, float, float, unsigned long, unsigned long, unsigned long, unsigned long, float, unsigned long, unsigned long, unsigned long, unsigned long, unsigned long, unsigned long, unsigned long, unsigned long, unsigned long, unsigned long, unsigned long, unsigned long, unsigned long, unsigned long)
                0x0000000000004a30                ACMD::ATTACK(unsigned long, unsigned long, unsigned long, float, unsigned long, unsigned long, unsigned long, unsigned long, float, float, float, float, float, float, float, float, float, unsigned long, unsigned long, unsigned long, unsigned long, float, unsigned long, unsigned long, unsigned long, unsigned long, unsigned long, unsigned long, unsigned long, unsigned long, unsigned long, unsigned long, unsigned long, unsigned long, unsigned long, unsigned long)
 *fill*         0x0000000000004ca4        0xc 
 .text          0x0000000000004cb0      0x120 saltysd_helper.o
                0x0000000000004cb0                SaltySD_function_replace(unsigned long, unsigned long)
                0x0000000000004d20                SaltySD_function_replace_sym(char*, unsigned long)
                0x0000000000004d50                SaltySD_function_replace_sym_check_prev(char*, unsigned long, unsigned long&)
 .text          0x0000000000004dd0      0x370 lua_bind_hash.o
                0x0000000000004dd0                lua_bind_hash(void const*, unsigned long)
                0x0000000000005110                lua_bind_hash_str(char const*)
 .text          0x0000000000005140      0x12c l2c_imports.o
                0x0000000000005140                lib::lua_const(char const*)
                0x0000000000005180                lib::L2CValue::L2CValue()
                0x0000000000005180                lib::L2CValue::L2CValue()
                0x0000000000005190                lib::L2CValue::L2CValue(bool)
                0x0000000000005190                lib::L2CValue::L2CValue(bool)
                0x00000000000051b0                lib::L2CValue::L2CValue(int)
                0x00000000000051b0                lib::L2CValue::L2CValue(int)
                0x00000000000051d0                lib::L2CValue::L2CValue(unsigned long)
                0x00000000000051d0                lib::L2CValue::L2CValue(unsigned long)
                0x00000000000051e0                lib::L2CValue::L2CValue(float)
                0x00000000000051e0                lib::L2CValue::L2CValue(float)
                0x00000000000051f0                lib::L2CValue::L2CValue(double)
                0x00000000000051f0                lib::L2CValue::L2CValue(double)
                0x0000000000005210                lib::L2CValue::L2CValue(char const*)
                0x0000000000005210                lib::L2CValue::L2CValue(char const*)
                0x0000000000005220                lib::L2CAgent::get_lua_stack(int, lib::L2CValue*)
                0x0000000000005230                lib::L2CAgent::_clear_lua_stack()
 *fill*         0x000000000000526c        0x4 
 .text          0x0000000000005270      0x4fc raygun_printer.o
                0x0000000000005270                show_segment(unsigned long, float, float, float, float, float)
                0x0000000000005340                alphabet_index(char)
                0x00000000000053b0                print_char(unsigned long, char, int, float, float)
                0x0000000000005510                print_string(unsigned long, char const*, ...)
 .text.__libnx_exception_entry
                0x000000000000576c      0x1c0 C:/Users/oukeh/OneDrive/桌面/code-mod-example/code-mod-framework/lib/libnx_min/nx/lib\libnx_min.a(exception.o)
                0x000000000000576c                __libnx_exception_entry
 .text.__libnx_exception_returnentry
                0x000000000000592c       0x18 C:/Users/oukeh/OneDrive/桌面/code-mod-example/code-mod-framework/lib/libnx_min/nx/lib\libnx_min.a(exception.o)
                0x000000000000592c                __libnx_exception_returnentry
 *fill*         0x0000000000005944        0xc 
 .text.argvSetup
                0x0000000000005950      0x318 C:/Users/oukeh/OneDrive/桌面/code-mod-example/code-mod-framework/lib/libnx_min/nx/lib\libnx_min.a(argv.o)
                0x0000000000005950                argvSetup
 *fill*         0x0000000000005c68        0x8 
 .text.envSetup
                0x0000000000005c70      0x208 C:/Users/oukeh/OneDrive/桌面/code-mod-example/code-mod-framework/lib/libnx_min/nx/lib\libnx_min.a(env.o)
                0x0000000000005c70                envSetup
 *fill*         0x0000000000005e78        0x8 
 .text.envGetMainThreadHandle
                0x0000000000005e80       0x20 C:/Users/oukeh/OneDrive/桌面/code-mod-example/code-mod-framework/lib/libnx_min/nx/lib\libnx_min.a(env.o)
                0x0000000000005e80                envGetMainThreadHandle
 .text.envIsNso
                0x0000000000005ea0        0xc C:/Users/oukeh/OneDrive/桌面/code-mod-example/code-mod-framework/lib/libnx_min/nx/lib\libnx_min.a(env.o)
                0x0000000000005ea0                envIsNso
 *fill*         0x0000000000005eac        0x4 
 .text.envHasHeapOverride
                0x0000000000005eb0       0x14 C:/Users/oukeh/OneDrive/桌面/code-mod-example/code-mod-framework/lib/libnx_min/nx/lib\libnx_min.a(env.o)
                0x0000000000005eb0                envHasHeapOverride
 *fill*         0x0000000000005ec4        0xc 
 .text.envGetHeapOverrideAddr
                0x0000000000005ed0        0xc C:/Users/oukeh/OneDrive/桌面/code-mod-example/code-mod-framework/lib/libnx_min/nx/lib\libnx_min.a(env.o)
                0x0000000000005ed0                envGetHeapOverrideAddr
 *fill*         0x0000000000005edc        0x4 
 .text.envGetHeapOverrideSize
                0x0000000000005ee0        0xc C:/Users/oukeh/OneDrive/桌面/code-mod-example/code-mod-framework/lib/libnx_min/nx/lib\libnx_min.a(env.o)
                0x0000000000005ee0                envGetHeapOverrideSize
 *fill*         0x0000000000005eec        0x4 
 .text.envHasArgv
                0x0000000000005ef0       0x14 C:/Users/oukeh/OneDrive/桌面/code-mod-example/code-mod-framework/lib/libnx_min/nx/lib\libnx_min.a(env.o)
                0x0000000000005ef0                envHasArgv
 *fill*         0x0000000000005f04        0xc 
 .text.envGetArgv
                0x0000000000005f10        0xc C:/Users/oukeh/OneDrive/桌面/code-mod-example/code-mod-framework/lib/libnx_min/nx/lib\libnx_min.a(env.o)
                0x0000000000005f10                envGetArgv
 *fill*         0x0000000000005f1c        0x4 
 .text.envIsSyscallHinted
                0x0000000000005f20       0x20 C:/Users/oukeh/OneDrive/桌面/code-mod-example/code-mod-framework/lib/libnx_min/nx/lib\libnx_min.a(env.o)
                0x0000000000005f20                envIsSyscallHinted
 .text.envGetOwnProcessHandle
                0x0000000000005f40        0xc C:/Users/oukeh/OneDrive/桌面/code-mod-example/code-mod-framework/lib/libnx_min/nx/lib\libnx_min.a(env.o)
                0x0000000000005f40                envGetOwnProcessHandle
 *fill*         0x0000000000005f4c        0x4 
 .text.envGetExitFuncPtr
                0x0000000000005f50        0xc C:/Users/oukeh/OneDrive/桌面/code-mod-example/code-mod-framework/lib/libnx_min/nx/lib\libnx_min.a(env.o)
                0x0000000000005f50                envGetExitFuncPtr
 *fill*         0x0000000000005f5c        0x4 
 .text.envSetExitFuncPtr
                0x0000000000005f60        0xc C:/Users/oukeh/OneDrive/桌面/code-mod-example/code-mod-framework/lib/libnx_min/nx/lib\libnx_min.a(env.o)
                0x0000000000005f60                envSetExitFuncPtr
 *fill*         0x0000000000005f6c        0x4 
 .text.envSetNextLoad
                0x0000000000005f70       0x7c C:/Users/oukeh/OneDrive/桌面/code-mod-example/code-mod-framework/lib/libnx_min/nx/lib\libnx_min.a(env.o)
                0x0000000000005f70                envSetNextLoad
 *fill*         0x0000000000005fec        0x4 
 .text.envHasNextLoad
                0x0000000000005ff0       0x14 C:/Users/oukeh/OneDrive/桌面/code-mod-example/code-mod-framework/lib/libnx_min/nx/lib\libnx_min.a(env.o)
                0x0000000000005ff0                envHasNextLoad
 *fill*         0x0000000000006004        0xc 
 .text.envGetLastLoadResult
                0x0000000000006010        0xc C:/Users/oukeh/OneDrive/桌面/code-mod-example/code-mod-framework/lib/libnx_min/nx/lib\libnx_min.a(env.o)
                0x0000000000006010                envGetLastLoadResult
 *fill*         0x000000000000601c        0x4 
 .text.envHasRandomSeed
                0x0000000000006020        0xc C:/Users/oukeh/OneDrive/桌面/code-mod-example/code-mod-framework/lib/libnx_min/nx/lib\libnx_min.a(env.o)
                0x0000000000006020                envHasRandomSeed
 *fill*         0x000000000000602c        0x4 
 .text.envGetRandomSeed
                0x0000000000006030       0x18 C:/Users/oukeh/OneDrive/桌面/code-mod-example/code-mod-framework/lib/libnx_min/nx/lib\libnx_min.a(env.o)
                0x0000000000006030                envGetRandomSeed
 *fill*         0x0000000000006048        0x8 
 .text.__libnx_initheap
                0x0000000000006050       0xd8 C:/Users/oukeh/OneDrive/桌面/code-mod-example/code-mod-framework/lib/libnx_min/nx/lib\libnx_min.a(init.o)
                0x0000000000006050                __libnx_initheap
 *fill*         0x0000000000006128        0x8 
 .text.__appInit
                0x0000000000006130       0xdc C:/Users/oukeh/OneDrive/桌面/code-mod-example/code-mod-framework/lib/libnx_min/nx/lib\libnx_min.a(init.o)
                0x0000000000006130                __appInit
 *fill*         0x000000000000620c        0x4 
 .text.__appExit
                0x0000000000006210       0x44 C:/Users/oukeh/OneDrive/桌面/code-mod-example/code-mod-framework/lib/libnx_min/nx/lib\libnx_min.a(init.o)
                0x0000000000006210                __appExit
 *fill*         0x0000000000006254        0xc 
 .text.hosversionGet
                0x0000000000006260       0x10 C:/Users/oukeh/OneDrive/桌面/code-mod-example/code-mod-framework/lib/libnx_min/nx/lib\libnx_min.a(hosversion.o)
                0x0000000000006260                hosversionGet
 .text.hosversionSet
                0x0000000000006270       0x10 C:/Users/oukeh/OneDrive/桌面/code-mod-example/code-mod-framework/lib/libnx_min/nx/lib\libnx_min.a(hosversion.o)
                0x0000000000006270                hosversionSet
 .text.__nx_dynamic
                0x0000000000006280       0xa0 C:/Users/oukeh/OneDrive/桌面/code-mod-example/code-mod-framework/lib/libnx_min/nx/lib\libnx_min.a(dynamic.o)
                0x0000000000006280                __nx_dynamic
 .text.fsdev_link
                0x0000000000006320       0x10 C:/Users/oukeh/OneDrive/桌面/code-mod-example/code-mod-framework/lib/libnx_min/nx/lib\libnx_min.a(fs_dev.o)
 .text.fsdev_dirreset
                0x0000000000006330       0x10 C:/Users/oukeh/OneDrive/桌面/code-mod-example/code-mod-framework/lib/libnx_min/nx/lib\libnx_min.a(fs_dev.o)
 .text.fsdev_chmod
                0x0000000000006340       0x10 C:/Users/oukeh/OneDrive/桌面/code-mod-example/code-mod-framework/lib/libnx_min/nx/lib\libnx_min.a(fs_dev.o)
 .text.error_cmp
                0x0000000000006350       0x1c C:/Users/oukeh/OneDrive/桌面/code-mod-example/code-mod-framework/lib/libnx_min/nx/lib\libnx_min.a(fs_dev.o)
 *fill*         0x000000000000636c        0x4 
 .text.fsdev_translate_error
                0x0000000000006370       0x5c C:/Users/oukeh/OneDrive/桌面/code-mod-example/code-mod-framework/lib/libnx_min/nx/lib\libnx_min.a(fs_dev.o)
 *fill*         0x00000000000063cc        0x4 
 .text.fsdev_fsync
                0x00000000000063d0       0x40 C:/Users/oukeh/OneDrive/桌面/code-mod-example/code-mod-framework/lib/libnx_min/nx/lib\libnx_min.a(fs_dev.o)
 .text.fsdev_ftruncate
                0x0000000000006410       0x60 C:/Users/oukeh/OneDrive/桌面/code-mod-example/code-mod-framework/lib/libnx_min/nx/lib\libnx_min.a(fs_dev.o)
 .text.fsdev_dirclose
                0x0000000000006470       0x20 C:/Users/oukeh/OneDrive/桌面/code-mod-example/code-mod-framework/lib/libnx_min/nx/lib\libnx_min.a(fs_dev.o)
 .text.fsdev_dirnext
                0x0000000000006490      0x16c C:/Users/oukeh/OneDrive/桌面/code-mod-example/code-mod-framework/lib/libnx_min/nx/lib\libnx_min.a(fs_dev.o)
 *fill*         0x00000000000065fc        0x4 
 .text.fsdev_close
                0x0000000000006600       0x1c C:/Users/oukeh/OneDrive/桌面/code-mod-example/code-mod-framework/lib/libnx_min/nx/lib\libnx_min.a(fs_dev.o)
 *fill*         0x000000000000661c        0x4 
 .text.fsdev_fstat
                0x0000000000006620       0xa4 C:/Users/oukeh/OneDrive/桌面/code-mod-example/code-mod-framework/lib/libnx_min/nx/lib\libnx_min.a(fs_dev.o)
 *fill*         0x00000000000066c4        0xc 
 .text.fsdev_seek
                0x00000000000066d0       0xb0 C:/Users/oukeh/OneDrive/桌面/code-mod-example/code-mod-framework/lib/libnx_min/nx/lib\libnx_min.a(fs_dev.o)
 .text.fsdev_read
                0x0000000000006780      0x1a0 C:/Users/oukeh/OneDrive/桌面/code-mod-example/code-mod-framework/lib/libnx_min/nx/lib\libnx_min.a(fs_dev.o)
 .text.fsdev_write
                0x0000000000006920      0x1a8 C:/Users/oukeh/OneDrive/桌面/code-mod-example/code-mod-framework/lib/libnx_min/nx/lib\libnx_min.a(fs_dev.o)
 *fill*         0x0000000000006ac8        0x8 
 .text.fsdevFindDevice
                0x0000000000006ad0      0x120 C:/Users/oukeh/OneDrive/桌面/code-mod-example/code-mod-framework/lib/libnx_min/nx/lib\libnx_min.a(fs_dev.o)
 .text._fsdevMountDevice
                0x0000000000006bf0      0x140 C:/Users/oukeh/OneDrive/桌面/code-mod-example/code-mod-framework/lib/libnx_min/nx/lib\libnx_min.a(fs_dev.o)
 .text.fsdev_getfspath
                0x0000000000006d30      0x1fc C:/Users/oukeh/OneDrive/桌面/code-mod-example/code-mod-framework/lib/libnx_min/nx/lib\libnx_min.a(fs_dev.o)
 *fill*         0x0000000000006f2c        0x4 
 .text.fsdev_rmdir
                0x0000000000006f30       0x70 C:/Users/oukeh/OneDrive/桌面/code-mod-example/code-mod-framework/lib/libnx_min/nx/lib\libnx_min.a(fs_dev.o)
 .text.fsdev_statvfs
                0x0000000000006fa0       0xd4 C:/Users/oukeh/OneDrive/桌面/code-mod-example/code-mod-framework/lib/libnx_min/nx/lib\libnx_min.a(fs_dev.o)
 *fill*         0x0000000000007074        0xc 
 .text.fsdev_diropen
                0x0000000000007080       0xec C:/Users/oukeh/OneDrive/桌面/code-mod-example/code-mod-framework/lib/libnx_min/nx/lib\libnx_min.a(fs_dev.o)
 *fill*         0x000000000000716c        0x4 
 .text.fsdev_mkdir
                0x0000000000007170       0x70 C:/Users/oukeh/OneDrive/桌面/code-mod-example/code-mod-framework/lib/libnx_min/nx/lib\libnx_min.a(fs_dev.o)
 .text.fsdev_rename
                0x00000000000071e0      0x114 C:/Users/oukeh/OneDrive/桌面/code-mod-example/code-mod-framework/lib/libnx_min/nx/lib\libnx_min.a(fs_dev.o)
 *fill*         0x00000000000072f4        0xc 
 .text.fsdev_chdir
                0x0000000000007300       0xe8 C:/Users/oukeh/OneDrive/桌面/code-mod-example/code-mod-framework/lib/libnx_min/nx/lib\libnx_min.a(fs_dev.o)
 *fill*         0x00000000000073e8        0x8 
 .text.fsdev_unlink
                0x00000000000073f0       0x70 C:/Users/oukeh/OneDrive/桌面/code-mod-example/code-mod-framework/lib/libnx_min/nx/lib\libnx_min.a(fs_dev.o)
 .text.fsdev_stat
                0x0000000000007460      0x1bc C:/Users/oukeh/OneDrive/桌面/code-mod-example/code-mod-framework/lib/libnx_min/nx/lib\libnx_min.a(fs_dev.o)
 *fill*         0x000000000000761c        0x4 
 .text.fsdev_open
                0x0000000000007620      0x19c C:/Users/oukeh/OneDrive/桌面/code-mod-example/code-mod-framework/lib/libnx_min/nx/lib\libnx_min.a(fs_dev.o)
 *fill*         0x00000000000077bc        0x4 
 .text._fsdevUnmountDeviceStruct.part.4
                0x00000000000077c0       0xb8 C:/Users/oukeh/OneDrive/桌面/code-mod-example/code-mod-framework/lib/libnx_min/nx/lib\libnx_min.a(fs_dev.o)
 *fill*         0x0000000000007878        0x8 
 .text.fsdev_fchmod
                0x0000000000007880       0x10 C:/Users/oukeh/OneDrive/桌面/code-mod-example/code-mod-framework/lib/libnx_min/nx/lib\libnx_min.a(fs_dev.o)
 .text.fsdevMountDevice
                0x0000000000007890       0x14 C:/Users/oukeh/OneDrive/桌面/code-mod-example/code-mod-framework/lib/libnx_min/nx/lib\libnx_min.a(fs_dev.o)
                0x0000000000007890                fsdevMountDevice
 *fill*         0x00000000000078a4        0xc 
 .text.fsdevUnmountDevice
                0x00000000000078b0       0x3c C:/Users/oukeh/OneDrive/桌面/code-mod-example/code-mod-framework/lib/libnx_min/nx/lib\libnx_min.a(fs_dev.o)
                0x00000000000078b0                fsdevUnmountDevice
 *fill*         0x00000000000078ec        0x4 
 .text.fsdevCommitDevice
                0x00000000000078f0       0x28 C:/Users/oukeh/OneDrive/桌面/code-mod-example/code-mod-framework/lib/libnx_min/nx/lib\libnx_min.a(fs_dev.o)
                0x00000000000078f0                fsdevCommitDevice
 *fill*         0x0000000000007918        0x8 
 .text.fsdevSetArchiveBit
                0x0000000000007920       0x68 C:/Users/oukeh/OneDrive/桌面/code-mod-example/code-mod-framework/lib/libnx_min/nx/lib\libnx_min.a(fs_dev.o)
                0x0000000000007920                fsdevSetArchiveBit
 *fill*         0x0000000000007988        0x8 
 .text.fsdevCreateFile
                0x0000000000007990       0x88 C:/Users/oukeh/OneDrive/桌面/code-mod-example/code-mod-framework/lib/libnx_min/nx/lib\libnx_min.a(fs_dev.o)
                0x0000000000007990                fsdevCreateFile
 *fill*         0x0000000000007a18        0x8 
 .text.fsdevDeleteDirectoryRecursively
                0x0000000000007a20       0x68 C:/Users/oukeh/OneDrive/桌面/code-mod-example/code-mod-framework/lib/libnx_min/nx/lib\libnx_min.a(fs_dev.o)
                0x0000000000007a20                fsdevDeleteDirectoryRecursively
 *fill*         0x0000000000007a88        0x8 
 .text.fsdevMountSdmc
                0x0000000000007a90      0x170 C:/Users/oukeh/OneDrive/桌面/code-mod-example/code-mod-framework/lib/libnx_min/nx/lib\libnx_min.a(fs_dev.o)
                0x0000000000007a90                fsdevMountSdmc
 .text.fsdevUnmountAll
                0x0000000000007c00       0x64 C:/Users/oukeh/OneDrive/桌面/code-mod-example/code-mod-framework/lib/libnx_min/nx/lib\libnx_min.a(fs_dev.o)
                0x0000000000007c00                fsdevUnmountAll
 *fill*         0x0000000000007c64        0xc 
 .text.fsdevGetDeviceFileSystem
                0x0000000000007c70       0x20 C:/Users/oukeh/OneDrive/桌面/code-mod-example/code-mod-framework/lib/libnx_min/nx/lib\libnx_min.a(fs_dev.o)
                0x0000000000007c70                fsdevGetDeviceFileSystem
 .text.fsdevGetDefaultFileSystem
                0x0000000000007c90       0x40 C:/Users/oukeh/OneDrive/桌面/code-mod-example/code-mod-framework/lib/libnx_min/nx/lib\libnx_min.a(fs_dev.o)
                0x0000000000007c90                fsdevGetDefaultFileSystem
 .text.fsdevTranslatePath
                0x0000000000007cd0       0x58 C:/Users/oukeh/OneDrive/桌面/code-mod-example/code-mod-framework/lib/libnx_min/nx/lib\libnx_min.a(fs_dev.o)
                0x0000000000007cd0                fsdevTranslatePath
 *fill*         0x0000000000007d28        0x8 
 .text.fsdev_getmtime
                0x0000000000007d30       0x20 C:/Users/oukeh/OneDrive/桌面/code-mod-example/code-mod-framework/lib/libnx_min/nx/lib\libnx_min.a(fs_dev.o)
                0x0000000000007d30                fsdev_getmtime
 .text.fsdevGetLastResult
                0x0000000000007d50       0x20 C:/Users/oukeh/OneDrive/桌面/code-mod-example/code-mod-framework/lib/libnx_min/nx/lib\libnx_min.a(fs_dev.o)
                0x0000000000007d50                fsdevGetLastResult
 .text.decode_utf8
                0x0000000000007d70      0x12c C:/Users/oukeh/OneDrive/桌面/code-mod-example/code-mod-framework/lib/libnx_min/nx/lib\libnx_min.a(decode_utf8.o)
                0x0000000000007d70                decode_utf8
 .text.svcSetHeapSize
                0x0000000000007e9c       0x14 C:/Users/oukeh/OneDrive/桌面/code-mod-example/code-mod-framework/lib/libnx_min/nx/lib\libnx_min.a(svc.o)
                0x0000000000007e9c                svcSetHeapSize
 .text.svcSetMemoryPermission
                0x0000000000007eb0        0x8 C:/Users/oukeh/OneDrive/桌面/code-mod-example/code-mod-framework/lib/libnx_min/nx/lib\libnx_min.a(svc.o)
                0x0000000000007eb0                svcSetMemoryPermission
 .text.svcSetMemoryAttribute
                0x0000000000007eb8        0x8 C:/Users/oukeh/OneDrive/桌面/code-mod-example/code-mod-framework/lib/libnx_min/nx/lib\libnx_min.a(svc.o)
                0x0000000000007eb8                svcSetMemoryAttribute
 .text.svcMapMemory
                0x0000000000007ec0        0x8 C:/Users/oukeh/OneDrive/桌面/code-mod-example/code-mod-framework/lib/libnx_min/nx/lib\libnx_min.a(svc.o)
                0x0000000000007ec0                svcMapMemory
 .text.svcUnmapMemory
                0x0000000000007ec8        0x8 C:/Users/oukeh/OneDrive/桌面/code-mod-example/code-mod-framework/lib/libnx_min/nx/lib\libnx_min.a(svc.o)
                0x0000000000007ec8                svcUnmapMemory
 .text.svcQueryMemory
                0x0000000000007ed0       0x14 C:/Users/oukeh/OneDrive/桌面/code-mod-example/code-mod-framework/lib/libnx_min/nx/lib\libnx_min.a(svc.o)
                0x0000000000007ed0                svcQueryMemory
 .text.svcExitProcess
                0x0000000000007ee4        0x8 C:/Users/oukeh/OneDrive/桌面/code-mod-example/code-mod-framework/lib/libnx_min/nx/lib\libnx_min.a(svc.o)
                0x0000000000007ee4                svcExitProcess
 .text.svcCreateThread
                0x0000000000007eec       0x14 C:/Users/oukeh/OneDrive/桌面/code-mod-example/code-mod-framework/lib/libnx_min/nx/lib\libnx_min.a(svc.o)
                0x0000000000007eec                svcCreateThread
 .text.svcStartThread
                0x0000000000007f00        0x8 C:/Users/oukeh/OneDrive/桌面/code-mod-example/code-mod-framework/lib/libnx_min/nx/lib\libnx_min.a(svc.o)
                0x0000000000007f00                svcStartThread
 .text.svcExitThread
                0x0000000000007f08        0x8 C:/Users/oukeh/OneDrive/桌面/code-mod-example/code-mod-framework/lib/libnx_min/nx/lib\libnx_min.a(svc.o)
                0x0000000000007f08                svcExitThread
 .text.svcSleepThread
                0x0000000000007f10        0x8 C:/Users/oukeh/OneDrive/桌面/code-mod-example/code-mod-framework/lib/libnx_min/nx/lib\libnx_min.a(svc.o)
                0x0000000000007f10                svcSleepThread
 .text.svcGetThreadPriority
                0x0000000000007f18       0x14 C:/Users/oukeh/OneDrive/桌面/code-mod-example/code-mod-framework/lib/libnx_min/nx/lib\libnx_min.a(svc.o)
                0x0000000000007f18                svcGetThreadPriority
 .text.svcSetThreadPriority
                0x0000000000007f2c        0x8 C:/Users/oukeh/OneDrive/桌面/code-mod-example/code-mod-framework/lib/libnx_min/nx/lib\libnx_min.a(svc.o)
                0x0000000000007f2c                svcSetThreadPriority
 .text.svcGetThreadCoreMask
                0x0000000000007f34       0x18 C:/Users/oukeh/OneDrive/桌面/code-mod-example/code-mod-framework/lib/libnx_min/nx/lib\libnx_min.a(svc.o)
                0x0000000000007f34                svcGetThreadCoreMask
 .text.svcSetThreadCoreMask
                0x0000000000007f4c        0x8 C:/Users/oukeh/OneDrive/桌面/code-mod-example/code-mod-framework/lib/libnx_min/nx/lib\libnx_min.a(svc.o)
                0x0000000000007f4c                svcSetThreadCoreMask
 .text.svcGetCurrentProcessorNumber
                0x0000000000007f54        0x8 C:/Users/oukeh/OneDrive/桌面/code-mod-example/code-mod-framework/lib/libnx_min/nx/lib\libnx_min.a(svc.o)
                0x0000000000007f54                svcGetCurrentProcessorNumber
 .text.svcSignalEvent
                0x0000000000007f5c        0x8 C:/Users/oukeh/OneDrive/桌面/code-mod-example/code-mod-framework/lib/libnx_min/nx/lib\libnx_min.a(svc.o)
                0x0000000000007f5c                svcSignalEvent
 .text.svcClearEvent
                0x0000000000007f64        0x8 C:/Users/oukeh/OneDrive/桌面/code-mod-example/code-mod-framework/lib/libnx_min/nx/lib\libnx_min.a(svc.o)
                0x0000000000007f64                svcClearEvent
 .text.svcMapSharedMemory
                0x0000000000007f6c        0x8 C:/Users/oukeh/OneDrive/桌面/code-mod-example/code-mod-framework/lib/libnx_min/nx/lib\libnx_min.a(svc.o)
                0x0000000000007f6c                svcMapSharedMemory
 .text.svcUnmapSharedMemory
                0x0000000000007f74        0x8 C:/Users/oukeh/OneDrive/桌面/code-mod-example/code-mod-framework/lib/libnx_min/nx/lib\libnx_min.a(svc.o)
                0x0000000000007f74                svcUnmapSharedMemory
 .text.svcCreateTransferMemory
                0x0000000000007f7c       0x14 C:/Users/oukeh/OneDrive/桌面/code-mod-example/code-mod-framework/lib/libnx_min/nx/lib\libnx_min.a(svc.o)
                0x0000000000007f7c                svcCreateTransferMemory
 .text.svcCloseHandle
                0x0000000000007f90        0x8 C:/Users/oukeh/OneDrive/桌面/code-mod-example/code-mod-framework/lib/libnx_min/nx/lib\libnx_min.a(svc.o)
                0x0000000000007f90                svcCloseHandle
 .text.svcResetSignal
                0x0000000000007f98        0x8 C:/Users/oukeh/OneDrive/桌面/code-mod-example/code-mod-framework/lib/libnx_min/nx/lib\libnx_min.a(svc.o)
                0x0000000000007f98                svcResetSignal
 .text.svcWaitSynchronization
                0x0000000000007fa0       0x14 C:/Users/oukeh/OneDrive/桌面/code-mod-example/code-mod-framework/lib/libnx_min/nx/lib\libnx_min.a(svc.o)
                0x0000000000007fa0                svcWaitSynchronization
 .text.svcCancelSynchronization
                0x0000000000007fb4        0x8 C:/Users/oukeh/OneDrive/桌面/code-mod-example/code-mod-framework/lib/libnx_min/nx/lib\libnx_min.a(svc.o)
                0x0000000000007fb4                svcCancelSynchronization
 .text.svcArbitrateLock
                0x0000000000007fbc        0x8 C:/Users/oukeh/OneDrive/桌面/code-mod-example/code-mod-framework/lib/libnx_min/nx/lib\libnx_min.a(svc.o)
                0x0000000000007fbc                svcArbitrateLock
 .text.svcArbitrateUnlock
                0x0000000000007fc4        0x8 C:/Users/oukeh/OneDrive/桌面/code-mod-example/code-mod-framework/lib/libnx_min/nx/lib\libnx_min.a(svc.o)
                0x0000000000007fc4                svcArbitrateUnlock
 .text.svcWaitProcessWideKeyAtomic
                0x0000000000007fcc        0x8 C:/Users/oukeh/OneDrive/桌面/code-mod-example/code-mod-framework/lib/libnx_min/nx/lib\libnx_min.a(svc.o)
                0x0000000000007fcc                svcWaitProcessWideKeyAtomic
 .text.svcSignalProcessWideKey
                0x0000000000007fd4        0x8 C:/Users/oukeh/OneDrive/桌面/code-mod-example/code-mod-framework/lib/libnx_min/nx/lib\libnx_min.a(svc.o)
                0x0000000000007fd4                svcSignalProcessWideKey
 .text.svcGetSystemTick
                0x0000000000007fdc        0x8 C:/Users/oukeh/OneDrive/桌面/code-mod-example/code-mod-framework/lib/libnx_min/nx/lib\libnx_min.a(svc.o)
                0x0000000000007fdc                svcGetSystemTick
 .text.svcConnectToNamedPort
                0x0000000000007fe4       0x14 C:/Users/oukeh/OneDrive/桌面/code-mod-example/code-mod-framework/lib/libnx_min/nx/lib\libnx_min.a(svc.o)
                0x0000000000007fe4                svcConnectToNamedPort
 .text.svcSendSyncRequest
                0x0000000000007ff8        0x8 C:/Users/oukeh/OneDrive/桌面/code-mod-example/code-mod-framework/lib/libnx_min/nx/lib\libnx_min.a(svc.o)
                0x0000000000007ff8                svcSendSyncRequest
 .text.svcSendSyncRequestWithUserBuffer
                0x0000000000008000        0x8 C:/Users/oukeh/OneDrive/桌面/code-mod-example/code-mod-framework/lib/libnx_min/nx/lib\libnx_min.a(svc.o)
                0x0000000000008000                svcSendSyncRequestWithUserBuffer
 .text.svcSendAsyncRequestWithUserBuffer
                0x0000000000008008       0x14 C:/Users/oukeh/OneDrive/桌面/code-mod-example/code-mod-framework/lib/libnx_min/nx/lib\libnx_min.a(svc.o)
                0x0000000000008008                svcSendAsyncRequestWithUserBuffer
 .text.svcGetProcessId
                0x000000000000801c       0x14 C:/Users/oukeh/OneDrive/桌面/code-mod-example/code-mod-framework/lib/libnx_min/nx/lib\libnx_min.a(svc.o)
                0x000000000000801c                svcGetProcessId
 .text.svcGetThreadId
                0x0000000000008030       0x14 C:/Users/oukeh/OneDrive/桌面/code-mod-example/code-mod-framework/lib/libnx_min/nx/lib\libnx_min.a(svc.o)
                0x0000000000008030                svcGetThreadId
 .text.svcBreak
                0x0000000000008044        0x8 C:/Users/oukeh/OneDrive/桌面/code-mod-example/code-mod-framework/lib/libnx_min/nx/lib\libnx_min.a(svc.o)
                0x0000000000008044                svcBreak
 .text.svcOutputDebugString
                0x000000000000804c        0x8 C:/Users/oukeh/OneDrive/桌面/code-mod-example/code-mod-framework/lib/libnx_min/nx/lib\libnx_min.a(svc.o)
                0x000000000000804c                svcOutputDebugString
 .text.svcReturnFromException
                0x0000000000008054        0x8 C:/Users/oukeh/OneDrive/桌面/code-mod-example/code-mod-framework/lib/libnx_min/nx/lib\libnx_min.a(svc.o)
                0x0000000000008054                svcReturnFromException
 .text.svcGetInfo
                0x000000000000805c       0x14 C:/Users/oukeh/OneDrive/桌面/code-mod-example/code-mod-framework/lib/libnx_min/nx/lib\libnx_min.a(svc.o)
                0x000000000000805c                svcGetInfo
 .text.svcMapPhysicalMemory
                0x0000000000008070        0x8 C:/Users/oukeh/OneDrive/桌面/code-mod-example/code-mod-framework/lib/libnx_min/nx/lib\libnx_min.a(svc.o)
                0x0000000000008070                svcMapPhysicalMemory
 .text.svcUnmapPhysicalMemory
                0x0000000000008078        0x8 C:/Users/oukeh/OneDrive/桌面/code-mod-example/code-mod-framework/lib/libnx_min/nx/lib\libnx_min.a(svc.o)
                0x0000000000008078                svcUnmapPhysicalMemory
 .text.svcGetResourceLimitLimitValue
                0x0000000000008080       0x14 C:/Users/oukeh/OneDrive/桌面/code-mod-example/code-mod-framework/lib/libnx_min/nx/lib\libnx_min.a(svc.o)
                0x0000000000008080                svcGetResourceLimitLimitValue
 .text.svcGetResourceLimitCurrentValue
                0x0000000000008094       0x14 C:/Users/oukeh/OneDrive/桌面/code-mod-example/code-mod-framework/lib/libnx_min/nx/lib\libnx_min.a(svc.o)
                0x0000000000008094                svcGetResourceLimitCurrentValue
 .text.svcSetThreadActivity
                0x00000000000080a8        0x8 C:/Users/oukeh/OneDrive/桌面/code-mod-example/code-mod-framework/lib/libnx_min/nx/lib\libnx_min.a(svc.o)
                0x00000000000080a8                svcSetThreadActivity
 .text.svcGetThreadContext3
                0x00000000000080b0        0x8 C:/Users/oukeh/OneDrive/桌面/code-mod-example/code-mod-framework/lib/libnx_min/nx/lib\libnx_min.a(svc.o)
                0x00000000000080b0                svcGetThreadContext3
 .text.svcCreateSession
                0x00000000000080b8       0x18 C:/Users/oukeh/OneDrive/桌面/code-mod-example/code-mod-framework/lib/libnx_min/nx/lib\libnx_min.a(svc.o)
                0x00000000000080b8                svcCreateSession
 .text.svcAcceptSession
                0x00000000000080d0       0x14 C:/Users/oukeh/OneDrive/桌面/code-mod-example/code-mod-framework/lib/libnx_min/nx/lib\libnx_min.a(svc.o)
                0x00000000000080d0                svcAcceptSession
 .text.svcReplyAndReceive
                0x00000000000080e4       0x14 C:/Users/oukeh/OneDrive/桌面/code-mod-example/code-mod-framework/lib/libnx_min/nx/lib\libnx_min.a(svc.o)
                0x00000000000080e4                svcReplyAndReceive
 .text.svcReplyAndReceiveWithUserBuffer
                0x00000000000080f8       0x14 C:/Users/oukeh/OneDrive/桌面/code-mod-example/code-mod-framework/lib/libnx_min/nx/lib\libnx_min.a(svc.o)
                0x00000000000080f8                svcReplyAndReceiveWithUserBuffer
 .text.svcCreateEvent
                0x000000000000810c       0x18 C:/Users/oukeh/OneDrive/桌面/code-mod-example/code-mod-framework/lib/libnx_min/nx/lib\libnx_min.a(svc.o)
                0x000000000000810c                svcCreateEvent
 .text.svcMapPhysicalMemoryUnsafe
                0x0000000000008124        0x8 C:/Users/oukeh/OneDrive/桌面/code-mod-example/code-mod-framework/lib/libnx_min/nx/lib\libnx_min.a(svc.o)
                0x0000000000008124                svcMapPhysicalMemoryUnsafe
 .text.svcUnmapPhysicalMemoryUnsafe
                0x000000000000812c        0x8 C:/Users/oukeh/OneDrive/桌面/code-mod-example/code-mod-framework/lib/libnx_min/nx/lib\libnx_min.a(svc.o)
                0x000000000000812c                svcUnmapPhysicalMemoryUnsafe
 .text.svcSetUnsafeLimit
                0x0000000000008134        0x8 C:/Users/oukeh/OneDrive/桌面/code-mod-example/code-mod-framework/lib/libnx_min/nx/lib\libnx_min.a(svc.o)
                0x0000000000008134                svcSetUnsafeLimit
 .text.svcCreateCodeMemory
                0x000000000000813c       0x14 C:/Users/oukeh/OneDrive/桌面/code-mod-example/code-mod-framework/lib/libnx_min/nx/lib\libnx_min.a(svc.o)
                0x000000000000813c                svcCreateCodeMemory
 .text.svcControlCodeMemory
                0x0000000000008150        0x8 C:/Users/oukeh/OneDrive/桌面/code-mod-example/code-mod-framework/lib/libnx_min/nx/lib\libnx_min.a(svc.o)
                0x0000000000008150                svcControlCodeMemory
 .text.svcReadWriteRegister
                0x0000000000008158       0x14 C:/Users/oukeh/OneDrive/桌面/code-mod-example/code-mod-framework/lib/libnx_min/nx/lib\libnx_min.a(svc.o)
                0x0000000000008158                svcReadWriteRegister
 .text.svcCreateSharedMemory
                0x000000000000816c       0x14 C:/Users/oukeh/OneDrive/桌面/code-mod-example/code-mod-framework/lib/libnx_min/nx/lib\libnx_min.a(svc.o)
                0x000000000000816c                svcCreateSharedMemory
 .text.svcMapTransferMemory
                0x0000000000008180        0x8 C:/Users/oukeh/OneDrive/桌面/code-mod-example/code-mod-framework/lib/libnx_min/nx/lib\libnx_min.a(svc.o)
                0x0000000000008180                svcMapTransferMemory
 .text.svcUnmapTransferMemory
                0x0000000000008188        0x8 C:/Users/oukeh/OneDrive/桌面/code-mod-example/code-mod-framework/lib/libnx_min/nx/lib\libnx_min.a(svc.o)
                0x0000000000008188                svcUnmapTransferMemory
 .text.svcCreateInterruptEvent
                0x0000000000008190       0x14 C:/Users/oukeh/OneDrive/桌面/code-mod-example/code-mod-framework/lib/libnx_min/nx/lib\libnx_min.a(svc.o)
                0x0000000000008190                svcCreateInterruptEvent
 .text.svcQueryPhysicalAddress
                0x00000000000081a4       0x18 C:/Users/oukeh/OneDrive/桌面/code-mod-example/code-mod-framework/lib/libnx_min/nx/lib\libnx_min.a(svc.o)
                0x00000000000081a4                svcQueryPhysicalAddress
 .text.svcQueryIoMapping
                0x00000000000081bc       0x14 C:/Users/oukeh/OneDrive/桌面/code-mod-example/code-mod-framework/lib/libnx_min/nx/lib\libnx_min.a(svc.o)
                0x00000000000081bc                svcQueryIoMapping
 .text.svcCreateDeviceAddressSpace
                0x00000000000081d0       0x14 C:/Users/oukeh/OneDrive/桌面/code-mod-example/code-mod-framework/lib/libnx_min/nx/lib\libnx_min.a(svc.o)
                0x00000000000081d0                svcCreateDeviceAddressSpace
 .text.svcAttachDeviceAddressSpace
                0x00000000000081e4        0x8 C:/Users/oukeh/OneDrive/桌面/code-mod-example/code-mod-framework/lib/libnx_min/nx/lib\libnx_min.a(svc.o)
                0x00000000000081e4                svcAttachDeviceAddressSpace
 .text.svcDetachDeviceAddressSpace
                0x00000000000081ec        0x8 C:/Users/oukeh/OneDrive/桌面/code-mod-example/code-mod-framework/lib/libnx_min/nx/lib\libnx_min.a(svc.o)
                0x00000000000081ec                svcDetachDeviceAddressSpace
 .text.svcMapDeviceAddressSpaceByForce
                0x00000000000081f4        0x8 C:/Users/oukeh/OneDrive/桌面/code-mod-example/code-mod-framework/lib/libnx_min/nx/lib\libnx_min.a(svc.o)
                0x00000000000081f4                svcMapDeviceAddressSpaceByForce
 .text.svcMapDeviceAddressSpaceAligned
                0x00000000000081fc        0x8 C:/Users/oukeh/OneDrive/桌面/code-mod-example/code-mod-framework/lib/libnx_min/nx/lib\libnx_min.a(svc.o)
                0x00000000000081fc                svcMapDeviceAddressSpaceAligned
 .text.svcUnmapDeviceAddressSpace
                0x0000000000008204        0x8 C:/Users/oukeh/OneDrive/桌面/code-mod-example/code-mod-framework/lib/libnx_min/nx/lib\libnx_min.a(svc.o)
                0x0000000000008204                svcUnmapDeviceAddressSpace
 .text.svcDebugActiveProcess
                0x000000000000820c       0x14 C:/Users/oukeh/OneDrive/桌面/code-mod-example/code-mod-framework/lib/libnx_min/nx/lib\libnx_min.a(svc.o)
                0x000000000000820c                svcDebugActiveProcess
 .text.svcBreakDebugProcess
                0x0000000000008220        0x8 C:/Users/oukeh/OneDrive/桌面/code-mod-example/code-mod-framework/lib/libnx_min/nx/lib\libnx_min.a(svc.o)
                0x0000000000008220                svcBreakDebugProcess
 .text.svcTerminateDebugProcess
                0x0000000000008228        0x8 C:/Users/oukeh/OneDrive/桌面/code-mod-example/code-mod-framework/lib/libnx_min/nx/lib\libnx_min.a(svc.o)
                0x0000000000008228                svcTerminateDebugProcess
 .text.svcGetDebugEvent
                0x0000000000008230        0x8 C:/Users/oukeh/OneDrive/桌面/code-mod-example/code-mod-framework/lib/libnx_min/nx/lib\libnx_min.a(svc.o)
                0x0000000000008230                svcGetDebugEvent
 .text.svcLegacyContinueDebugEvent
                0x0000000000008238        0x8 C:/Users/oukeh/OneDrive/桌面/code-mod-example/code-mod-framework/lib/libnx_min/nx/lib\libnx_min.a(svc.o)
                0x0000000000008238                svcLegacyContinueDebugEvent
 .text.svcContinueDebugEvent
                0x0000000000008240        0x8 C:/Users/oukeh/OneDrive/桌面/code-mod-example/code-mod-framework/lib/libnx_min/nx/lib\libnx_min.a(svc.o)
                0x0000000000008240                svcContinueDebugEvent
 .text.svcGetProcessList
                0x0000000000008248       0x14 C:/Users/oukeh/OneDrive/桌面/code-mod-example/code-mod-framework/lib/libnx_min/nx/lib\libnx_min.a(svc.o)
                0x0000000000008248                svcGetProcessList
 .text.svcGetThreadList
                0x000000000000825c       0x14 C:/Users/oukeh/OneDrive/桌面/code-mod-example/code-mod-framework/lib/libnx_min/nx/lib\libnx_min.a(svc.o)
                0x000000000000825c                svcGetThreadList
 .text.svcGetDebugThreadContext
                0x0000000000008270        0x8 C:/Users/oukeh/OneDrive/桌面/code-mod-example/code-mod-framework/lib/libnx_min/nx/lib\libnx_min.a(svc.o)
                0x0000000000008270                svcGetDebugThreadContext
 .text.svcSetDebugThreadContext
                0x0000000000008278        0x8 C:/Users/oukeh/OneDrive/桌面/code-mod-example/code-mod-framework/lib/libnx_min/nx/lib\libnx_min.a(svc.o)
                0x0000000000008278                svcSetDebugThreadContext
 .text.svcQueryDebugProcessMemory
                0x0000000000008280       0x14 C:/Users/oukeh/OneDrive/桌面/code-mod-example/code-mod-framework/lib/libnx_min/nx/lib\libnx_min.a(svc.o)
                0x0000000000008280                svcQueryDebugProcessMemory
 .text.svcReadDebugProcessMemory
                0x0000000000008294        0x8 C:/Users/oukeh/OneDrive/桌面/code-mod-example/code-mod-framework/lib/libnx_min/nx/lib\libnx_min.a(svc.o)
                0x0000000000008294                svcReadDebugProcessMemory
 .text.svcWriteDebugProcessMemory
                0x000000000000829c        0x8 C:/Users/oukeh/OneDrive/桌面/code-mod-example/code-mod-framework/lib/libnx_min/nx/lib\libnx_min.a(svc.o)
                0x000000000000829c                svcWriteDebugProcessMemory
 .text.svcGetDebugThreadParam
                0x00000000000082a4       0x18 C:/Users/oukeh/OneDrive/桌面/code-mod-example/code-mod-framework/lib/libnx_min/nx/lib\libnx_min.a(svc.o)
                0x00000000000082a4                svcGetDebugThreadParam
 .text.svcGetSystemInfo
                0x00000000000082bc       0x14 C:/Users/oukeh/OneDrive/桌面/code-mod-example/code-mod-framework/lib/libnx_min/nx/lib\libnx_min.a(svc.o)
                0x00000000000082bc                svcGetSystemInfo
 .text.svcCreatePort
                0x00000000000082d0       0x18 C:/Users/oukeh/OneDrive/桌面/code-mod-example/code-mod-framework/lib/libnx_min/nx/lib\libnx_min.a(svc.o)
                0x00000000000082d0                svcCreatePort
 .text.svcManageNamedPort
                0x00000000000082e8       0x14 C:/Users/oukeh/OneDrive/桌面/code-mod-example/code-mod-framework/lib/libnx_min/nx/lib\libnx_min.a(svc.o)
                0x00000000000082e8                svcManageNamedPort
 .text.svcConnectToPort
                0x00000000000082fc       0x14 C:/Users/oukeh/OneDrive/桌面/code-mod-example/code-mod-framework/lib/libnx_min/nx/lib\libnx_min.a(svc.o)
                0x00000000000082fc                svcConnectToPort
 .text.svcSetProcessMemoryPermission
                0x0000000000008310        0x8 C:/Users/oukeh/OneDrive/桌面/code-mod-example/code-mod-framework/lib/libnx_min/nx/lib\libnx_min.a(svc.o)
                0x0000000000008310                svcSetProcessMemoryPermission
 .text.svcMapProcessMemory
                0x0000000000008318        0x8 C:/Users/oukeh/OneDrive/桌面/code-mod-example/code-mod-framework/lib/libnx_min/nx/lib\libnx_min.a(svc.o)
                0x0000000000008318                svcMapProcessMemory
 .text.svcUnmapProcessMemory
                0x0000000000008320        0x8 C:/Users/oukeh/OneDrive/桌面/code-mod-example/code-mod-framework/lib/libnx_min/nx/lib\libnx_min.a(svc.o)
                0x0000000000008320                svcUnmapProcessMemory
 .text.svcQueryProcessMemory
                0x0000000000008328       0x14 C:/Users/oukeh/OneDrive/桌面/code-mod-example/code-mod-framework/lib/libnx_min/nx/lib\libnx_min.a(svc.o)
                0x0000000000008328                svcQueryProcessMemory
 .text.svcMapProcessCodeMemory
                0x000000000000833c        0x8 C:/Users/oukeh/OneDrive/桌面/code-mod-example/code-mod-framework/lib/libnx_min/nx/lib\libnx_min.a(svc.o)
                0x000000000000833c                svcMapProcessCodeMemory
 .text.svcUnmapProcessCodeMemory
                0x0000000000008344        0x8 C:/Users/oukeh/OneDrive/桌面/code-mod-example/code-mod-framework/lib/libnx_min/nx/lib\libnx_min.a(svc.o)
                0x0000000000008344                svcUnmapProcessCodeMemory
 .text.svcCreateProcess
                0x000000000000834c       0x14 C:/Users/oukeh/OneDrive/桌面/code-mod-example/code-mod-framework/lib/libnx_min/nx/lib\libnx_min.a(svc.o)
                0x000000000000834c                svcCreateProcess
 .text.svcStartProcess
                0x0000000000008360        0x8 C:/Users/oukeh/OneDrive/桌面/code-mod-example/code-mod-framework/lib/libnx_min/nx/lib\libnx_min.a(svc.o)
                0x0000000000008360                svcStartProcess
 .text.svcTerminateProcess
                0x0000000000008368        0x8 C:/Users/oukeh/OneDrive/桌面/code-mod-example/code-mod-framework/lib/libnx_min/nx/lib\libnx_min.a(svc.o)
                0x0000000000008368                svcTerminateProcess
 .text.svcGetProcessInfo
                0x0000000000008370       0x14 C:/Users/oukeh/OneDrive/桌面/code-mod-example/code-mod-framework/lib/libnx_min/nx/lib\libnx_min.a(svc.o)
                0x0000000000008370                svcGetProcessInfo
 .text.svcCreateResourceLimit
                0x0000000000008384       0x14 C:/Users/oukeh/OneDrive/桌面/code-mod-example/code-mod-framework/lib/libnx_min/nx/lib\libnx_min.a(svc.o)
                0x0000000000008384                svcCreateResourceLimit
 .text.svcSetResourceLimitLimitValue
                0x0000000000008398        0x8 C:/Users/oukeh/OneDrive/桌面/code-mod-example/code-mod-framework/lib/libnx_min/nx/lib\libnx_min.a(svc.o)
                0x0000000000008398                svcSetResourceLimitLimitValue
 .text.svcCallSecureMonitor
                0x00000000000083a0       0x34 C:/Users/oukeh/OneDrive/桌面/code-mod-example/code-mod-framework/lib/libnx_min/nx/lib\libnx_min.a(svc.o)
                0x00000000000083a0                svcCallSecureMonitor
 .text.__aarch64_read_tp
                0x00000000000083d4        0xc C:/Users/oukeh/OneDrive/桌面/code-mod-example/code-mod-framework/lib/libnx_min/nx/lib\libnx_min.a(readtp.o)
                0x00000000000083d4                __aarch64_read_tp
 .text._GetRegionFromInfo.isra.1
                0x00000000000083e0       0x7c C:/Users/oukeh/OneDrive/桌面/code-mod-example/code-mod-framework/lib/libnx_min/nx/lib\libnx_min.a(virtmem.o)
 *fill*         0x000000000000845c        0x4 
 .text.virtmemSetup
                0x0000000000008460      0x114 C:/Users/oukeh/OneDrive/桌面/code-mod-example/code-mod-framework/lib/libnx_min/nx/lib\libnx_min.a(virtmem.o)
                0x0000000000008460                virtmemSetup
 *fill*         0x0000000000008574        0xc 
 .text.virtmemReserve
                0x0000000000008580      0x13c C:/Users/oukeh/OneDrive/桌面/code-mod-example/code-mod-framework/lib/libnx_min/nx/lib\libnx_min.a(virtmem.o)
                0x0000000000008580                virtmemReserve
 *fill*         0x00000000000086bc        0x4 
 .text.virtmemFree
                0x00000000000086c0        0x4 C:/Users/oukeh/OneDrive/桌面/code-mod-example/code-mod-framework/lib/libnx_min/nx/lib\libnx_min.a(virtmem.o)
                0x00000000000086c0                virtmemFree
 *fill*         0x00000000000086c4        0xc 
 .text.virtmemReserveStack
                0x00000000000086d0       0xc8 C:/Users/oukeh/OneDrive/桌面/code-mod-example/code-mod-framework/lib/libnx_min/nx/lib\libnx_min.a(virtmem.o)
                0x00000000000086d0                virtmemReserveStack
 *fill*         0x0000000000008798        0x8 
 .text.virtmemFreeStack
                0x00000000000087a0        0x4 C:/Users/oukeh/OneDrive/桌面/code-mod-example/code-mod-framework/lib/libnx_min/nx/lib\libnx_min.a(virtmem.o)
                0x00000000000087a0                virtmemFreeStack
 *fill*         0x00000000000087a4        0xc 
 .text.mutexLock
                0x00000000000087b0       0x8c C:/Users/oukeh/OneDrive/桌面/code-mod-example/code-mod-framework/lib/libnx_min/nx/lib\libnx_min.a(mutex.o)
                0x00000000000087b0                mutexLock
 *fill*         0x000000000000883c        0x4 
 .text.mutexTryLock
                0x0000000000008840       0x34 C:/Users/oukeh/OneDrive/桌面/code-mod-example/code-mod-framework/lib/libnx_min/nx/lib\libnx_min.a(mutex.o)
                0x0000000000008840                mutexTryLock
 *fill*         0x0000000000008874        0xc 
 .text.mutexUnlock
                0x0000000000008880       0x30 C:/Users/oukeh/OneDrive/桌面/code-mod-example/code-mod-framework/lib/libnx_min/nx/lib\libnx_min.a(mutex.o)
                0x0000000000008880                mutexUnlock
 .text.rmutexLock
                0x00000000000088b0       0x4c C:/Users/oukeh/OneDrive/桌面/code-mod-example/code-mod-framework/lib/libnx_min/nx/lib\libnx_min.a(mutex.o)
                0x00000000000088b0                rmutexLock
 *fill*         0x00000000000088fc        0x4 
 .text.rmutexTryLock
                0x0000000000008900       0x5c C:/Users/oukeh/OneDrive/桌面/code-mod-example/code-mod-framework/lib/libnx_min/nx/lib\libnx_min.a(mutex.o)
                0x0000000000008900                rmutexTryLock
 *fill*         0x000000000000895c        0x4 
 .text.rmutexUnlock
                0x0000000000008960       0x1c C:/Users/oukeh/OneDrive/桌面/code-mod-example/code-mod-framework/lib/libnx_min/nx/lib\libnx_min.a(mutex.o)
                0x0000000000008960                rmutexUnlock
 *fill*         0x000000000000897c        0x4 
 .text.ipcPrepareHeader
                0x0000000000008980      0x220 C:/Users/oukeh/OneDrive/桌面/code-mod-example/code-mod-framework/lib/libnx_min/nx/lib\libnx_min.a(fs.o)
 .text.ipcParse
                0x0000000000008ba0      0x22c C:/Users/oukeh/OneDrive/桌面/code-mod-example/code-mod-framework/lib/libnx_min/nx/lib\libnx_min.a(fs.o)
 *fill*         0x0000000000008dcc        0x4 
 .text.serviceIpcParse
                0x0000000000008dd0       0xb0 C:/Users/oukeh/OneDrive/桌面/code-mod-example/code-mod-framework/lib/libnx_min/nx/lib\libnx_min.a(fs.o)
 .text.ipcCloseObjectById
                0x0000000000008e80       0x34 C:/Users/oukeh/OneDrive/桌面/code-mod-example/code-mod-framework/lib/libnx_min/nx/lib\libnx_min.a(fs.o)
 *fill*         0x0000000000008eb4        0xc 
 .text._fsDeviceOperatorCheckInserted
                0x0000000000008ec0      0x19c C:/Users/oukeh/OneDrive/桌面/code-mod-example/code-mod-framework/lib/libnx_min/nx/lib\libnx_min.a(fs.o)
 *fill*         0x000000000000905c        0x4 
 .text.fsFsQueryEntry.part.12
                0x0000000000009060      0x274 C:/Users/oukeh/OneDrive/桌面/code-mod-example/code-mod-framework/lib/libnx_min/nx/lib\libnx_min.a(fs.o)
 *fill*         0x00000000000092d4        0xc 
 .text.fsInitialize
                0x00000000000092e0      0x200 C:/Users/oukeh/OneDrive/桌面/code-mod-example/code-mod-framework/lib/libnx_min/nx/lib\libnx_min.a(fs.o)
                0x00000000000092e0                fsInitialize
 .text.fsExit   0x00000000000094e0       0x9c C:/Users/oukeh/OneDrive/桌面/code-mod-example/code-mod-framework/lib/libnx_min/nx/lib\libnx_min.a(fs.o)
                0x00000000000094e0                fsExit
 *fill*         0x000000000000957c        0x4 
 .text.fsGetServiceSession
                0x0000000000009580        0xc C:/Users/oukeh/OneDrive/桌面/code-mod-example/code-mod-framework/lib/libnx_min/nx/lib\libnx_min.a(fs.o)
                0x0000000000009580                fsGetServiceSession
 *fill*         0x000000000000958c        0x4 
 .text.fsOpenBisStorage
                0x0000000000009590      0x1ec C:/Users/oukeh/OneDrive/桌面/code-mod-example/code-mod-framework/lib/libnx_min/nx/lib\libnx_min.a(fs.o)
                0x0000000000009590                fsOpenBisStorage
 *fill*         0x000000000000977c        0x4 
 .text.fsOpenBisFileSystem
                0x0000000000009780      0x170 C:/Users/oukeh/OneDrive/桌面/code-mod-example/code-mod-framework/lib/libnx_min/nx/lib\libnx_min.a(fs.o)
                0x0000000000009780                fsOpenBisFileSystem
 .text.fsMountSdcard
                0x00000000000098f0      0x1cc C:/Users/oukeh/OneDrive/桌面/code-mod-example/code-mod-framework/lib/libnx_min/nx/lib\libnx_min.a(fs.o)
                0x00000000000098f0                fsMountSdcard
 *fill*         0x0000000000009abc        0x4 
 .text.fsMountSaveData
                0x0000000000009ac0      0x208 C:/Users/oukeh/OneDrive/桌面/code-mod-example/code-mod-framework/lib/libnx_min/nx/lib\libnx_min.a(fs.o)
                0x0000000000009ac0                fsMountSaveData
 *fill*         0x0000000000009cc8        0x8 
 .text.fsMountSystemSaveData
                0x0000000000009cd0      0x208 C:/Users/oukeh/OneDrive/桌面/code-mod-example/code-mod-framework/lib/libnx_min/nx/lib\libnx_min.a(fs.o)
                0x0000000000009cd0                fsMountSystemSaveData
 *fill*         0x0000000000009ed8        0x8 
 .text.fsOpenSaveDataIterator
                0x0000000000009ee0      0x1e0 C:/Users/oukeh/OneDrive/桌面/code-mod-example/code-mod-framework/lib/libnx_min/nx/lib\libnx_min.a(fs.o)
                0x0000000000009ee0                fsOpenSaveDataIterator
 .text.fsOpenContentStorageFileSystem
                0x000000000000a0c0      0x1d4 C:/Users/oukeh/OneDrive/桌面/code-mod-example/code-mod-framework/lib/libnx_min/nx/lib\libnx_min.a(fs.o)
                0x000000000000a0c0                fsOpenContentStorageFileSystem
 *fill*         0x000000000000a294        0xc 
 .text.fsOpenDataStorageByCurrentProcess
                0x000000000000a2a0      0x1cc C:/Users/oukeh/OneDrive/桌面/code-mod-example/code-mod-framework/lib/libnx_min/nx/lib\libnx_min.a(fs.o)
                0x000000000000a2a0                fsOpenDataStorageByCurrentProcess
 *fill*         0x000000000000a46c        0x4 
 .text.fsOpenDataStorageByDataId
                0x000000000000a470      0x200 C:/Users/oukeh/OneDrive/桌面/code-mod-example/code-mod-framework/lib/libnx_min/nx/lib\libnx_min.a(fs.o)
                0x000000000000a470                fsOpenDataStorageByDataId
 .text.fsOpenDeviceOperator
                0x000000000000a670      0x1cc C:/Users/oukeh/OneDrive/桌面/code-mod-example/code-mod-framework/lib/libnx_min/nx/lib\libnx_min.a(fs.o)
                0x000000000000a670                fsOpenDeviceOperator
 *fill*         0x000000000000a83c        0x4 
 .text.fsOpenSdCardDetectionEventNotifier
                0x000000000000a840      0x1cc C:/Users/oukeh/OneDrive/桌面/code-mod-example/code-mod-framework/lib/libnx_min/nx/lib\libnx_min.a(fs.o)
                0x000000000000a840                fsOpenSdCardDetectionEventNotifier
 *fill*         0x000000000000aa0c        0x4 
 .text.fsGetRightsIdByPath
                0x000000000000aa10      0x174 C:/Users/oukeh/OneDrive/桌面/code-mod-example/code-mod-framework/lib/libnx_min/nx/lib\libnx_min.a(fs.o)
                0x000000000000aa10                fsGetRightsIdByPath
 *fill*         0x000000000000ab84        0xc 
 .text.fsGetRightsIdAndKeyGenerationByPath
                0x000000000000ab90      0x184 C:/Users/oukeh/OneDrive/桌面/code-mod-example/code-mod-framework/lib/libnx_min/nx/lib\libnx_min.a(fs.o)
                0x000000000000ab90                fsGetRightsIdAndKeyGenerationByPath
 *fill*         0x000000000000ad14        0xc 
 .text.fsIsExFatSupported
                0x000000000000ad20      0x138 C:/Users/oukeh/OneDrive/桌面/code-mod-example/code-mod-framework/lib/libnx_min/nx/lib\libnx_min.a(fs.o)
                0x000000000000ad20                fsIsExFatSupported
 *fill*         0x000000000000ae58        0x8 
 .text.fsMount_SaveData
                0x000000000000ae60       0x3c C:/Users/oukeh/OneDrive/桌面/code-mod-example/code-mod-framework/lib/libnx_min/nx/lib\libnx_min.a(fs.o)
                0x000000000000ae60                fsMount_SaveData
 *fill*         0x000000000000ae9c        0x4 
 .text.fsMount_SystemSaveData
                0x000000000000aea0       0x30 C:/Users/oukeh/OneDrive/桌面/code-mod-example/code-mod-framework/lib/libnx_min/nx/lib\libnx_min.a(fs.o)
                0x000000000000aea0                fsMount_SystemSaveData
 .text.fsOpenFileSystemWithId
                0x000000000000aed0      0x248 C:/Users/oukeh/OneDrive/桌面/code-mod-example/code-mod-framework/lib/libnx_min/nx/lib\libnx_min.a(fs.o)
                0x000000000000aed0                fsOpenFileSystemWithId
 *fill*         0x000000000000b118        0x8 
 .text.fsOpenFileSystem
                0x000000000000b120       0x10 C:/Users/oukeh/OneDrive/桌面/code-mod-example/code-mod-framework/lib/libnx_min/nx/lib\libnx_min.a(fs.o)
                0x000000000000b120                fsOpenFileSystem
 .text.fsOpenFileSystemWithPatch
                0x000000000000b130      0x184 C:/Users/oukeh/OneDrive/桌面/code-mod-example/code-mod-framework/lib/libnx_min/nx/lib\libnx_min.a(fs.o)
                0x000000000000b130                fsOpenFileSystemWithPatch
 *fill*         0x000000000000b2b4        0xc 
 .text.fsFsCreateFile
                0x000000000000b2c0      0x1a4 C:/Users/oukeh/OneDrive/桌面/code-mod-example/code-mod-framework/lib/libnx_min/nx/lib\libnx_min.a(fs.o)
                0x000000000000b2c0                fsFsCreateFile
 *fill*         0x000000000000b464        0xc 
 .text.fsFsDeleteFile
                0x000000000000b470      0x19c C:/Users/oukeh/OneDrive/桌面/code-mod-example/code-mod-framework/lib/libnx_min/nx/lib\libnx_min.a(fs.o)
                0x000000000000b470                fsFsDeleteFile
 *fill*         0x000000000000b60c        0x4 
 .text.fsFsCreateDirectory
                0x000000000000b610      0x19c C:/Users/oukeh/OneDrive/桌面/code-mod-example/code-mod-framework/lib/libnx_min/nx/lib\libnx_min.a(fs.o)
                0x000000000000b610                fsFsCreateDirectory
 *fill*         0x000000000000b7ac        0x4 
 .text.fsFsDeleteDirectory
                0x000000000000b7b0      0x19c C:/Users/oukeh/OneDrive/桌面/code-mod-example/code-mod-framework/lib/libnx_min/nx/lib\libnx_min.a(fs.o)
                0x000000000000b7b0                fsFsDeleteDirectory
 *fill*         0x000000000000b94c        0x4 
 .text.fsFsDeleteDirectoryRecursively
                0x000000000000b950      0x19c C:/Users/oukeh/OneDrive/桌面/code-mod-example/code-mod-framework/lib/libnx_min/nx/lib\libnx_min.a(fs.o)
                0x000000000000b950                fsFsDeleteDirectoryRecursively
 *fill*         0x000000000000baec        0x4 
 .text.fsFsRenameFile
                0x000000000000baf0      0x214 C:/Users/oukeh/OneDrive/桌面/code-mod-example/code-mod-framework/lib/libnx_min/nx/lib\libnx_min.a(fs.o)
                0x000000000000baf0                fsFsRenameFile
 *fill*         0x000000000000bd04        0xc 
 .text.fsFsRenameDirectory
                0x000000000000bd10      0x214 C:/Users/oukeh/OneDrive/桌面/code-mod-example/code-mod-framework/lib/libnx_min/nx/lib\libnx_min.a(fs.o)
                0x000000000000bd10                fsFsRenameDirectory
 *fill*         0x000000000000bf24        0xc 
 .text.fsFsGetEntryType
                0x000000000000bf30      0x1b0 C:/Users/oukeh/OneDrive/桌面/code-mod-example/code-mod-framework/lib/libnx_min/nx/lib\libnx_min.a(fs.o)
                0x000000000000bf30                fsFsGetEntryType
 .text.fsFsOpenFile
                0x000000000000c0e0      0x1e4 C:/Users/oukeh/OneDrive/桌面/code-mod-example/code-mod-framework/lib/libnx_min/nx/lib\libnx_min.a(fs.o)
                0x000000000000c0e0                fsFsOpenFile
 *fill*         0x000000000000c2c4        0xc 
 .text.fsFsOpenDirectory
                0x000000000000c2d0      0x1f8 C:/Users/oukeh/OneDrive/桌面/code-mod-example/code-mod-framework/lib/libnx_min/nx/lib\libnx_min.a(fs.o)
                0x000000000000c2d0                fsFsOpenDirectory
 *fill*         0x000000000000c4c8        0x8 
 .text.fsFsCommit
                0x000000000000c4d0      0x17c C:/Users/oukeh/OneDrive/桌面/code-mod-example/code-mod-framework/lib/libnx_min/nx/lib\libnx_min.a(fs.o)
                0x000000000000c4d0                fsFsCommit
 *fill*         0x000000000000c64c        0x4 
 .text.fsFsGetFreeSpace
                0x000000000000c650      0x1b0 C:/Users/oukeh/OneDrive/桌面/code-mod-example/code-mod-framework/lib/libnx_min/nx/lib\libnx_min.a(fs.o)
                0x000000000000c650                fsFsGetFreeSpace
 .text.fsFsGetTotalSpace
                0x000000000000c800      0x1b0 C:/Users/oukeh/OneDrive/桌面/code-mod-example/code-mod-framework/lib/libnx_min/nx/lib\libnx_min.a(fs.o)
                0x000000000000c800                fsFsGetTotalSpace
 .text.fsFsCleanDirectoryRecursively
                0x000000000000c9b0      0x140 C:/Users/oukeh/OneDrive/桌面/code-mod-example/code-mod-framework/lib/libnx_min/nx/lib\libnx_min.a(fs.o)
                0x000000000000c9b0                fsFsCleanDirectoryRecursively
 .text.fsFsGetFileTimeStampRaw
                0x000000000000caf0      0x194 C:/Users/oukeh/OneDrive/桌面/code-mod-example/code-mod-framework/lib/libnx_min/nx/lib\libnx_min.a(fs.o)
                0x000000000000caf0                fsFsGetFileTimeStampRaw
 *fill*         0x000000000000cc84        0xc 
 .text.fsFsQueryEntry
                0x000000000000cc90       0x60 C:/Users/oukeh/OneDrive/桌面/code-mod-example/code-mod-framework/lib/libnx_min/nx/lib\libnx_min.a(fs.o)
                0x000000000000cc90                fsFsQueryEntry
 .text.fsFsSetArchiveBit
                0x000000000000ccf0       0x1c C:/Users/oukeh/OneDrive/桌面/code-mod-example/code-mod-framework/lib/libnx_min/nx/lib\libnx_min.a(fs.o)
                0x000000000000ccf0                fsFsSetArchiveBit
 *fill*         0x000000000000cd0c        0x4 
 .text.fsFsClose
                0x000000000000cd10       0x6c C:/Users/oukeh/OneDrive/桌面/code-mod-example/code-mod-framework/lib/libnx_min/nx/lib\libnx_min.a(fs.o)
                0x000000000000cd10                fsFsClose
 *fill*         0x000000000000cd7c        0x4 
 .text.fsFileRead
                0x000000000000cd80      0x1f8 C:/Users/oukeh/OneDrive/桌面/code-mod-example/code-mod-framework/lib/libnx_min/nx/lib\libnx_min.a(fs.o)
                0x000000000000cd80                fsFileRead
 *fill*         0x000000000000cf78        0x8 
 .text.fsFileWrite
                0x000000000000cf80      0x1cc C:/Users/oukeh/OneDrive/桌面/code-mod-example/code-mod-framework/lib/libnx_min/nx/lib\libnx_min.a(fs.o)
                0x000000000000cf80                fsFileWrite
 *fill*         0x000000000000d14c        0x4 
 .text.fsFileFlush
                0x000000000000d150      0x17c C:/Users/oukeh/OneDrive/桌面/code-mod-example/code-mod-framework/lib/libnx_min/nx/lib\libnx_min.a(fs.o)
                0x000000000000d150                fsFileFlush
 *fill*         0x000000000000d2cc        0x4 
 .text.fsFileSetSize
                0x000000000000d2d0      0x18c C:/Users/oukeh/OneDrive/桌面/code-mod-example/code-mod-framework/lib/libnx_min/nx/lib\libnx_min.a(fs.o)
                0x000000000000d2d0                fsFileSetSize
 *fill*         0x000000000000d45c        0x4 
 .text.fsFileGetSize
                0x000000000000d460      0x194 C:/Users/oukeh/OneDrive/桌面/code-mod-example/code-mod-framework/lib/libnx_min/nx/lib\libnx_min.a(fs.o)
                0x000000000000d460                fsFileGetSize
 *fill*         0x000000000000d5f4        0xc 
 .text.fsFileOperateRange
                0x000000000000d600      0x180 C:/Users/oukeh/OneDrive/桌面/code-mod-example/code-mod-framework/lib/libnx_min/nx/lib\libnx_min.a(fs.o)
                0x000000000000d600                fsFileOperateRange
 .text.fsFileClose
                0x000000000000d780       0x6c C:/Users/oukeh/OneDrive/桌面/code-mod-example/code-mod-framework/lib/libnx_min/nx/lib\libnx_min.a(fs.o)
                0x000000000000d780                fsFileClose
 *fill*         0x000000000000d7ec        0x4 
 .text.fsDirClose
                0x000000000000d7f0       0x6c C:/Users/oukeh/OneDrive/桌面/code-mod-example/code-mod-framework/lib/libnx_min/nx/lib\libnx_min.a(fs.o)
                0x000000000000d7f0                fsDirClose
 *fill*         0x000000000000d85c        0x4 
 .text.fsDirRead
                0x000000000000d860      0x1ec C:/Users/oukeh/OneDrive/桌面/code-mod-example/code-mod-framework/lib/libnx_min/nx/lib\libnx_min.a(fs.o)
                0x000000000000d860                fsDirRead
 *fill*         0x000000000000da4c        0x4 
 .text.fsDirGetEntryCount
                0x000000000000da50      0x198 C:/Users/oukeh/OneDrive/桌面/code-mod-example/code-mod-framework/lib/libnx_min/nx/lib\libnx_min.a(fs.o)
                0x000000000000da50                fsDirGetEntryCount
 *fill*         0x000000000000dbe8        0x8 
 .text.fsStorageRead
                0x000000000000dbf0      0x1d0 C:/Users/oukeh/OneDrive/桌面/code-mod-example/code-mod-framework/lib/libnx_min/nx/lib\libnx_min.a(fs.o)
                0x000000000000dbf0                fsStorageRead
 .text.fsStorageWrite
                0x000000000000ddc0      0x1d0 C:/Users/oukeh/OneDrive/桌面/code-mod-example/code-mod-framework/lib/libnx_min/nx/lib\libnx_min.a(fs.o)
                0x000000000000ddc0                fsStorageWrite
 .text.fsStorageFlush
                0x000000000000df90      0x17c C:/Users/oukeh/OneDrive/桌面/code-mod-example/code-mod-framework/lib/libnx_min/nx/lib\libnx_min.a(fs.o)
                0x000000000000df90                fsStorageFlush
 *fill*         0x000000000000e10c        0x4 
 .text.fsStorageSetSize
                0x000000000000e110      0x18c C:/Users/oukeh/OneDrive/桌面/code-mod-example/code-mod-framework/lib/libnx_min/nx/lib\libnx_min.a(fs.o)
                0x000000000000e110                fsStorageSetSize
 *fill*         0x000000000000e29c        0x4 
 .text.fsStorageGetSize
                0x000000000000e2a0      0x194 C:/Users/oukeh/OneDrive/桌面/code-mod-example/code-mod-framework/lib/libnx_min/nx/lib\libnx_min.a(fs.o)
                0x000000000000e2a0                fsStorageGetSize
 *fill*         0x000000000000e434        0xc 
 .text.fsStorageOperateRange
                0x000000000000e440      0x180 C:/Users/oukeh/OneDrive/桌面/code-mod-example/code-mod-framework/lib/libnx_min/nx/lib\libnx_min.a(fs.o)
                0x000000000000e440                fsStorageOperateRange
 .text.fsStorageClose
                0x000000000000e5c0       0x6c C:/Users/oukeh/OneDrive/桌面/code-mod-example/code-mod-framework/lib/libnx_min/nx/lib\libnx_min.a(fs.o)
                0x000000000000e5c0                fsStorageClose
 *fill*         0x000000000000e62c        0x4 
 .text.fsSaveDataIteratorRead
                0x000000000000e630      0x1d0 C:/Users/oukeh/OneDrive/桌面/code-mod-example/code-mod-framework/lib/libnx_min/nx/lib\libnx_min.a(fs.o)
                0x000000000000e630                fsSaveDataIteratorRead
 .text.fsSaveDataIteratorClose
                0x000000000000e800       0x6c C:/Users/oukeh/OneDrive/桌面/code-mod-example/code-mod-framework/lib/libnx_min/nx/lib\libnx_min.a(fs.o)
                0x000000000000e800                fsSaveDataIteratorClose
 *fill*         0x000000000000e86c        0x4 
 .text.fsEventNotifierGetEventHandle
                0x000000000000e870      0x188 C:/Users/oukeh/OneDrive/桌面/code-mod-example/code-mod-framework/lib/libnx_min/nx/lib\libnx_min.a(fs.o)
                0x000000000000e870                fsEventNotifierGetEventHandle
 *fill*         0x000000000000e9f8        0x8 
 .text.fsEventNotifierClose
                0x000000000000ea00       0x6c C:/Users/oukeh/OneDrive/桌面/code-mod-example/code-mod-framework/lib/libnx_min/nx/lib\libnx_min.a(fs.o)
                0x000000000000ea00                fsEventNotifierClose
 *fill*         0x000000000000ea6c        0x4 
 .text.fsDeviceOperatorIsSdCardInserted
                0x000000000000ea70        0xc C:/Users/oukeh/OneDrive/桌面/code-mod-example/code-mod-framework/lib/libnx_min/nx/lib\libnx_min.a(fs.o)
                0x000000000000ea70                fsDeviceOperatorIsSdCardInserted
 *fill*         0x000000000000ea7c        0x4 
 .text.fsDeviceOperatorIsGameCardInserted
                0x000000000000ea80        0xc C:/Users/oukeh/OneDrive/桌面/code-mod-example/code-mod-framework/lib/libnx_min/nx/lib\libnx_min.a(fs.o)
                0x000000000000ea80                fsDeviceOperatorIsGameCardInserted
 *fill*         0x000000000000ea8c        0x4 
 .text.fsDeviceOperatorGetGameCardHandle
                0x000000000000ea90      0x190 C:/Users/oukeh/OneDrive/桌面/code-mod-example/code-mod-framework/lib/libnx_min/nx/lib\libnx_min.a(fs.o)
                0x000000000000ea90                fsDeviceOperatorGetGameCardHandle
 .text.fsDeviceOperatorGetGameCardAttribute
                0x000000000000ec20      0x18c C:/Users/oukeh/OneDrive/桌面/code-mod-example/code-mod-framework/lib/libnx_min/nx/lib\libnx_min.a(fs.o)
                0x000000000000ec20                fsDeviceOperatorGetGameCardAttribute
 *fill*         0x000000000000edac        0x4 
 .text.fsDeviceOperatorClose
                0x000000000000edb0       0x6c C:/Users/oukeh/OneDrive/桌面/code-mod-example/code-mod-framework/lib/libnx_min/nx/lib\libnx_min.a(fs.o)
                0x000000000000edb0                fsDeviceOperatorClose
 *fill*         0x000000000000ee1c        0x4 
 .text.ipcCloseObjectById
                0x000000000000ee20       0x34 C:/Users/oukeh/OneDrive/桌面/code-mod-example/code-mod-framework/lib/libnx_min/nx/lib\libnx_min.a(set.o)
 *fill*         0x000000000000ee54        0xc 
 .text._setMakeLanguageCode
                0x000000000000ee60       0xf4 C:/Users/oukeh/OneDrive/桌面/code-mod-example/code-mod-framework/lib/libnx_min/nx/lib\libnx_min.a(set.o)
 *fill*         0x000000000000ef54        0xc 
 .text._setsysGetFirmwareVersionImpl
                0x000000000000ef60      0x1d4 C:/Users/oukeh/OneDrive/桌面/code-mod-example/code-mod-framework/lib/libnx_min/nx/lib\libnx_min.a(set.o)
 *fill*         0x000000000000f134        0xc 
 .text.setInitialize
                0x000000000000f140       0x44 C:/Users/oukeh/OneDrive/桌面/code-mod-example/code-mod-framework/lib/libnx_min/nx/lib\libnx_min.a(set.o)
                0x000000000000f140                setInitialize
 *fill*         0x000000000000f184        0xc 
 .text.setExit  0x000000000000f190       0x9c C:/Users/oukeh/OneDrive/桌面/code-mod-example/code-mod-framework/lib/libnx_min/nx/lib\libnx_min.a(set.o)
                0x000000000000f190                setExit
 *fill*         0x000000000000f22c        0x4 
 .text.setsysInitialize
                0x000000000000f230       0x3c C:/Users/oukeh/OneDrive/桌面/code-mod-example/code-mod-framework/lib/libnx_min/nx/lib\libnx_min.a(set.o)
                0x000000000000f230                setsysInitialize
 *fill*         0x000000000000f26c        0x4 
 .text.setsysExit
                0x000000000000f270       0x9c C:/Users/oukeh/OneDrive/桌面/code-mod-example/code-mod-framework/lib/libnx_min/nx/lib\libnx_min.a(set.o)
                0x000000000000f270                setsysExit
 *fill*         0x000000000000f30c        0x4 
 .text.setGetLanguageCode
                0x000000000000f310       0xec C:/Users/oukeh/OneDrive/桌面/code-mod-example/code-mod-framework/lib/libnx_min/nx/lib\libnx_min.a(set.o)
                0x000000000000f310                setGetLanguageCode
 *fill*         0x000000000000f3fc        0x4 
 .text.setGetSystemLanguage
                0x000000000000f400        0x4 C:/Users/oukeh/OneDrive/桌面/code-mod-example/code-mod-framework/lib/libnx_min/nx/lib\libnx_min.a(set.o)
                0x000000000000f400                setGetSystemLanguage
 *fill*         0x000000000000f404        0xc 
 .text.setGetAvailableLanguageCodeCount
                0x000000000000f410      0x10c C:/Users/oukeh/OneDrive/桌面/code-mod-example/code-mod-framework/lib/libnx_min/nx/lib\libnx_min.a(set.o)
                0x000000000000f410                setGetAvailableLanguageCodeCount
 *fill*         0x000000000000f51c        0x4 
 .text.setGetAvailableLanguageCodes
                0x000000000000f520      0x1b4 C:/Users/oukeh/OneDrive/桌面/code-mod-example/code-mod-framework/lib/libnx_min/nx/lib\libnx_min.a(set.o)
                0x000000000000f520                setGetAvailableLanguageCodes
 *fill*         0x000000000000f6d4        0xc 
 .text.setInitializeLanguageCodesCache
                0x000000000000f6e0       0x70 C:/Users/oukeh/OneDrive/桌面/code-mod-example/code-mod-framework/lib/libnx_min/nx/lib\libnx_min.a(set.o)
 .text.setMakeLanguage
                0x000000000000f750       0x8c C:/Users/oukeh/OneDrive/桌面/code-mod-example/code-mod-framework/lib/libnx_min/nx/lib\libnx_min.a(set.o)
                0x000000000000f750                setMakeLanguage
 *fill*         0x000000000000f7dc        0x4 
 .text.setMakeLanguageCode
                0x000000000000f7e0       0x80 C:/Users/oukeh/OneDrive/桌面/code-mod-example/code-mod-framework/lib/libnx_min/nx/lib\libnx_min.a(set.o)
                0x000000000000f7e0                setMakeLanguageCode
 .text.setGetRegionCode
                0x000000000000f860       0xf0 C:/Users/oukeh/OneDrive/桌面/code-mod-example/code-mod-framework/lib/libnx_min/nx/lib\libnx_min.a(set.o)
                0x000000000000f860                setGetRegionCode
 .text.setsysGetColorSetId
                0x000000000000f950       0xe4 C:/Users/oukeh/OneDrive/桌面/code-mod-example/code-mod-framework/lib/libnx_min/nx/lib\libnx_min.a(set.o)
                0x000000000000f950                setsysGetColorSetId
 *fill*         0x000000000000fa34        0xc 
 .text.setsysSetColorSetId
                0x000000000000fa40       0xd0 C:/Users/oukeh/OneDrive/桌面/code-mod-example/code-mod-framework/lib/libnx_min/nx/lib\libnx_min.a(set.o)
                0x000000000000fa40                setsysSetColorSetId
 .text.setsysGetSettingsItemValue
                0x000000000000fb10      0x19c C:/Users/oukeh/OneDrive/桌面/code-mod-example/code-mod-framework/lib/libnx_min/nx/lib\libnx_min.a(set.o)
                0x000000000000fb10                setsysGetSettingsItemValue
 *fill*         0x000000000000fcac        0x4 
 .text.setsysGetSettingsItemValueSize
                0x000000000000fcb0      0x198 C:/Users/oukeh/OneDrive/桌面/code-mod-example/code-mod-framework/lib/libnx_min/nx/lib\libnx_min.a(set.o)
                0x000000000000fcb0                setsysGetSettingsItemValueSize
 *fill*         0x000000000000fe48        0x8 
 .text.setsysGetSerialNumber
                0x000000000000fe50      0x108 C:/Users/oukeh/OneDrive/桌面/code-mod-example/code-mod-framework/lib/libnx_min/nx/lib\libnx_min.a(set.o)
                0x000000000000fe50                setsysGetSerialNumber
 *fill*         0x000000000000ff58        0x8 
 .text.setsysGetFlag
                0x000000000000ff60       0xec C:/Users/oukeh/OneDrive/桌面/code-mod-example/code-mod-framework/lib/libnx_min/nx/lib\libnx_min.a(set.o)
                0x000000000000ff60                setsysGetFlag
 *fill*         0x000000000001004c        0x4 
 .text.setsysSetFlag
                0x0000000000010050       0xd0 C:/Users/oukeh/OneDrive/桌面/code-mod-example/code-mod-framework/lib/libnx_min/nx/lib\libnx_min.a(set.o)
                0x0000000000010050                setsysSetFlag
 .text.setsysGetFirmwareVersion
                0x0000000000010120       0x44 C:/Users/oukeh/OneDrive/桌面/code-mod-example/code-mod-framework/lib/libnx_min/nx/lib\libnx_min.a(set.o)
                0x0000000000010120                setsysGetFirmwareVersion
 *fill*         0x0000000000010164        0xc 
 .text.setsysBindFatalDirtyFlagEvent
                0x0000000000010170      0x13c C:/Users/oukeh/OneDrive/桌面/code-mod-example/code-mod-framework/lib/libnx_min/nx/lib\libnx_min.a(set.o)
                0x0000000000010170                setsysBindFatalDirtyFlagEvent
 *fill*         0x00000000000102ac        0x4 
 .text.setsysGetFatalDirtyFlags
                0x00000000000102b0       0xf8 C:/Users/oukeh/OneDrive/桌面/code-mod-example/code-mod-framework/lib/libnx_min/nx/lib\libnx_min.a(set.o)
                0x00000000000102b0                setsysGetFatalDirtyFlags
 *fill*         0x00000000000103a8        0x8 
 .text.setsysGetDeviceNickname
                0x00000000000103b0       0xf8 C:/Users/oukeh/OneDrive/桌面/code-mod-example/code-mod-framework/lib/libnx_min/nx/lib\libnx_min.a(set.o)
                0x00000000000103b0                setsysGetDeviceNickname
 *fill*         0x00000000000104a8        0x8 
 .text.setsysSetDeviceNickname
                0x00000000000104b0      0x134 C:/Users/oukeh/OneDrive/桌面/code-mod-example/code-mod-framework/lib/libnx_min/nx/lib\libnx_min.a(set.o)
                0x00000000000104b0                setsysSetDeviceNickname
 *fill*         0x00000000000105e4        0xc 
 .text._fatalImpl
                0x00000000000105f0      0x140 C:/Users/oukeh/OneDrive/桌面/code-mod-example/code-mod-framework/lib/libnx_min/nx/lib\libnx_min.a(fatal.o)
 .text.fatalWithType
                0x0000000000010730       0x14 C:/Users/oukeh/OneDrive/桌面/code-mod-example/code-mod-framework/lib/libnx_min/nx/lib\libnx_min.a(fatal.o)
                0x0000000000010730                fatalWithType
 *fill*         0x0000000000010744        0xc 
 .text.fatalSimple
                0x0000000000010750       0x14 C:/Users/oukeh/OneDrive/桌面/code-mod-example/code-mod-framework/lib/libnx_min/nx/lib\libnx_min.a(fatal.o)
                0x0000000000010750                fatalSimple
 *fill*         0x0000000000010764        0xc 
 .text.fatalWithContext
                0x0000000000010770       0x14 C:/Users/oukeh/OneDrive/桌面/code-mod-example/code-mod-framework/lib/libnx_min/nx/lib\libnx_min.a(fatal.o)
                0x0000000000010770                fatalWithContext
 *fill*         0x0000000000010784        0xc 
 .text.ipcCloseObjectById
                0x0000000000010790       0x34 C:/Users/oukeh/OneDrive/桌面/code-mod-example/code-mod-framework/lib/libnx_min/nx/lib\libnx_min.a(sm.o)
 *fill*         0x00000000000107c4        0xc 
 .text.smAddOverrideHandle
                0x00000000000107d0       0x44 C:/Users/oukeh/OneDrive/桌面/code-mod-example/code-mod-framework/lib/libnx_min/nx/lib\libnx_min.a(sm.o)
                0x00000000000107d0                smAddOverrideHandle
 *fill*         0x0000000000010814        0xc 
 .text.smGetServiceOverride
                0x0000000000010820       0x60 C:/Users/oukeh/OneDrive/桌面/code-mod-example/code-mod-framework/lib/libnx_min/nx/lib\libnx_min.a(sm.o)
                0x0000000000010820                smGetServiceOverride
 .text.smHasInitialized
                0x0000000000010880       0x14 C:/Users/oukeh/OneDrive/桌面/code-mod-example/code-mod-framework/lib/libnx_min/nx/lib\libnx_min.a(sm.o)
                0x0000000000010880                smHasInitialized
 *fill*         0x0000000000010894        0xc 
 .text.smExit   0x00000000000108a0       0x9c C:/Users/oukeh/OneDrive/桌面/code-mod-example/code-mod-framework/lib/libnx_min/nx/lib\libnx_min.a(sm.o)
                0x00000000000108a0                smExit
 *fill*         0x000000000001093c        0x4 
 .text.smGetServiceSession
                0x0000000000010940        0xc C:/Users/oukeh/OneDrive/桌面/code-mod-example/code-mod-framework/lib/libnx_min/nx/lib\libnx_min.a(sm.o)
                0x0000000000010940                smGetServiceSession
 *fill*         0x000000000001094c        0x4 
 .text.smEncodeName
                0x0000000000010950       0x38 C:/Users/oukeh/OneDrive/桌面/code-mod-example/code-mod-framework/lib/libnx_min/nx/lib\libnx_min.a(sm.o)
                0x0000000000010950                smEncodeName
 *fill*         0x0000000000010988        0x8 
 .text.smGetServiceOriginal
                0x0000000000010990      0x22c C:/Users/oukeh/OneDrive/桌面/code-mod-example/code-mod-framework/lib/libnx_min/nx/lib\libnx_min.a(sm.o)
                0x0000000000010990                smGetServiceOriginal
 *fill*         0x0000000000010bbc        0x4 
 .text.smInitialize
                0x0000000000010bc0      0x27c C:/Users/oukeh/OneDrive/桌面/code-mod-example/code-mod-framework/lib/libnx_min/nx/lib\libnx_min.a(sm.o)
                0x0000000000010bc0                smInitialize
 *fill*         0x0000000000010e3c        0x4 
 .text.smGetService
                0x0000000000010e40       0x74 C:/Users/oukeh/OneDrive/桌面/code-mod-example/code-mod-framework/lib/libnx_min/nx/lib\libnx_min.a(sm.o)
                0x0000000000010e40                smGetService
 *fill*         0x0000000000010eb4        0xc 
 .text.smRegisterService
                0x0000000000010ec0      0x25c C:/Users/oukeh/OneDrive/桌面/code-mod-example/code-mod-framework/lib/libnx_min/nx/lib\libnx_min.a(sm.o)
                0x0000000000010ec0                smRegisterService
 *fill*         0x000000000001111c        0x4 
 .text.smUnregisterService
                0x0000000000011120      0x1ac C:/Users/oukeh/OneDrive/桌面/code-mod-example/code-mod-framework/lib/libnx_min/nx/lib\libnx_min.a(sm.o)
                0x0000000000011120                smUnregisterService
 *fill*         0x00000000000112cc        0x4 
 .text._hidGetDeviceHandles.part.7
                0x00000000000112d0       0xec C:/Users/oukeh/OneDrive/桌面/code-mod-example/code-mod-framework/lib/libnx_min/nx/lib\libnx_min.a(hid.o)
 *fill*         0x00000000000113bc        0x4 
 .text.ipcCloseObjectById
                0x00000000000113c0       0x34 C:/Users/oukeh/OneDrive/桌面/code-mod-example/code-mod-framework/lib/libnx_min/nx/lib\libnx_min.a(hid.o)
 *fill*         0x00000000000113f4        0xc 
 .text._hidActivateVibrationDevice
                0x0000000000011400       0xc8 C:/Users/oukeh/OneDrive/桌面/code-mod-example/code-mod-framework/lib/libnx_min/nx/lib\libnx_min.a(hid.o)
 *fill*         0x00000000000114c8        0x8 
 .text._hidGetSharedMemoryHandle.constprop.17
                0x00000000000114d0      0x124 C:/Users/oukeh/OneDrive/桌面/code-mod-example/code-mod-framework/lib/libnx_min/nx/lib\libnx_min.a(hid.o)
 *fill*         0x00000000000115f4        0xc 
 .text._hidCreateActiveVibrationDeviceList
                0x0000000000011600      0x134 C:/Users/oukeh/OneDrive/桌面/code-mod-example/code-mod-framework/lib/libnx_min/nx/lib\libnx_min.a(hid.o)
 *fill*         0x0000000000011734        0xc 
 .text._hidCmdWithNoInput
                0x0000000000011740      0x100 C:/Users/oukeh/OneDrive/桌面/code-mod-example/code-mod-framework/lib/libnx_min/nx/lib\libnx_min.a(hid.o)
 .text._hidCreateAppletResource.constprop.16
                0x0000000000011840      0x134 C:/Users/oukeh/OneDrive/桌面/code-mod-example/code-mod-framework/lib/libnx_min/nx/lib\libnx_min.a(hid.o)
 *fill*         0x0000000000011974        0xc 
 .text._hidCmdWithInputU32
                0x0000000000011980      0x10c C:/Users/oukeh/OneDrive/桌面/code-mod-example/code-mod-framework/lib/libnx_min/nx/lib\libnx_min.a(hid.o)
 *fill*         0x0000000000011a8c        0x4 
 .text._hidCmdWithInputU64.constprop.18
                0x0000000000011a90      0x108 C:/Users/oukeh/OneDrive/桌面/code-mod-example/code-mod-framework/lib/libnx_min/nx/lib\libnx_min.a(hid.o)
 *fill*         0x0000000000011b98        0x8 
 .text._hidInitializeSevenSixAxisSensor.isra.11.constprop.19
                0x0000000000011ba0      0x1f8 C:/Users/oukeh/OneDrive/桌面/code-mod-example/code-mod-framework/lib/libnx_min/nx/lib\libnx_min.a(hid.o)
 *fill*         0x0000000000011d98        0x8 
 .text.hidReset
                0x0000000000011da0      0x1f8 C:/Users/oukeh/OneDrive/桌面/code-mod-example/code-mod-framework/lib/libnx_min/nx/lib\libnx_min.a(hid.o)
                0x0000000000011da0                hidReset
 *fill*         0x0000000000011f98        0x8 
 .text.hidGetSessionService
                0x0000000000011fa0        0xc C:/Users/oukeh/OneDrive/桌面/code-mod-example/code-mod-framework/lib/libnx_min/nx/lib\libnx_min.a(hid.o)
                0x0000000000011fa0                hidGetSessionService
 *fill*         0x0000000000011fac        0x4 
 .text.hidGetSharedmemAddr
                0x0000000000011fb0        0xc C:/Users/oukeh/OneDrive/桌面/code-mod-example/code-mod-framework/lib/libnx_min/nx/lib\libnx_min.a(hid.o)
                0x0000000000011fb0                hidGetSharedmemAddr
 *fill*         0x0000000000011fbc        0x4 
 .text.hidSetControllerLayout
                0x0000000000011fc0       0x54 C:/Users/oukeh/OneDrive/桌面/code-mod-example/code-mod-framework/lib/libnx_min/nx/lib\libnx_min.a(hid.o)
                0x0000000000011fc0                hidSetControllerLayout
 *fill*         0x0000000000012014        0xc 
 .text.hidGetControllerLayout
                0x0000000000012020       0x50 C:/Users/oukeh/OneDrive/桌面/code-mod-example/code-mod-framework/lib/libnx_min/nx/lib\libnx_min.a(hid.o)
                0x0000000000012020                hidGetControllerLayout
 .text.hidGetControllerType
                0x0000000000012070       0x78 C:/Users/oukeh/OneDrive/桌面/code-mod-example/code-mod-framework/lib/libnx_min/nx/lib\libnx_min.a(hid.o)
                0x0000000000012070                hidGetControllerType
 *fill*         0x00000000000120e8        0x8 
 .text.hidGetControllerColors
                0x00000000000120f0       0xd4 C:/Users/oukeh/OneDrive/桌面/code-mod-example/code-mod-framework/lib/libnx_min/nx/lib\libnx_min.a(hid.o)
                0x00000000000120f0                hidGetControllerColors
 *fill*         0x00000000000121c4        0xc 
 .text.hidIsControllerConnected
                0x00000000000121d0       0x7c C:/Users/oukeh/OneDrive/桌面/code-mod-example/code-mod-framework/lib/libnx_min/nx/lib\libnx_min.a(hid.o)
                0x00000000000121d0                hidIsControllerConnected
 *fill*         0x000000000001224c        0x4 
 .text.hidGetControllerDeviceType
                0x0000000000012250       0x70 C:/Users/oukeh/OneDrive/桌面/code-mod-example/code-mod-framework/lib/libnx_min/nx/lib\libnx_min.a(hid.o)
                0x0000000000012250                hidGetControllerDeviceType
 .text.hidGetControllerFlags
                0x00000000000122c0       0x90 C:/Users/oukeh/OneDrive/桌面/code-mod-example/code-mod-framework/lib/libnx_min/nx/lib\libnx_min.a(hid.o)
                0x00000000000122c0                hidGetControllerFlags
 .text.hidGetControllerPowerInfo
                0x0000000000012350      0x114 C:/Users/oukeh/OneDrive/桌面/code-mod-example/code-mod-framework/lib/libnx_min/nx/lib\libnx_min.a(hid.o)
                0x0000000000012350                hidGetControllerPowerInfo
 *fill*         0x0000000000012464        0xc 
 .text.hidKeysHeld
                0x0000000000012470       0x6c C:/Users/oukeh/OneDrive/桌面/code-mod-example/code-mod-framework/lib/libnx_min/nx/lib\libnx_min.a(hid.o)
                0x0000000000012470                hidKeysHeld
 *fill*         0x00000000000124dc        0x4 
 .text.hidKeysDown
                0x00000000000124e0       0x6c C:/Users/oukeh/OneDrive/桌面/code-mod-example/code-mod-framework/lib/libnx_min/nx/lib\libnx_min.a(hid.o)
                0x00000000000124e0                hidKeysDown
 *fill*         0x000000000001254c        0x4 
 .text.hidKeysUp
                0x0000000000012550       0x6c C:/Users/oukeh/OneDrive/桌面/code-mod-example/code-mod-framework/lib/libnx_min/nx/lib\libnx_min.a(hid.o)
                0x0000000000012550                hidKeysUp
 *fill*         0x00000000000125bc        0x4 
 .text.hidMouseButtonsHeld
                0x00000000000125c0       0x3c C:/Users/oukeh/OneDrive/桌面/code-mod-example/code-mod-framework/lib/libnx_min/nx/lib\libnx_min.a(hid.o)
                0x00000000000125c0                hidMouseButtonsHeld
 *fill*         0x00000000000125fc        0x4 
 .text.hidMouseButtonsDown
                0x0000000000012600       0x3c C:/Users/oukeh/OneDrive/桌面/code-mod-example/code-mod-framework/lib/libnx_min/nx/lib\libnx_min.a(hid.o)
                0x0000000000012600                hidMouseButtonsDown
 *fill*         0x000000000001263c        0x4 
 .text.hidMouseButtonsUp
                0x0000000000012640       0x3c C:/Users/oukeh/OneDrive/桌面/code-mod-example/code-mod-framework/lib/libnx_min/nx/lib\libnx_min.a(hid.o)
                0x0000000000012640                hidMouseButtonsUp
 *fill*         0x000000000001267c        0x4 
 .text.hidMouseRead
                0x0000000000012680       0x48 C:/Users/oukeh/OneDrive/桌面/code-mod-example/code-mod-framework/lib/libnx_min/nx/lib\libnx_min.a(hid.o)
                0x0000000000012680                hidMouseRead
 *fill*         0x00000000000126c8        0x8 
 .text.hidMouseMultiRead
                0x00000000000126d0      0x150 C:/Users/oukeh/OneDrive/桌面/code-mod-example/code-mod-framework/lib/libnx_min/nx/lib\libnx_min.a(hid.o)
                0x00000000000126d0                hidMouseMultiRead
 .text.hidKeyboardModifierHeld
                0x0000000000012820       0x48 C:/Users/oukeh/OneDrive/桌面/code-mod-example/code-mod-framework/lib/libnx_min/nx/lib\libnx_min.a(hid.o)
                0x0000000000012820                hidKeyboardModifierHeld
 *fill*         0x0000000000012868        0x8 
 .text.hidKeyboardModifierDown
                0x0000000000012870       0x48 C:/Users/oukeh/OneDrive/桌面/code-mod-example/code-mod-framework/lib/libnx_min/nx/lib\libnx_min.a(hid.o)
                0x0000000000012870                hidKeyboardModifierDown
 *fill*         0x00000000000128b8        0x8 
 .text.hidKeyboardModifierUp
                0x00000000000128c0       0x48 C:/Users/oukeh/OneDrive/桌面/code-mod-example/code-mod-framework/lib/libnx_min/nx/lib\libnx_min.a(hid.o)
                0x00000000000128c0                hidKeyboardModifierUp
 *fill*         0x0000000000012908        0x8 
 .text.hidKeyboardHeld
                0x0000000000012910       0x60 C:/Users/oukeh/OneDrive/桌面/code-mod-example/code-mod-framework/lib/libnx_min/nx/lib\libnx_min.a(hid.o)
                0x0000000000012910                hidKeyboardHeld
 .text.hidKeyboardDown
                0x0000000000012970       0x60 C:/Users/oukeh/OneDrive/桌面/code-mod-example/code-mod-framework/lib/libnx_min/nx/lib\libnx_min.a(hid.o)
                0x0000000000012970                hidKeyboardDown
 .text.hidKeyboardUp
                0x00000000000129d0       0x60 C:/Users/oukeh/OneDrive/桌面/code-mod-example/code-mod-framework/lib/libnx_min/nx/lib\libnx_min.a(hid.o)
                0x00000000000129d0                hidKeyboardUp
 .text.hidTouchCount
                0x0000000000012a30        0xc C:/Users/oukeh/OneDrive/桌面/code-mod-example/code-mod-framework/lib/libnx_min/nx/lib\libnx_min.a(hid.o)
                0x0000000000012a30                hidTouchCount
 *fill*         0x0000000000012a3c        0x4 
 .text.hidScanInput
                0x0000000000012a40      0x598 C:/Users/oukeh/OneDrive/桌面/code-mod-example/code-mod-framework/lib/libnx_min/nx/lib\libnx_min.a(hid.o)