Archive member included to satisfy reference by file (symbol)

C:/Users/oukeh/OneDrive/桌面/code-mod-example/code-mod-framework/lib/libnx_min/nx/lib\libnx_min.a(switch_crt0.o)
                              (_start)
C:/Users/oukeh/OneDrive/桌面/code-mod-example/code-mod-framework/lib/libnx_min/nx/lib\libnx_min.a(exception.o)
                              C:/Users/oukeh/OneDrive/桌面/code-mod-example/code-mod-framework/lib/libnx_min/nx/lib\libnx_min.a(switch_crt0.o) (__libnx_exception_entry)
C:/Users/oukeh/OneDrive/桌面/code-mod-example/code-mod-framework/lib/libnx_min/nx/lib\libnx_min.a(argv.o)
                              C:/Users/oukeh/OneDrive/桌面/code-mod-example/code-mod-framework/lib/libnx_min/nx/lib\libnx_min.a(switch_crt0.o) (__system_argv)
C:/Users/oukeh/OneDrive/桌面/code-mod-example/code-mod-framework/lib/libnx_min/nx/lib\libnx_min.a(env.o)
                              C:/Users/oukeh/OneDrive/桌面/code-mod-example/code-mod-framework/lib/libnx_min/nx/lib\libnx_min.a(argv.o) (envIsNso)
C:/Users/oukeh/OneDrive/桌面/code-mod-example/code-mod-framework/lib/libnx_min/nx/lib\libnx_min.a(init.o)
                              C:/Users/oukeh/OneDrive/桌面/code-mod-example/code-mod-framework/lib/libnx_min/nx/lib\libnx_min.a(exception.o) (__nx_exceptiondump)
C:/Users/oukeh/OneDrive/桌面/code-mod-example/code-mod-framework/lib/libnx_min/nx/lib\libnx_min.a(hosversion.o)
                              C:/Users/oukeh/OneDrive/桌面/code-mod-example/code-mod-framework/lib/libnx_min/nx/lib\libnx_min.a(init.o) (hosversionSet)
C:/Users/oukeh/OneDrive/桌面/code-mod-example/code-mod-framework/lib/libnx_min/nx/lib\libnx_min.a(dynamic.o)
                              C:/Users/oukeh/OneDrive/桌面/code-mod-example/code-mod-framework/lib/libnx_min/nx/lib\libnx_min.a(switch_crt0.o) (__nx_dynamic)
C:/Users/oukeh/OneDrive/桌面/code-mod-example/code-mod-framework/lib/libnx_min/nx/lib\libnx_min.a(fs_dev.o)
                              C:/Users/oukeh/OneDrive/桌面/code-mod-example/code-mod-framework/lib/libnx_min/nx/lib\libnx_min.a(init.o) (fsdevMountSdmc)
C:/Users/oukeh/OneDrive/桌面/code-mod-example/code-mod-framework/lib/libnx_min/nx/lib\libnx_min.a(decode_utf8.o)
                              C:/Users/oukeh/OneDrive/桌面/code-mod-example/code-mod-framework/lib/libnx_min/nx/lib\libnx_min.a(fs_dev.o) (decode_utf8)
C:/Users/oukeh/OneDrive/桌面/code-mod-example/code-mod-framework/lib/libnx_min/nx/lib\libnx_min.a(svc.o)
                              C:/Users/oukeh/OneDrive/桌面/code-mod-example/code-mod-framework/lib/libnx_min/nx/lib\libnx_min.a(init.o) (svcSetHeapSize)
C:/Users/oukeh/OneDrive/桌面/code-mod-example/code-mod-framework/lib/libnx_min/nx/lib\libnx_min.a(readtp.o)
                              C:/Users/oukeh/OneDrive/桌面/code-mod-example/code-mod-framework/lib/libnx_min/nx/lib\libnx_min.a(fs_dev.o) (__aarch64_read_tp)
C:/Users/oukeh/OneDrive/桌面/code-mod-example/code-mod-framework/lib/libnx_min/nx/lib\libnx_min.a(virtmem.o)
                              C:/Users/oukeh/OneDrive/桌面/code-mod-example/code-mod-framework/lib/libnx_min/nx/lib\libnx_min.a(init.o) (virtmemSetup)
C:/Users/oukeh/OneDrive/桌面/code-mod-example/code-mod-framework/lib/libnx_min/nx/lib\libnx_min.a(mutex.o)
                              C:/Users/oukeh/OneDrive/桌面/code-mod-example/code-mod-framework/lib/libnx_min/nx/lib\libnx_min.a(virtmem.o) (mutexLock)
C:/Users/oukeh/OneDrive/桌面/code-mod-example/code-mod-framework/lib/libnx_min/nx/lib\libnx_min.a(fs.o)
                              C:/Users/oukeh/OneDrive/桌面/code-mod-example/code-mod-framework/lib/libnx_min/nx/lib\libnx_min.a(init.o) (fsInitialize)
C:/Users/oukeh/OneDrive/桌面/code-mod-example/code-mod-framework/lib/libnx_min/nx/lib\libnx_min.a(set.o)
                              C:/Users/oukeh/OneDrive/桌面/code-mod-example/code-mod-framework/lib/libnx_min/nx/lib\libnx_min.a(init.o) (setsysInitialize)
C:/Users/oukeh/OneDrive/桌面/code-mod-example/code-mod-framework/lib/libnx_min/nx/lib\libnx_min.a(fatal.o)
                              C:/Users/oukeh/OneDrive/桌面/code-mod-example/code-mod-framework/lib/libnx_min/nx/lib\libnx_min.a(env.o) (fatalSimple)
C:/Users/oukeh/OneDrive/桌面/code-mod-example/code-mod-framework/lib/libnx_min/nx/lib\libnx_min.a(sm.o)
                              C:/Users/oukeh/OneDrive/桌面/code-mod-example/code-mod-framework/lib/libnx_min/nx/lib\libnx_min.a(env.o) (smAddOverrideHandle)
C:/Users/oukeh/OneDrive/桌面/code-mod-example/code-mod-framework/lib/libnx_min/nx/lib\libnx_min.a(hid.o)
                              C:/Users/oukeh/OneDrive/桌面/code-mod-example/code-mod-framework/lib/libnx_min/nx/lib\libnx_min.a(init.o) (hidExit)
C:/Users/oukeh/OneDrive/桌面/code-mod-example/code-mod-framework/lib/libnx_min/nx/lib\libnx_min.a(time.o)
                              C:/Users/oukeh/OneDrive/桌面/code-mod-example/code-mod-framework/lib/libnx_min/nx/lib\libnx_min.a(init.o) (timeExit)
C:/Users/oukeh/OneDrive/桌面/code-mod-example/code-mod-framework/lib/libnx_min/nx/lib\libnx_min.a(applet.o)
[...]
Memory Configuration

Name             Origin             Length             Attributes
*default*        0x0000000000000000 0xffffffffffffffff

Linker script and memory map

                0x0000000000000000                PROVIDE (__start__ = 0x0)
                0x0000000000000000                . = __start__

.crt0           0x0000000000000000      0x158
 *(.crt0)
 .crt0          0x0000000000000000      0x158 C:/Users/oukeh/OneDrive/桌面/code-mod-example/code-mod-framework/lib/libnx_min/nx/lib\libnx_min.a(switch_crt0.o)
                0x0000000000000000                _start
                0x0000000000000120                __nx_exit
                0x0000000000000130                __nx_mod0
                0x0000000000000158                . = ALIGN (0x8)

.init           0x0000000000000158       0x38
 *(.init)
 .init          0x0000000000000158       0x18 c:/devkitpro/devkita64/bin/../lib/gcc/aarch64-none-elf/9.2.0/pic/crti.o
                0x0000000000000158                _init
 .init          0x0000000000000170       0x1c c:/devkitpro/devkita64/bin/../lib/gcc/aarch64-none-elf/9.2.0/pic/crtn.o
                0x0000000000000190                . = ALIGN (0x8)
 *fill*         0x000000000000018c        0x4 

.plt            0x0000000000000190       0xa0
 *(.plt)
 .plt           0x0000000000000190       0xa0 c:/devkitpro/devkita64/bin/../lib/gcc/aarch64-none-elf/9.2.0/pic/crti.o
 *(.iplt)
                0x0000000000000230                . = ALIGN (0x8)

.text           0x0000000000000240    0x2a190
 *(.text.unlikely .text.*_unlikely .text.unlikely.*)
 *(.text.exit .text.exit.*)
 .text.exit     0x0000000000000240       0x38 c:/devkitpro/devkita64/bin/../lib/gcc/aarch64-none-elf/9.2.0/../../../../aarch64-none-elf/lib/pic\libg.a(lib_a-exit.o)
                0x0000000000000240                exit
 *(.text.startup .text.startup.*)
 *fill*         0x0000000000000278        0x8 
 .text.startup  0x0000000000000280       0xc0 main.o
                0x0000000000000280                main
 *(.text.hot .text.hot.*)
 *(.text .stub .text.* .gnu.linkonce.t.*)
 .text.deregister_tm_clones
                0x0000000000000340       0x30 c:/devkitpro/devkita64/bin/../lib/gcc/aarch64-none-elf/9.2.0/pic/crtbegin.o
 .text.register_tm_clones
                0x0000000000000370       0x40 c:/devkitpro/devkita64/bin/../lib/gcc/aarch64-none-elf/9.2.0/pic/crtbegin.o
 .text.__do_global_dtors_aux
                0x00000000000003b0       0x48 c:/devkitpro/devkita64/bin/../lib/gcc/aarch64-none-elf/9.2.0/pic/crtbegin.o
 .text.frame_dummy
                0x00000000000003f8       0x34 c:/devkitpro/devkita64/bin/../lib/gcc/aarch64-none-elf/9.2.0/pic/crtbegin.o
 *fill*         0x000000000000042c        0x4 
 .text          0x0000000000000430      0xd20 main.o
                0x0000000000000430                get_command_flag_cat_replace(unsigned long, int)
                0x00000000000005c0                clear_lua_stack_replace(lib::L2CAgent*)
                0x0000000000000f70                replace_scripts(lib::L2CAgent*, unsigned char, int)
                0x0000000000000fc0                sv_get_status_func(unsigned long, int, unsigned long)
                0x0000000000001010                sv_replace_status_func(unsigned long, int, unsigned long, void*)
                0x0000000000001050                script_replacement()
                0x00000000000010b0                __libnx_init
                0x0000000000001100                __libnx_exit
 .text          0x0000000000001150      0xbd4 acmd_wrapper.o
                0x0000000000001150                is_before_frame(unsigned long, float)
                0x0000000000001180                null_acmd_func(lib::L2CAgent*, void*)
                0x0000000000001190                load_module(unsigned long, unsigned long)
                0x00000000000011a0                load_module_impl(unsigned long, unsigned long)
                0x00000000000011b0                ACMD::ACMD()
                0x00000000000011b0                ACMD::ACMD()
                0x00000000000011c0                ACMD::ACMD(char const*, char const*, char const*, char const*, void (*)(ACMD*))
                0x00000000000011c0                ACMD::ACMD(char const*, char const*, char const*, char const*, void (*)(ACMD*))
                0x00000000000011e0                ACMD::match()
                0x0000000000001260                ACMD::nullify_original(lib::L2CAgent*)
                0x0000000000001330                ACMD::run(lib::L2CAgent*)
                0x0000000000001420                ACMD::frame(float)
                0x0000000000001440                ACMD::wait(float)
                0x0000000000001450                ACMD::is_excute()
                0x00000000000014d0                ACMD::_frame(float)
                0x0000000000001560                ACMD::_frame_reimpl(float)
                0x0000000000001650                ACMD::_wait(float)
                0x00000000000016e0                ACMD::_is_excute()
                0x0000000000001780                ACMD::wrap(void (*)(unsigned long), std::initializer_list<lib::L2CValue>)
                0x0000000000001820                ACMD::ATTACK(unsigned long, unsigned long, unsigned long, float, unsigned long, unsigned long, unsigned long, unsigned long, float, float, float, float, float, float, unsigned long, unsigned long, unsigned long, unsigned long, float, unsigned long, unsigned long, unsigned long, unsigned long, unsigned long, unsigned long, unsigned long, unsigned long, unsigned long, unsigned long, unsigned long, unsigned long, unsigned long, unsigned long)
                0x0000000000001ab0                ACMD::ATTACK(unsigned long, unsigned long, unsigned long, float, unsigned long, unsigned long, unsigned long, unsigned long, float, float, float, float, float, float, float, float, float, unsigned long, unsigned long, unsigned long, unsigned long, float, unsigned long, unsigned long, unsigned long, unsigned long, unsigned long, unsigned long, unsigned long, unsigned long, unsigned long, unsigned long, unsigned long, unsigned long, unsigned long, unsigned long)
 *fill*         0x0000000000001d24        0xc 
 .text          0x0000000000001d30      0x120 saltysd_helper.o
                0x0000000000001d30                SaltySD_function_replace(unsigned long, unsigned long)
                0x0000000000001da0                SaltySD_function_replace_sym(char*, unsigned long)
                0x0000000000001dd0                SaltySD_function_replace_sym_check_prev(char*, unsigned long, unsigned long&)
 .text          0x0000000000001e50      0x370 lua_bind_hash.o
                0x0000000000001e50                lua_bind_hash(void const*, unsigned long)
                0x0000000000002190                lua_bind_hash_str(char const*)
 .text          0x00000000000021c0      0x12c l2c_imports.o
                0x00000000000021c0                lib::lua_const(char const*)
                0x0000000000002200                lib::L2CValue::L2CValue()
                0x0000000000002200                lib::L2CValue::L2CValue()
                0x0000000000002210                lib::L2CValue::L2CValue(bool)
                0x0000000000002210                lib::L2CValue::L2CValue(bool)
                0x0000000000002230                lib::L2CValue::L2CValue(int)
                0x0000000000002230                lib::L2CValue::L2CValue(int)
                0x0000000000002250                lib::L2CValue::L2CValue(unsigned long)
                0x0000000000002250                lib::L2CValue::L2CValue(unsigned long)
                0x0000000000002260                lib::L2CValue::L2CValue(float)
                0x0000000000002260                lib::L2CValue::L2CValue(float)
                0x0000000000002270                lib::L2CValue::L2CValue(double)
                0x0000000000002270                lib::L2CValue::L2CValue(double)
                0x0000000000002290                lib::L2CValue::L2CValue(char const*)
                0x0000000000002290                lib::L2CValue::L2CValue(char const*)
                0x00000000000022a0                lib::L2CAgent::get_lua_stack(int, lib::L2CValue*)
                0x00000000000022b0                lib::L2CAgent::_clear_lua_stack()
 *fill*         0x00000000000022ec        0x4 
 .text          0x00000000000022f0      0x4fc raygun_printer.o
                0x00000000000022f0                show_segment(unsigned long, float, float, float, float, float)
                0x00000000000023c0                alphabet_index(char)
                0x0000000000002430                print_char(unsigned long, char, int, float, float)
                0x0000000000002590                print_string(unsigned long, char const*, ...)
 .text.__libnx_exception_entry
                0x00000000000027ec      0x1c0 C:/Users/oukeh/OneDrive/桌面/code-mod-example/code-mod-framework/lib/libnx_min/nx/lib\libnx_min.a(exception.o)
                0x00000000000027ec                __libnx_exception_entry
 .text.__libnx_exception_returnentry
                0x00000000000029ac       0x18 C:/Users/oukeh/OneDrive/桌面/code-mod-example/code-mod-framework/lib/libnx_min/nx/lib\libnx_min.a(exception.o)
                0x00000000000029ac                __libnx_exception_returnentry
 *fill*         0x00000000000029c4        0xc 
 .text.argvSetup
                0x00000000000029d0      0x318 C:/Users/oukeh/OneDrive/桌面/code-mod-example/code-mod-framework/lib/libnx_min/nx/lib\libnx_min.a(argv.o)
                0x00000000000029d0                argvSetup
 *fill*         0x0000000000002ce8        0x8 
 .text.envSetup
                0x0000000000002cf0      0x208 C:/Users/oukeh/OneDrive/桌面/code-mod-example/code-mod-framework/lib/libnx_min/nx/lib\libnx_min.a(env.o)
                0x0000000000002cf0                envSetup
 *fill*         0x0000000000002ef8        0x8 
 .text.envGetMainThreadHandle
                0x0000000000002f00       0x20 C:/Users/oukeh/OneDrive/桌面/code-mod-example/code-mod-framework/lib/libnx_min/nx/lib\libnx_min.a(env.o)
                0x0000000000002f00                envGetMainThreadHandle
 .text.envIsNso
                0x0000000000002f20        0xc C:/Users/oukeh/OneDrive/桌面/code-mod-example/code-mod-framework/lib/libnx_min/nx/lib\libnx_min.a(env.o)
                0x0000000000002f20                envIsNso
 *fill*         0x0000000000002f2c        0x4 
 .text.envHasHeapOverride
                0x0000000000002f30       0x14 C:/Users/oukeh/OneDrive/桌面/code-mod-example/code-mod-framework/lib/libnx_min/nx/lib\libnx_min.a(env.o)
                0x0000000000002f30                envHasHeapOverride
 *fill*         0x0000000000002f44        0xc 
 .text.envGetHeapOverrideAddr
                0x0000000000002f50        0xc C:/Users/oukeh/OneDrive/桌面/code-mod-example/code-mod-framework/lib/libnx_min/nx/lib\libnx_min.a(env.o)
                0x0000000000002f50                envGetHeapOverrideAddr
 *fill*         0x0000000000002f5c        0x4 
 .text.envGetHeapOverrideSize
                0x0000000000002f60        0xc C:/Users/oukeh/OneDrive/桌面/code-mod-example/code-mod-framework/lib/libnx_min/nx/lib\libnx_min.a(env.o)
                0x0000000000002f60                envGetHeapOverrideSize
 *fill*         0x0000000000002f6c        0x4 
 .text.envHasArgv
                0x0000000000002f70       0x14 C:/Users/oukeh/OneDrive/桌面/code-mod-example/code-mod-framework/lib/libnx_min/nx/lib\libnx_min.a(env.o)
                0x0000000000002f70                envHasArgv
 *fill*         0x0000000000002f84        0xc 
 .text.envGetArgv
                0x0000000000002f90        0xc C:/Users/oukeh/OneDrive/桌面/code-mod-example/code-mod-framework/lib/libnx_min/nx/lib\libnx_min.a(env.o)
                0x0000000000002f90                envGetArgv
 *fill*         0x0000000000002f9c        0x4 
 .text.envIsSyscallHinted
                0x0000000000002fa0       0x20 C:/Users/oukeh/OneDrive/桌面/code-mod-example/code-mod-framework/lib/libnx_min/nx/lib\libnx_min.a(env.o)
                0x0000000000002fa0                envIsSyscallHinted
 .text.envGetOwnProcessHandle
                0x0000000000002fc0        0xc C:/Users/oukeh/OneDrive/桌面/code-mod-example/code-mod-framework/lib/libnx_min/nx/lib\libnx_min.a(env.o)
                0x0000000000002fc0                envGetOwnProcessHandle
 *fill*         0x0000000000002fcc        0x4 
 .text.envGetExitFuncPtr
                0x0000000000002fd0        0xc C:/Users/oukeh/OneDrive/桌面/code-mod-example/code-mod-framework/lib/libnx_min/nx/lib\libnx_min.a(env.o)
                0x0000000000002fd0                envGetExitFuncPtr
 *fill*         0x0000000000002fdc        0x4 
 .text.envSetExitFuncPtr
                0x0000000000002fe0        0xc C:/Users/oukeh/OneDrive/桌面/code-mod-example/code-mod-framework/lib/libnx_min/nx/lib\libnx_min.a(env.o)
                0x0000000000002fe0                envSetExitFuncPtr
 *fill*         0x0000000000002fec        0x4 
 .text.envSetNextLoad
                0x0000000000002ff0       0x7c C:/Users/oukeh/OneDrive/桌面/code-mod-example/code-mod-framework/lib/libnx_min/nx/lib\libnx_min.a(env.o)
                0x0000000000002ff0                envSetNextLoad
 *fill*         0x000000000000306c        0x4 
 .text.envHasNextLoad
                0x0000000000003070       0x14 C:/Users/oukeh/OneDrive/桌面/code-mod-example/code-mod-framework/lib/libnx_min/nx/lib\libnx_min.a(env.o)
                0x0000000000003070                envHasNextLoad
 *fill*         0x0000000000003084        0xc 
 .text.envGetLastLoadResult
                0x0000000000003090        0xc C:/Users/oukeh/OneDrive/桌面/code-mod-example/code-mod-framework/lib/libnx_min/nx/lib\libnx_min.a(env.o)
                0x0000000000003090                envGetLastLoadResult
 *fill*         0x000000000000309c        0x4 
 .text.envHasRandomSeed
                0x00000000000030a0        0xc C:/Users/oukeh/OneDrive/桌面/code-mod-example/code-mod-framework/lib/libnx_min/nx/lib\libnx_min.a(env.o)
                0x00000000000030a0                envHasRandomSeed
 *fill*         0x00000000000030ac        0x4 
 .text.envGetRandomSeed
                0x00000000000030b0       0x18 C:/Users/oukeh/OneDrive/桌面/code-mod-example/code-mod-framework/lib/libnx_min/nx/lib\libnx_min.a(env.o)
                0x00000000000030b0                envGetRandomSeed
 *fill*         0x00000000000030c8        0x8 
 .text.__libnx_initheap
                0x00000000000030d0       0xd8 C:/Users/oukeh/OneDrive/桌面/code-mod-example/code-mod-framework/lib/libnx_min/nx/lib\libnx_min.a(init.o)
                0x00000000000030d0                __libnx_initheap
 *fill*         0x00000000000031a8        0x8 
 .text.__appInit
                0x00000000000031b0       0xdc C:/Users/oukeh/OneDrive/桌面/code-mod-example/code-mod-framework/lib/libnx_min/nx/lib\libnx_min.a(init.o)
                0x00000000000031b0                __appInit
 *fill*         0x000000000000328c        0x4 
 .text.__appExit
                0x0000000000003290       0x44 C:/Users/oukeh/OneDrive/桌面/code-mod-example/code-mod-framework/lib/libnx_min/nx/lib\libnx_min.a(init.o)
                0x0000000000003290                __appExit
 *fill*         0x00000000000032d4        0xc 
 .text.hosversionGet
                0x00000000000032e0       0x10 C:/Users/oukeh/OneDrive/桌面/code-mod-example/code-mod-framework/lib/libnx_min/nx/lib\libnx_min.a(hosversion.o)
                0x00000000000032e0                hosversionGet
 .text.hosversionSet
                0x00000000000032f0       0x10 C:/Users/oukeh/OneDrive/桌面/code-mod-example/code-mod-framework/lib/libnx_min/nx/lib\libnx_min.a(hosversion.o)
                0x00000000000032f0                hosversionSet
 .text.__nx_dynamic
                0x0000000000003300       0xa0 C:/Users/oukeh/OneDrive/桌面/code-mod-example/code-mod-framework/lib/libnx_min/nx/lib\libnx_min.a(dynamic.o)
                0x0000000000003300                __nx_dynamic
 .text.fsdev_link
                0x00000000000033a0       0x10 C:/Users/oukeh/OneDrive/桌面/code-mod-example/code-mod-framework/lib/libnx_min/nx/lib\libnx_min.a(fs_dev.o)
 .text.fsdev_dirreset
                0x00000000000033b0       0x10 C:/Users/oukeh/OneDrive/桌面/code-mod-example/code-mod-framework/lib/libnx_min/nx/lib\libnx_min.a(fs_dev.o)
 .text.fsdev_chmod
                0x00000000000033c0       0x10 C:/Users/oukeh/OneDrive/桌面/code-mod-example/code-mod-framework/lib/libnx_min/nx/lib\libnx_min.a(fs_dev.o)
 .text.error_cmp
                0x00000000000033d0       0x1c C:/Users/oukeh/OneDrive/桌面/code-mod-example/code-mod-framework/lib/libnx_min/nx/lib\libnx_min.a(fs_dev.o)
 *fill*         0x00000000000033ec        0x4 
 .text.fsdev_translate_error
                0x00000000000033f0       0x5c C:/Users/oukeh/OneDrive/桌面/code-mod-example/code-mod-framework/lib/libnx_min/nx/lib\libnx_min.a(fs_dev.o)
 *fill*         0x000000000000344c        0x4 
 .text.fsdev_fsync
                0x0000000000003450       0x40 C:/Users/oukeh/OneDrive/桌面/code-mod-example/code-mod-framework/lib/libnx_min/nx/lib\libnx_min.a(fs_dev.o)
 .text.fsdev_ftruncate
                0x0000000000003490       0x60 C:/Users/oukeh/OneDrive/桌面/code-mod-example/code-mod-framework/lib/libnx_min/nx/lib\libnx_min.a(fs_dev.o)
 .text.fsdev_dirclose
                0x00000000000034f0       0x20 C:/Users/oukeh/OneDrive/桌面/code-mod-example/code-mod-framework/lib/libnx_min/nx/lib\libnx_min.a(fs_dev.o)
 .text.fsdev_dirnext
                0x0000000000003510      0x16c C:/Users/oukeh/OneDrive/桌面/code-mod-example/code-mod-framework/lib/libnx_min/nx/lib\libnx_min.a(fs_dev.o)
 *fill*         0x000000000000367c        0x4 
 .text.fsdev_close
                0x0000000000003680       0x1c C:/Users/oukeh/OneDrive/桌面/code-mod-example/code-mod-framework/lib/libnx_min/nx/lib\libnx_min.a(fs_dev.o)
 *fill*         0x000000000000369c        0x4 
 .text.fsdev_fstat
                0x00000000000036a0       0xa4 C:/Users/oukeh/OneDrive/桌面/code-mod-example/code-mod-framework/lib/libnx_min/nx/lib\libnx_min.a(fs_dev.o)
 *fill*         0x0000000000003744        0xc 
 .text.fsdev_seek
                0x0000000000003750       0xb0 C:/Users/oukeh/OneDrive/桌面/code-mod-example/code-mod-framework/lib/libnx_min/nx/lib\libnx_min.a(fs_dev.o)
 .text.fsdev_read
                0x0000000000003800      0x1a0 C:/Users/oukeh/OneDrive/桌面/code-mod-example/code-mod-framework/lib/libnx_min/nx/lib\libnx_min.a(fs_dev.o)
 .text.fsdev_write
                0x00000000000039a0      0x1a8 C:/Users/oukeh/OneDrive/桌面/code-mod-example/code-mod-framework/lib/libnx_min/nx/lib\libnx_min.a(fs_dev.o)
 *fill*         0x0000000000003b48        0x8 
 .text.fsdevFindDevice
                0x0000000000003b50      0x120 C:/Users/oukeh/OneDrive/桌面/code-mod-example/code-mod-framework/lib/libnx_min/nx/lib\libnx_min.a(fs_dev.o)
 .text._fsdevMountDevice
                0x0000000000003c70      0x140 C:/Users/oukeh/OneDrive/桌面/code-mod-example/code-mod-framework/lib/libnx_min/nx/lib\libnx_min.a(fs_dev.o)
 .text.fsdev_getfspath
                0x0000000000003db0      0x1fc C:/Users/oukeh/OneDrive/桌面/code-mod-example/code-mod-framework/lib/libnx_min/nx/lib\libnx_min.a(fs_dev.o)
 *fill*         0x0000000000003fac        0x4 
 .text.fsdev_rmdir
                0x0000000000003fb0       0x70 C:/Users/oukeh/OneDrive/桌面/code-mod-example/code-mod-framework/lib/libnx_min/nx/lib\libnx_min.a(fs_dev.o)
 .text.fsdev_statvfs
                0x0000000000004020       0xd4 C:/Users/oukeh/OneDrive/桌面/code-mod-example/code-mod-framework/lib/libnx_min/nx/lib\libnx_min.a(fs_dev.o)
 *fill*         0x00000000000040f4        0xc 
 .text.fsdev_diropen
                0x0000000000004100       0xec C:/Users/oukeh/OneDrive/桌面/code-mod-example/code-mod-framework/lib/libnx_min/nx/lib\libnx_min.a(fs_dev.o)
 *fill*         0x00000000000041ec        0x4 
 .text.fsdev_mkdir
                0x00000000000041f0       0x70 C:/Users/oukeh/OneDrive/桌面/code-mod-example/code-mod-framework/lib/libnx_min/nx/lib\libnx_min.a(fs_dev.o)
 .text.fsdev_rename
                0x0000000000004260      0x114 C:/Users/oukeh/OneDrive/桌面/code-mod-example/code-mod-framework/lib/libnx_min/nx/lib\libnx_min.a(fs_dev.o)
 *fill*         0x0000000000004374        0xc 
 .text.fsdev_chdir
                0x0000000000004380       0xe8 C:/Users/oukeh/OneDrive/桌面/code-mod-example/code-mod-framework/lib/libnx_min/nx/lib\libnx_min.a(fs_dev.o)
 *fill*         0x0000000000004468        0x8 
 .text.fsdev_unlink
                0x0000000000004470       0x70 C:/Users/oukeh/OneDrive/桌面/code-mod-example/code-mod-framework/lib/libnx_min/nx/lib\libnx_min.a(fs_dev.o)
 .text.fsdev_stat
                0x00000000000044e0      0x1bc C:/Users/oukeh/OneDrive/桌面/code-mod-example/code-mod-framework/lib/libnx_min/nx/lib\libnx_min.a(fs_dev.o)
 *fill*         0x000000000000469c        0x4 
 .text.fsdev_open
                0x00000000000046a0      0x19c C:/Users/oukeh/OneDrive/桌面/code-mod-example/code-mod-framework/lib/libnx_min/nx/lib\libnx_min.a(fs_dev.o)
 *fill*         0x000000000000483c        0x4 
 .text._fsdevUnmountDeviceStruct.part.4
                0x0000000000004840       0xb8 C:/Users/oukeh/OneDrive/桌面/code-mod-example/code-mod-framework/lib/libnx_min/nx/lib\libnx_min.a(fs_dev.o)
 *fill*         0x00000000000048f8        0x8 
 .text.fsdev_fchmod
                0x0000000000004900       0x10 C:/Users/oukeh/OneDrive/桌面/code-mod-example/code-mod-framework/lib/libnx_min/nx/lib\libnx_min.a(fs_dev.o)
 .text.fsdevMountDevice
                0x0000000000004910       0x14 C:/Users/oukeh/OneDrive/桌面/code-mod-example/code-mod-framework/lib/libnx_min/nx/lib\libnx_min.a(fs_dev.o)
                0x0000000000004910                fsdevMountDevice
 *fill*         0x0000000000004924        0xc 
 .text.fsdevUnmountDevice
                0x0000000000004930       0x3c C:/Users/oukeh/OneDrive/桌面/code-mod-example/code-mod-framework/lib/libnx_min/nx/lib\libnx_min.a(fs_dev.o)
                0x0000000000004930                fsdevUnmountDevice
 *fill*         0x000000000000496c        0x4 
 .text.fsdevCommitDevice
                0x0000000000004970       0x28 C:/Users/oukeh/OneDrive/桌面/code-mod-example/code-mod-framework/lib/libnx_min/nx/lib\libnx_min.a(fs_dev.o)
                0x0000000000004970                fsdevCommitDevice
 *fill*         0x0000000000004998        0x8 
 .text.fsdevSetArchiveBit
                0x00000000000049a0       0x68 C:/Users/oukeh/OneDrive/桌面/code-mod-example/code-mod-framework/lib/libnx_min/nx/lib\libnx_min.a(fs_dev.o)
                0x00000000000049a0                fsdevSetArchiveBit
 *fill*         0x0000000000004a08        0x8 
 .text.fsdevCreateFile
                0x0000000000004a10       0x88 C:/Users/oukeh/OneDrive/桌面/code-mod-example/code-mod-framework/lib/libnx_min/nx/lib\libnx_min.a(fs_dev.o)
                0x0000000000004a10                fsdevCreateFile
 *fill*         0x0000000000004a98        0x8 
 .text.fsdevDeleteDirectoryRecursively
                0x0000000000004aa0       0x68 C:/Users/oukeh/OneDrive/桌面/code-mod-example/code-mod-framework/lib/libnx_min/nx/lib\libnx_min.a(fs_dev.o)
                0x0000000000004aa0                fsdevDeleteDirectoryRecursively
 *fill*         0x0000000000004b08        0x8 
 .text.fsdevMountSdmc
                0x0000000000004b10      0x170 C:/Users/oukeh/OneDrive/桌面/code-mod-example/code-mod-framework/lib/libnx_min/nx/lib\libnx_min.a(fs_dev.o)
                0x0000000000004b10                fsdevMountSdmc
 .text.fsdevUnmountAll
                0x0000000000004c80       0x64 C:/Users/oukeh/OneDrive/桌面/code-mod-example/code-mod-framework/lib/libnx_min/nx/lib\libnx_min.a(fs_dev.o)
                0x0000000000004c80                fsdevUnmountAll
 *fill*         0x0000000000004ce4        0xc 
 .text.fsdevGetDeviceFileSystem
                0x0000000000004cf0       0x20 C:/Users/oukeh/OneDrive/桌面/code-mod-example/code-mod-framework/lib/libnx_min/nx/lib\libnx_min.a(fs_dev.o)
                0x0000000000004cf0                fsdevGetDeviceFileSystem
 .text.fsdevGetDefaultFileSystem
                0x0000000000004d10       0x40 C:/Users/oukeh/OneDrive/桌面/code-mod-example/code-mod-framework/lib/libnx_min/nx/lib\libnx_min.a(fs_dev.o)
                0x0000000000004d10                fsdevGetDefaultFileSystem
 .text.fsdevTranslatePath
                0x0000000000004d50       0x58 C:/Users/oukeh/OneDrive/桌面/code-mod-example/code-mod-framework/lib/libnx_min/nx/lib\libnx_min.a(fs_dev.o)
                0x0000000000004d50                fsdevTranslatePath
 *fill*         0x0000000000004da8        0x8 
 .text.fsdev_getmtime
                0x0000000000004db0       0x20 C:/Users/oukeh/OneDrive/桌面/code-mod-example/code-mod-framework/lib/libnx_min/nx/lib\libnx_min.a(fs_dev.o)
                0x0000000000004db0                fsdev_getmtime
 .text.fsdevGetLastResult
                0x0000000000004dd0       0x20 C:/Users/oukeh/OneDrive/桌面/code-mod-example/code-mod-framework/lib/libnx_min/nx/lib\libnx_min.a(fs_dev.o)
                0x0000000000004dd0                fsdevGetLastResult
 .text.decode_utf8
                0x0000000000004df0      0x12c C:/Users/oukeh/OneDrive/桌面/code-mod-example/code-mod-framework/lib/libnx_min/nx/lib\libnx_min.a(decode_utf8.o)
                0x0000000000004df0                decode_utf8
 .text.svcSetHeapSize
                0x0000000000004f1c       0x14 C:/Users/oukeh/OneDrive/桌面/code-mod-example/code-mod-framework/lib/libnx_min/nx/lib\libnx_min.a(svc.o)
                0x0000000000004f1c                svcSetHeapSize
 .text.svcSetMemoryPermission
                0x0000000000004f30        0x8 C:/Users/oukeh/OneDrive/桌面/code-mod-example/code-mod-framework/lib/libnx_min/nx/lib\libnx_min.a(svc.o)
                0x0000000000004f30                svcSetMemoryPermission
 .text.svcSetMemoryAttribute
                0x0000000000004f38        0x8 C:/Users/oukeh/OneDrive/桌面/code-mod-example/code-mod-framework/lib/libnx_min/nx/lib\libnx_min.a(svc.o)
                0x0000000000004f38                svcSetMemoryAttribute
 .text.svcMapMemory
                0x0000000000004f40        0x8 C:/Users/oukeh/OneDrive/桌面/code-mod-example/code-mod-framework/lib/libnx_min/nx/lib\libnx_min.a(svc.o)
                0x0000000000004f40                svcMapMemory
 .text.svcUnmapMemory
                0x0000000000004f48        0x8 C:/Users/oukeh/OneDrive/桌面/code-mod-example/code-mod-framework/lib/libnx_min/nx/lib\libnx_min.a(svc.o)
                0x0000000000004f48                svcUnmapMemory
 .text.svcQueryMemory
                0x0000000000004f50       0x14 C:/Users/oukeh/OneDrive/桌面/code-mod-example/code-mod-framework/lib/libnx_min/nx/lib\libnx_min.a(svc.o)
                0x0000000000004f50                svcQueryMemory
 .text.svcExitProcess
                0x0000000000004f64        0x8 C:/Users/oukeh/OneDrive/桌面/code-mod-example/code-mod-framework/lib/libnx_min/nx/lib\libnx_min.a(svc.o)
                0x0000000000004f64                svcExitProcess
 .text.svcCreateThread
                0x0000000000004f6c       0x14 C:/Users/oukeh/OneDrive/桌面/code-mod-example/code-mod-framework/lib/libnx_min/nx/lib\libnx_min.a(svc.o)
                0x0000000000004f6c                svcCreateThread
 .text.svcStartThread
                0x0000000000004f80        0x8 C:/Users/oukeh/OneDrive/桌面/code-mod-example/code-mod-framework/lib/libnx_min/nx/lib\libnx_min.a(svc.o)
                0x0000000000004f80                svcStartThread
 .text.svcExitThread
                0x0000000000004f88        0x8 C:/Users/oukeh/OneDrive/桌面/code-mod-example/code-mod-framework/lib/libnx_min/nx/lib\libnx_min.a(svc.o)
                0x0000000000004f88                svcExitThread
 .text.svcSleepThread
                0x0000000000004f90        0x8 C:/Users/oukeh/OneDrive/桌面/code-mod-example/code-mod-framework/lib/libnx_min/nx/lib\libnx_min.a(svc.o)
                0x0000000000004f90                svcSleepThread
 .text.svcGetThreadPriority
                0x0000000000004f98       0x14 C:/Users/oukeh/OneDrive/桌面/code-mod-example/code-mod-framework/lib/libnx_min/nx/lib\libnx_min.a(svc.o)
                0x0000000000004f98                svcGetThreadPriority
 .text.svcSetThreadPriority
                0x0000000000004fac        0x8 C:/Users/oukeh/OneDrive/桌面/code-mod-example/code-mod-framework/lib/libnx_min/nx/lib\libnx_min.a(svc.o)
                0x0000000000004fac                svcSetThreadPriority
 .text.svcGetThreadCoreMask
                0x0000000000004fb4       0x18 C:/Users/oukeh/OneDrive/桌面/code-mod-example/code-mod-framework/lib/libnx_min/nx/lib\libnx_min.a(svc.o)
                0x0000000000004fb4                svcGetThreadCoreMask
 .text.svcSetThreadCoreMask
                0x0000000000004fcc        0x8 C:/Users/oukeh/OneDrive/桌面/code-mod-example/code-mod-framework/lib/libnx_min/nx/lib\libnx_min.a(svc.o)
                0x0000000000004fcc                svcSetThreadCoreMask
 .text.svcGetCurrentProcessorNumber
                0x0000000000004fd4        0x8 C:/Users/oukeh/OneDrive/桌面/code-mod-example/code-mod-framework/lib/libnx_min/nx/lib\libnx_min.a(svc.o)
                0x0000000000004fd4                svcGetCurrentProcessorNumber
 .text.svcSignalEvent
                0x0000000000004fdc        0x8 C:/Users/oukeh/OneDrive/桌面/code-mod-example/code-mod-framework/lib/libnx_min/nx/lib\libnx_min.a(svc.o)
                0x0000000000004fdc                svcSignalEvent
 .text.svcClearEvent
                0x0000000000004fe4        0x8 C:/Users/oukeh/OneDrive/桌面/code-mod-example/code-mod-framework/lib/libnx_min/nx/lib\libnx_min.a(svc.o)
                0x0000000000004fe4                svcClearEvent
 .text.svcMapSharedMemory
                0x0000000000004fec        0x8 C:/Users/oukeh/OneDrive/桌面/code-mod-example/code-mod-framework/lib/libnx_min/nx/lib\libnx_min.a(svc.o)
                0x0000000000004fec                svcMapSharedMemory
 .text.svcUnmapSharedMemory
                0x0000000000004ff4        0x8 C:/Users/oukeh/OneDrive/桌面/code-mod-example/code-mod-framework/lib/libnx_min/nx/lib\libnx_min.a(svc.o)
                0x0000000000004ff4                svcUnmapSharedMemory
 .text.svcCreateTransferMemory
                0x0000000000004ffc       0x14 C:/Users/oukeh/OneDrive/桌面/code-mod-example/code-mod-framework/lib/libnx_min/nx/lib\libnx_min.a(svc.o)
                0x0000000000004ffc                svcCreateTransferMemory
 .text.svcCloseHandle
                0x0000000000005010        0x8 C:/Users/oukeh/OneDrive/桌面/code-mod-example/code-mod-framework/lib/libnx_min/nx/lib\libnx_min.a(svc.o)
                0x0000000000005010                svcCloseHandle
 .text.svcResetSignal
                0x0000000000005018        0x8 C:/Users/oukeh/OneDrive/桌面/code-mod-example/code-mod-framework/lib/libnx_min/nx/lib\libnx_min.a(svc.o)
                0x0000000000005018                svcResetSignal
 .text.svcWaitSynchronization
                0x0000000000005020       0x14 C:/Users/oukeh/OneDrive/桌面/code-mod-example/code-mod-framework/lib/libnx_min/nx/lib\libnx_min.a(svc.o)
                0x0000000000005020                svcWaitSynchronization
 .text.svcCancelSynchronization
                0x0000000000005034        0x8 C:/Users/oukeh/OneDrive/桌面/code-mod-example/code-mod-framework/lib/libnx_min/nx/lib\libnx_min.a(svc.o)
                0x0000000000005034                svcCancelSynchronization
 .text.svcArbitrateLock
                0x000000000000503c        0x8 C:/Users/oukeh/OneDrive/桌面/code-mod-example/code-mod-framework/lib/libnx_min/nx/lib\libnx_min.a(svc.o)
                0x000000000000503c                svcArbitrateLock
 .text.svcArbitrateUnlock
                0x0000000000005044        0x8 C:/Users/oukeh/OneDrive/桌面/code-mod-example/code-mod-framework/lib/libnx_min/nx/lib\libnx_min.a(svc.o)
                0x0000000000005044                svcArbitrateUnlock
 .text.svcWaitProcessWideKeyAtomic
                0x000000000000504c        0x8 C:/Users/oukeh/OneDrive/桌面/code-mod-example/code-mod-framework/lib/libnx_min/nx/lib\libnx_min.a(svc.o)
                0x000000000000504c                svcWaitProcessWideKeyAtomic
 .text.svcSignalProcessWideKey
                0x0000000000005054        0x8 C:/Users/oukeh/OneDrive/桌面/code-mod-example/code-mod-framework/lib/libnx_min/nx/lib\libnx_min.a(svc.o)
                0x0000000000005054                svcSignalProcessWideKey
 .text.svcGetSystemTick
                0x000000000000505c        0x8 C:/Users/oukeh/OneDrive/桌面/code-mod-example/code-mod-framework/lib/libnx_min/nx/lib\libnx_min.a(svc.o)
                0x000000000000505c                svcGetSystemTick
 .text.svcConnectToNamedPort
                0x0000000000005064       0x14 C:/Users/oukeh/OneDrive/桌面/code-mod-example/code-mod-framework/lib/libnx_min/nx/lib\libnx_min.a(svc.o)
                0x0000000000005064                svcConnectToNamedPort
 .text.svcSendSyncRequest
                0x0000000000005078        0x8 C:/Users/oukeh/OneDrive/桌面/code-mod-example/code-mod-framework/lib/libnx_min/nx/lib\libnx_min.a(svc.o)
                0x0000000000005078                svcSendSyncRequest
 .text.svcSendSyncRequestWithUserBuffer
                0x0000000000005080        0x8 C:/Users/oukeh/OneDrive/桌面/code-mod-example/code-mod-framework/lib/libnx_min/nx/lib\libnx_min.a(svc.o)
                0x0000000000005080                svcSendSyncRequestWithUserBuffer
 .text.svcSendAsyncRequestWithUserBuffer
                0x0000000000005088       0x14 C:/Users/oukeh/OneDrive/桌面/code-mod-example/code-mod-framework/lib/libnx_min/nx/lib\libnx_min.a(svc.o)
                0x0000000000005088                svcSendAsyncRequestWithUserBuffer
 .text.svcGetProcessId
                0x000000000000509c       0x14 C:/Users/oukeh/OneDrive/桌面/code-mod-example/code-mod-framework/lib/libnx_min/nx/lib\libnx_min.a(svc.o)
                0x000000000000509c                svcGetProcessId
 .text.svcGetThreadId
                0x00000000000050b0       0x14 C:/Users/oukeh/OneDrive/桌面/code-mod-example/code-mod-framework/lib/libnx_min/nx/lib\libnx_min.a(svc.o)
                0x00000000000050b0                svcGetThreadId
 .text.svcBreak
                0x00000000000050c4        0x8 C:/Users/oukeh/OneDrive/桌面/code-mod-example/code-mod-framework/lib/libnx_min/nx/lib\libnx_min.a(svc.o)
                0x00000000000050c4                svcBreak
 .text.svcOutputDebugString
                0x00000000000050cc        0x8 C:/Users/oukeh/OneDrive/桌面/code-mod-example/code-mod-framework/lib/libnx_min/nx/lib\libnx_min.a(svc.o)
                0x00000000000050cc                svcOutputDebugString
 .text.svcReturnFromException
                0x00000000000050d4        0x8 C:/Users/oukeh/OneDrive/桌面/code-mod-example/code-mod-framework/lib/libnx_min/nx/lib\libnx_min.a(svc.o)
                0x00000000000050d4                svcReturnFromException
 .text.svcGetInfo
                0x00000000000050dc       0x14 C:/Users/oukeh/OneDrive/桌面/code-mod-example/code-mod-framework/lib/libnx_min/nx/lib\libnx_min.a(svc.o)
                0x00000000000050dc                svcGetInfo
 .text.svcMapPhysicalMemory
                0x00000000000050f0        0x8 C:/Users/oukeh/OneDrive/桌面/code-mod-example/code-mod-framework/lib/libnx_min/nx/lib\libnx_min.a(svc.o)
                0x00000000000050f0                svcMapPhysicalMemory
 .text.svcUnmapPhysicalMemory
                0x00000000000050f8        0x8 C:/Users/oukeh/OneDrive/桌面/code-mod-example/code-mod-framework/lib/libnx_min/nx/lib\libnx_min.a(svc.o)
                0x00000000000050f8                svcUnmapPhysicalMemory
 .text.svcGetResourceLimitLimitValue
                0x0000000000005100       0x14 C:/Users/oukeh/OneDrive/桌面/code-mod-example/code-mod-framework/lib/libnx_min/nx/lib\libnx_min.a(svc.o)
                0x0000000000005100                svcGetResourceLimitLimitValue
 .text.svcGetResourceLimitCurrentValue
                0x0000000000005114       0x14 C:/Users/oukeh/OneDrive/桌面/code-mod-example/code-mod-framework/lib/libnx_min/nx/lib\libnx_min.a(svc.o)
                0x0000000000005114                svcGetResourceLimitCurrentValue
 .text.svcSetThreadActivity
                0x0000000000005128        0x8 C:/Users/oukeh/OneDrive/桌面/code-mod-example/code-mod-framework/lib/libnx_min/nx/lib\libnx_min.a(svc.o)
                0x0000000000005128                svcSetThreadActivity
 .text.svcGetThreadContext3
                0x0000000000005130        0x8 C:/Users/oukeh/OneDrive/桌面/code-mod-example/code-mod-framework/lib/libnx_min/nx/lib\libnx_min.a(svc.o)
                0x0000000000005130                svcGetThreadContext3
 .text.svcCreateSession
                0x0000000000005138       0x18 C:/Users/oukeh/OneDrive/桌面/code-mod-example/code-mod-framework/lib/libnx_min/nx/lib\libnx_min.a(svc.o)
                0x0000000000005138                svcCreateSession
 .text.svcAcceptSession
                0x0000000000005150       0x14 C:/Users/oukeh/OneDrive/桌面/code-mod-example/code-mod-framework/lib/libnx_min/nx/lib\libnx_min.a(svc.o)
                0x0000000000005150                svcAcceptSession
 .text.svcReplyAndReceive
                0x0000000000005164       0x14 C:/Users/oukeh/OneDrive/桌面/code-mod-example/code-mod-framework/lib/libnx_min/nx/lib\libnx_min.a(svc.o)
                0x0000000000005164                svcReplyAndReceive
 .text.svcReplyAndReceiveWithUserBuffer
                0x0000000000005178       0x14 C:/Users/oukeh/OneDrive/桌面/code-mod-example/code-mod-framework/lib/libnx_min/nx/lib\libnx_min.a(svc.o)
                0x0000000000005178                svcReplyAndReceiveWithUserBuffer
 .text.svcCreateEvent
                0x000000000000518c       0x18 C:/Users/oukeh/OneDrive/桌面/code-mod-example/code-mod-framework/lib/libnx_min/nx/lib\libnx_min.a(svc.o)
                0x000000000000518c                svcCreateEvent
 .text.svcMapPhysicalMemoryUnsafe
                0x00000000000051a4        0x8 C:/Users/oukeh/OneDrive/桌面/code-mod-example/code-mod-framework/lib/libnx_min/nx/lib\libnx_min.a(svc.o)
                0x00000000000051a4                svcMapPhysicalMemoryUnsafe
 .text.svcUnmapPhysicalMemoryUnsafe
                0x00000000000051ac        0x8 C:/Users/oukeh/OneDrive/桌面/code-mod-example/code-mod-framework/lib/libnx_min/nx/lib\libnx_min.a(svc.o)
                0x00000000000051ac                svcUnmapPhysicalMemoryUnsafe
 .text.svcSetUnsafeLimit
                0x00000000000051b4        0x8 C:/Users/oukeh/OneDrive/桌面/code-mod-example/code-mod-framework/lib/libnx_min/nx/lib\libnx_min.a(svc.o)
                0x00000000000051b4                svcSetUnsafeLimit
 .text.svcCreateCodeMemory
                0x00000000000051bc       0x14 C:/Users/oukeh/OneDrive/桌面/code-mod-example/code-mod-framework/lib/libnx_min/nx/lib\libnx_min.a(svc.o)
                0x00000000000051bc                svcCreateCodeMemory
 .text.svcControlCodeMemory
                0x00000000000051d0        0x8 C:/Users/oukeh/OneDrive/桌面/code-mod-example/code-mod-framework/lib/libnx_min/nx/lib\libnx_min.a(svc.o)
                0x00000000000051d0                svcControlCodeMemory
 .text.svcReadWriteRegister
                0x00000000000051d8       0x14 C:/Users/oukeh/OneDrive/桌面/code-mod-example/code-mod-framework/lib/libnx_min/nx/lib\libnx_min.a(svc.o)
                0x00000000000051d8                svcReadWriteRegister
 .text.svcCreateSharedMemory
                0x00000000000051ec       0x14 C:/Users/oukeh/OneDrive/桌面/code-mod-example/code-mod-framework/lib/libnx_min/nx/lib\libnx_min.a(svc.o)
                0x00000000000051ec                svcCreateSharedMemory
 .text.svcMapTransferMemory
                0x0000000000005200        0x8 C:/Users/oukeh/OneDrive/桌面/code-mod-example/code-mod-framework/lib/libnx_min/nx/lib\libnx_min.a(svc.o)
                0x0000000000005200                svcMapTransferMemory
 .text.svcUnmapTransferMemory
                0x0000000000005208        0x8 C:/Users/oukeh/OneDrive/桌面/code-mod-example/code-mod-framework/lib/libnx_min/nx/lib\libnx_min.a(svc.o)
                0x0000000000005208                svcUnmapTransferMemory
 .text.svcCreateInterruptEvent
                0x0000000000005210       0x14 C:/Users/oukeh/OneDrive/桌面/code-mod-example/code-mod-framework/lib/libnx_min/nx/lib\libnx_min.a(svc.o)
                0x0000000000005210                svcCreateInterruptEvent
 .text.svcQueryPhysicalAddress
                0x0000000000005224       0x18 C:/Users/oukeh/OneDrive/桌面/code-mod-example/code-mod-framework/lib/libnx_min/nx/lib\libnx_min.a(svc.o)
                0x0000000000005224                svcQueryPhysicalAddress
 .text.svcQueryIoMapping
                0x000000000000523c       0x14 C:/Users/oukeh/OneDrive/桌面/code-mod-example/code-mod-framework/lib/libnx_min/nx/lib\libnx_min.a(svc.o)
                0x000000000000523c                svcQueryIoMapping
 .text.svcCreateDeviceAddressSpace
                0x0000000000005250       0x14 C:/Users/oukeh/OneDrive/桌面/code-mod-example/code-mod-framework/lib/libnx_min/nx/lib\libnx_min.a(svc.o)
                0x0000000000005250                svcCreateDeviceAddressSpace
 .text.svcAttachDeviceAddressSpace
                0x0000000000005264        0x8 C:/Users/oukeh/OneDrive/桌面/code-mod-example/code-mod-framework/lib/libnx_min/nx/lib\libnx_min.a(svc.o)
                0x0000000000005264                svcAttachDeviceAddressSpace
 .text.svcDetachDeviceAddressSpace
                0x000000000000526c        0x8 C:/Users/oukeh/OneDrive/桌面/code-mod-example/code-mod-framework/lib/libnx_min/nx/lib\libnx_min.a(svc.o)
                0x000000000000526c                svcDetachDeviceAddressSpace
 .text.svcMapDeviceAddressSpaceByForce
                0x0000000000005274        0x8 C:/Users/oukeh/OneDrive/桌面/code-mod-example/code-mod-framework/lib/libnx_min/nx/lib\libnx_min.a(svc.o)
                0x0000000000005274                svcMapDeviceAddressSpaceByForce
 .text.svcMapDeviceAddressSpaceAligned
                0x000000000000527c        0x8 C:/Users/oukeh/OneDrive/桌面/code-mod-example/code-mod-framework/lib/libnx_min/nx/lib\libnx_min.a(svc.o)
                0x000000000000527c                svcMapDeviceAddressSpaceAligned
 .text.svcUnmapDeviceAddressSpace
                0x0000000000005284        0x8 C:/Users/oukeh/OneDrive/桌面/code-mod-example/code-mod-framework/lib/libnx_min/nx/lib\libnx_min.a(svc.o)
                0x0000000000005284                svcUnmapDeviceAddressSpace
 .text.svcDebugActiveProcess
                0x000000000000528c       0x14 C:/Users/oukeh/OneDrive/桌面/code-mod-example/code-mod-framework/lib/libnx_min/nx/lib\libnx_min.a(svc.o)
                0x000000000000528c                svcDebugActiveProcess
 .text.svcBreakDebugProcess
                0x00000000000052a0        0x8 C:/Users/oukeh/OneDrive/桌面/code-mod-example/code-mod-framework/lib/libnx_min/nx/lib\libnx_min.a(svc.o)
                0x00000000000052a0                svcBreakDebugProcess
 .text.svcTerminateDebugProcess
                0x00000000000052a8        0x8 C:/Users/oukeh/OneDrive/桌面/code-mod-example/code-mod-framework/lib/libnx_min/nx/lib\libnx_min.a(svc.o)
                0x00000000000052a8                svcTerminateDebugProcess
 .text.svcGetDebugEvent
                0x00000000000052b0        0x8 C:/Users/oukeh/OneDrive/桌面/code-mod-example/code-mod-framework/lib/libnx_min/nx/lib\libnx_min.a(svc.o)
                0x00000000000052b0                svcGetDebugEvent
 .text.svcLegacyContinueDebugEvent
                0x00000000000052b8        0x8 C:/Users/oukeh/OneDrive/桌面/code-mod-example/code-mod-framework/lib/libnx_min/nx/lib\libnx_min.a(svc.o)
                0x00000000000052b8                svcLegacyContinueDebugEvent
 .text.svcContinueDebugEvent
                0x00000000000052c0        0x8 C:/Users/oukeh/OneDrive/桌面/code-mod-example/code-mod-framework/lib/libnx_min/nx/lib\libnx_min.a(svc.o)
                0x00000000000052c0                svcContinueDebugEvent
 .text.svcGetProcessList
                0x00000000000052c8       0x14 C:/Users/oukeh/OneDrive/桌面/code-mod-example/code-mod-framework/lib/libnx_min/nx/lib\libnx_min.a(svc.o)
                0x00000000000052c8                svcGetProcessList
 .text.svcGetThreadList
                0x00000000000052dc       0x14 C:/Users/oukeh/OneDrive/桌面/code-mod-example/code-mod-framework/lib/libnx_min/nx/lib\libnx_min.a(svc.o)
                0x00000000000052dc                svcGetThreadList
 .text.svcGetDebugThreadContext
                0x00000000000052f0        0x8 C:/Users/oukeh/OneDrive/桌面/code-mod-example/code-mod-framework/lib/libnx_min/nx/lib\libnx_min.a(svc.o)
                0x00000000000052f0                svcGetDebugThreadContext
 .text.svcSetDebugThreadContext
                0x00000000000052f8        0x8 C:/Users/oukeh/OneDrive/桌面/code-mod-example/code-mod-framework/lib/libnx_min/nx/lib\libnx_min.a(svc.o)
                0x00000000000052f8                svcSetDebugThreadContext
 .text.svcQueryDebugProcessMemory
                0x0000000000005300       0x14 C:/Users/oukeh/OneDrive/桌面/code-mod-example/code-mod-framework/lib/libnx_min/nx/lib\libnx_min.a(svc.o)
                0x0000000000005300                svcQueryDebugProcessMemory
 .text.svcReadDebugProcessMemory
                0x0000000000005314        0x8 C:/Users/oukeh/OneDrive/桌面/code-mod-example/code-mod-framework/lib/libnx_min/nx/lib\libnx_min.a(svc.o)
                0x0000000000005314                svcReadDebugProcessMemory
 .text.svcWriteDebugProcessMemory
                0x000000000000531c        0x8 C:/Users/oukeh/OneDrive/桌面/code-mod-example/code-mod-framework/lib/libnx_min/nx/lib\libnx_min.a(svc.o)
                0x000000000000531c                svcWriteDebugProcessMemory
 .text.svcGetDebugThreadParam
                0x0000000000005324       0x18 C:/Users/oukeh/OneDrive/桌面/code-mod-example/code-mod-framework/lib/libnx_min/nx/lib\libnx_min.a(svc.o)
                0x0000000000005324                svcGetDebugThreadParam
 .text.svcGetSystemInfo
                0x000000000000533c       0x14 C:/Users/oukeh/OneDrive/桌面/code-mod-example/code-mod-framework/lib/libnx_min/nx/lib\libnx_min.a(svc.o)
                0x000000000000533c                svcGetSystemInfo
 .text.svcCreatePort
                0x0000000000005350       0x18 C:/Users/oukeh/OneDrive/桌面/code-mod-example/code-mod-framework/lib/libnx_min/nx/lib\libnx_min.a(svc.o)
                0x0000000000005350                svcCreatePort
 .text.svcManageNamedPort
                0x0000000000005368       0x14 C:/Users/oukeh/OneDrive/桌面/code-mod-example/code-mod-framework/lib/libnx_min/nx/lib\libnx_min.a(svc.o)
                0x0000000000005368                svcManageNamedPort
 .text.svcConnectToPort
                0x000000000000537c       0x14 C:/Users/oukeh/OneDrive/桌面/code-mod-example/code-mod-framework/lib/libnx_min/nx/lib\libnx_min.a(svc.o)
                0x000000000000537c                svcConnectToPort
 .text.svcSetProcessMemoryPermission
                0x0000000000005390        0x8 C:/Users/oukeh/OneDrive/桌面/code-mod-example/code-mod-framework/lib/libnx_min/nx/lib\libnx_min.a(svc.o)
                0x0000000000005390                svcSetProcessMemoryPermission
 .text.svcMapProcessMemory
                0x0000000000005398        0x8 C:/Users/oukeh/OneDrive/桌面/code-mod-example/code-mod-framework/lib/libnx_min/nx/lib\libnx_min.a(svc.o)
                0x0000000000005398                svcMapProcessMemory
 .text.svcUnmapProcessMemory
                0x00000000000053a0        0x8 C:/Users/oukeh/OneDrive/桌面/code-mod-example/code-mod-framework/lib/libnx_min/nx/lib\libnx_min.a(svc.o)
                0x00000000000053a0                svcUnmapProcessMemory
 .text.svcQueryProcessMemory
                0x00000000000053a8       0x14 C:/Users/oukeh/OneDrive/桌面/code-mod-example/code-mod-framework/lib/libnx_min/nx/lib\libnx_min.a(svc.o)
                0x00000000000053a8                svcQueryProcessMemory
 .text.svcMapProcessCodeMemory
                0x00000000000053bc        0x8 C:/Users/oukeh/OneDrive/桌面/code-mod-example/code-mod-framework/lib/libnx_min/nx/lib\libnx_min.a(svc.o)
                0x00000000000053bc                svcMapProcessCodeMemory
 .text.svcUnmapProcessCodeMemory
                0x00000000000053c4        0x8 C:/Users/oukeh/OneDrive/桌面/code-mod-example/code-mod-framework/lib/libnx_min/nx/lib\libnx_min.a(svc.o)
                0x00000000000053c4                svcUnmapProcessCodeMemory
 .text.svcCreateProcess
                0x00000000000053cc       0x14 C:/Users/oukeh/OneDrive/桌面/code-mod-example/code-mod-framework/lib/libnx_min/nx/lib\libnx_min.a(svc.o)
                0x00000000000053cc                svcCreateProcess
 .text.svcStartProcess
                0x00000000000053e0        0x8 C:/Users/oukeh/OneDrive/桌面/code-mod-example/code-mod-framework/lib/libnx_min/nx/lib\libnx_min.a(svc.o)
                0x00000000000053e0                svcStartProcess
 .text.svcTerminateProcess
                0x00000000000053e8        0x8 C:/Users/oukeh/OneDrive/桌面/code-mod-example/code-mod-framework/lib/libnx_min/nx/lib\libnx_min.a(svc.o)
                0x00000000000053e8                svcTerminateProcess
 .text.svcGetProcessInfo
                0x00000000000053f0       0x14 C:/Users/oukeh/OneDrive/桌面/code-mod-example/code-mod-framework/lib/libnx_min/nx/lib\libnx_min.a(svc.o)
                0x00000000000053f0                svcGetProcessInfo
 .text.svcCreateResourceLimit
                0x0000000000005404       0x14 C:/Users/oukeh/OneDrive/桌面/code-mod-example/code-mod-framework/lib/libnx_min/nx/lib\libnx_min.a(svc.o)
                0x0000000000005404                svcCreateResourceLimit
 .text.svcSetResourceLimitLimitValue
                0x0000000000005418        0x8 C:/Users/oukeh/OneDrive/桌面/code-mod-example/code-mod-framework/lib/libnx_min/nx/lib\libnx_min.a(svc.o)
                0x0000000000005418                svcSetResourceLimitLimitValue
 .text.svcCallSecureMonitor
                0x0000000000005420       0x34 C:/Users/oukeh/OneDrive/桌面/code-mod-example/code-mod-framework/lib/libnx_min/nx/lib\libnx_min.a(svc.o)
                0x0000000000005420                svcCallSecureMonitor
 .text.__aarch64_read_tp
                0x0000000000005454        0xc C:/Users/oukeh/OneDrive/桌面/code-mod-example/code-mod-framework/lib/libnx_min/nx/lib\libnx_min.a(readtp.o)
                0x0000000000005454                __aarch64_read_tp
 .text._GetRegionFromInfo.isra.1
                0x0000000000005460       0x7c C:/Users/oukeh/OneDrive/桌面/code-mod-example/code-mod-framework/lib/libnx_min/nx/lib\libnx_min.a(virtmem.o)
 *fill*         0x00000000000054dc        0x4 
 .text.virtmemSetup
                0x00000000000054e0      0x114 C:/Users/oukeh/OneDrive/桌面/code-mod-example/code-mod-framework/lib/libnx_min/nx/lib\libnx_min.a(virtmem.o)
                0x00000000000054e0                virtmemSetup
 *fill*         0x00000000000055f4        0xc 
 .text.virtmemReserve
                0x0000000000005600      0x13c C:/Users/oukeh/OneDrive/桌面/code-mod-example/code-mod-framework/lib/libnx_min/nx/lib\libnx_min.a(virtmem.o)
                0x0000000000005600                virtmemReserve
 *fill*         0x000000000000573c        0x4 
 .text.virtmemFree
                0x0000000000005740        0x4 C:/Users/oukeh/OneDrive/桌面/code-mod-example/code-mod-framework/lib/libnx_min/nx/lib\libnx_min.a(virtmem.o)
                0x0000000000005740                virtmemFree
 *fill*         0x0000000000005744        0xc 
 .text.virtmemReserveStack
                0x0000000000005750       0xc8 C:/Users/oukeh/OneDrive/桌面/code-mod-example/code-mod-framework/lib/libnx_min/nx/lib\libnx_min.a(virtmem.o)
                0x0000000000005750                virtmemReserveStack
 *fill*         0x0000000000005818        0x8 
 .text.virtmemFreeStack
                0x0000000000005820        0x4 C:/Users/oukeh/OneDrive/桌面/code-mod-example/code-mod-framework/lib/libnx_min/nx/lib\libnx_min.a(virtmem.o)
                0x0000000000005820                virtmemFreeStack
 *fill*         0x0000000000005824        0xc 
 .text.mutexLock
                0x0000000000005830       0x8c C:/Users/oukeh/OneDrive/桌面/code-mod-example/code-mod-framework/lib/libnx_min/nx/lib\libnx_min.a(mutex.o)
                0x0000000000005830                mutexLock
 *fill*         0x00000000000058bc        0x4 
 .text.mutexTryLock
                0x00000000000058c0       0x34 C:/Users/oukeh/OneDrive/桌面/code-mod-example/code-mod-framework/lib/libnx_min/nx/lib\libnx_min.a(mutex.o)
                0x00000000000058c0                mutexTryLock
 *fill*         0x00000000000058f4        0xc 
 .text.mutexUnlock
                0x0000000000005900       0x30 C:/Users/oukeh/OneDrive/桌面/code-mod-example/code-mod-framework/lib/libnx_min/nx/lib\libnx_min.a(mutex.o)
                0x0000000000005900                mutexUnlock
 .text.rmutexLock
                0x0000000000005930       0x4c C:/Users/oukeh/OneDrive/桌面/code-mod-example/code-mod-framework/lib/libnx_min/nx/lib\libnx_min.a(mutex.o)
                0x0000000000005930                rmutexLock
 *fill*         0x000000000000597c        0x4 
 .text.rmutexTryLock
                0x0000000000005980       0x5c C:/Users/oukeh/OneDrive/桌面/code-mod-example/code-mod-framework/lib/libnx_min/nx/lib\libnx_min.a(mutex.o)
                0x0000000000005980                rmutexTryLock
 *fill*         0x00000000000059dc        0x4 
 .text.rmutexUnlock
                0x00000000000059e0       0x1c C:/Users/oukeh/OneDrive/桌面/code-mod-example/code-mod-framework/lib/libnx_min/nx/lib\libnx_min.a(mutex.o)
                0x00000000000059e0                rmutexUnlock
 *fill*         0x00000000000059fc        0x4 
 .text.ipcPrepareHeader
                0x0000000000005a00      0x220 C:/Users/oukeh/OneDrive/桌面/code-mod-example/code-mod-framework/lib/libnx_min/nx/lib\libnx_min.a(fs.o)
 .text.ipcParse
                0x0000000000005c20      0x22c C:/Users/oukeh/OneDrive/桌面/code-mod-example/code-mod-framework/lib/libnx_min/nx/lib\libnx_min.a(fs.o)
 *fill*         0x0000000000005e4c        0x4 
 .text.serviceIpcParse
                0x0000000000005e50       0xb0 C:/Users/oukeh/OneDrive/桌面/code-mod-example/code-mod-framework/lib/libnx_min/nx/lib\libnx_min.a(fs.o)
 .text.ipcCloseObjectById
                0x0000000000005f00       0x34 C:/Users/oukeh/OneDrive/桌面/code-mod-example/code-mod-framework/lib/libnx_min/nx/lib\libnx_min.a(fs.o)
 *fill*         0x0000000000005f34        0xc 
 .text._fsDeviceOperatorCheckInserted
                0x0000000000005f40      0x19c C:/Users/oukeh/OneDrive/桌面/code-mod-example/code-mod-framework/lib/libnx_min/nx/lib\libnx_min.a(fs.o)
 *fill*         0x00000000000060dc        0x4 
 .text.fsFsQueryEntry.part.12
                0x00000000000060e0      0x274 C:/Users/oukeh/OneDrive/桌面/code-mod-example/code-mod-framework/lib/libnx_min/nx/lib\libnx_min.a(fs.o)
 *fill*         0x0000000000006354        0xc 
 .text.fsInitialize
                0x0000000000006360      0x200 C:/Users/oukeh/OneDrive/桌面/code-mod-example/code-mod-framework/lib/libnx_min/nx/lib\libnx_min.a(fs.o)
                0x0000000000006360                fsInitialize
 .text.fsExit   0x0000000000006560       0x9c C:/Users/oukeh/OneDrive/桌面/code-mod-example/code-mod-framework/lib/libnx_min/nx/lib\libnx_min.a(fs.o)
                0x0000000000006560                fsExit
 *fill*         0x00000000000065fc        0x4 
 .text.fsGetServiceSession
                0x0000000000006600        0xc C:/Users/oukeh/OneDrive/桌面/code-mod-example/code-mod-framework/lib/libnx_min/nx/lib\libnx_min.a(fs.o)
                0x0000000000006600                fsGetServiceSession
 *fill*         0x000000000000660c        0x4 
 .text.fsOpenBisStorage
                0x0000000000006610      0x1ec C:/Users/oukeh/OneDrive/桌面/code-mod-example/code-mod-framework/lib/libnx_min/nx/lib\libnx_min.a(fs.o)
                0x0000000000006610                fsOpenBisStorage
 *fill*         0x00000000000067fc        0x4 
 .text.fsOpenBisFileSystem
                0x0000000000006800      0x170 C:/Users/oukeh/OneDrive/桌面/code-mod-example/code-mod-framework/lib/libnx_min/nx/lib\libnx_min.a(fs.o)
                0x0000000000006800                fsOpenBisFileSystem
 .text.fsMountSdcard
                0x0000000000006970      0x1cc C:/Users/oukeh/OneDrive/桌面/code-mod-example/code-mod-framework/lib/libnx_min/nx/lib\libnx_min.a(fs.o)
                0x0000000000006970                fsMountSdcard
 *fill*         0x0000000000006b3c        0x4 
 .text.fsMountSaveData
                0x0000000000006b40      0x208 C:/Users/oukeh/OneDrive/桌面/code-mod-example/code-mod-framework/lib/libnx_min/nx/lib\libnx_min.a(fs.o)
                0x0000000000006b40                fsMountSaveData
 *fill*         0x0000000000006d48        0x8 
 .text.fsMountSystemSaveData
                0x0000000000006d50      0x208 C:/Users/oukeh/OneDrive/桌面/code-mod-example/code-mod-framework/lib/libnx_min/nx/lib\libnx_min.a(fs.o)
                0x0000000000006d50                fsMountSystemSaveData
 *fill*         0x0000000000006f58        0x8 
 .text.fsOpenSaveDataIterator
                0x0000000000006f60      0x1e0 C:/Users/oukeh/OneDrive/桌面/code-mod-example/code-mod-framework/lib/libnx_min/nx/lib\libnx_min.a(fs.o)
                0x0000000000006f60                fsOpenSaveDataIterator
 .text.fsOpenContentStorageFileSystem
                0x0000000000007140      0x1d4 C:/Users/oukeh/OneDrive/桌面/code-mod-example/code-mod-framework/lib/libnx_min/nx/lib\libnx_min.a(fs.o)
                0x0000000000007140                fsOpenContentStorageFileSystem
 *fill*         0x0000000000007314        0xc 
 .text.fsOpenDataStorageByCurrentProcess
                0x0000000000007320      0x1cc C:/Users/oukeh/OneDrive/桌面/code-mod-example/code-mod-framework/lib/libnx_min/nx/lib\libnx_min.a(fs.o)
                0x0000000000007320                fsOpenDataStorageByCurrentProcess
 *fill*         0x00000000000074ec        0x4 
 .text.fsOpenDataStorageByDataId
                0x00000000000074f0      0x200 C:/Users/oukeh/OneDrive/桌面/code-mod-example/code-mod-framework/lib/libnx_min/nx/lib\libnx_min.a(fs.o)
                0x00000000000074f0                fsOpenDataStorageByDataId
 .text.fsOpenDeviceOperator
                0x00000000000076f0      0x1cc C:/Users/oukeh/OneDrive/桌面/code-mod-example/code-mod-framework/lib/libnx_min/nx/lib\libnx_min.a(fs.o)
                0x00000000000076f0                fsOpenDeviceOperator
 *fill*         0x00000000000078bc        0x4 
 .text.fsOpenSdCardDetectionEventNotifier
                0x00000000000078c0      0x1cc C:/Users/oukeh/OneDrive/桌面/code-mod-example/code-mod-framework/lib/libnx_min/nx/lib\libnx_min.a(fs.o)
                0x00000000000078c0                fsOpenSdCardDetectionEventNotifier
 *fill*         0x0000000000007a8c        0x4 
 .text.fsGetRightsIdByPath
                0x0000000000007a90      0x174 C:/Users/oukeh/OneDrive/桌面/code-mod-example/code-mod-framework/lib/libnx_min/nx/lib\libnx_min.a(fs.o)
                0x0000000000007a90                fsGetRightsIdByPath
 *fill*         0x0000000000007c04        0xc 
 .text.fsGetRightsIdAndKeyGenerationByPath
                0x0000000000007c10      0x184 C:/Users/oukeh/OneDrive/桌面/code-mod-example/code-mod-framework/lib/libnx_min/nx/lib\libnx_min.a(fs.o)
                0x0000000000007c10                fsGetRightsIdAndKeyGenerationByPath
 *fill*         0x0000000000007d94        0xc 
 .text.fsIsExFatSupported
                0x0000000000007da0      0x138 C:/Users/oukeh/OneDrive/桌面/code-mod-example/code-mod-framework/lib/libnx_min/nx/lib\libnx_min.a(fs.o)
                0x0000000000007da0                fsIsExFatSupported
 *fill*         0x0000000000007ed8        0x8 
 .text.fsMount_SaveData
                0x0000000000007ee0       0x3c C:/Users/oukeh/OneDrive/桌面/code-mod-example/code-mod-framework/lib/libnx_min/nx/lib\libnx_min.a(fs.o)
                0x0000000000007ee0                fsMount_SaveData
 *fill*         0x0000000000007f1c        0x4 
 .text.fsMount_SystemSaveData
                0x0000000000007f20       0x30 C:/Users/oukeh/OneDrive/桌面/code-mod-example/code-mod-framework/lib/libnx_min/nx/lib\libnx_min.a(fs.o)
                0x0000000000007f20                fsMount_SystemSaveData
 .text.fsOpenFileSystemWithId
                0x0000000000007f50      0x248 C:/Users/oukeh/OneDrive/桌面/code-mod-example/code-mod-framework/lib/libnx_min/nx/lib\libnx_min.a(fs.o)
                0x0000000000007f50                fsOpenFileSystemWithId
 *fill*         0x0000000000008198        0x8 
 .text.fsOpenFileSystem
                0x00000000000081a0       0x10 C:/Users/oukeh/OneDrive/桌面/code-mod-example/code-mod-framework/lib/libnx_min/nx/lib\libnx_min.a(fs.o)
                0x00000000000081a0                fsOpenFileSystem
 .text.fsOpenFileSystemWithPatch
                0x00000000000081b0      0x184 C:/Users/oukeh/OneDrive/桌面/code-mod-example/code-mod-framework/lib/libnx_min/nx/lib\libnx_min.a(fs.o)
                0x00000000000081b0                fsOpenFileSystemWithPatch
 *fill*         0x0000000000008334        0xc 
 .text.fsFsCreateFile
                0x0000000000008340      0x1a4 C:/Users/oukeh/OneDrive/桌面/code-mod-example/code-mod-framework/lib/libnx_min/nx/lib\libnx_min.a(fs.o)
                0x0000000000008340                fsFsCreateFile
 *fill*         0x00000000000084e4        0xc 
 .text.fsFsDeleteFile
                0x00000000000084f0      0x19c C:/Users/oukeh/OneDrive/桌面/code-mod-example/code-mod-framework/lib/libnx_min/nx/lib\libnx_min.a(fs.o)
                0x00000000000084f0                fsFsDeleteFile
 *fill*         0x000000000000868c        0x4 
 .text.fsFsCreateDirectory
                0x0000000000008690      0x19c C:/Users/oukeh/OneDrive/桌面/code-mod-example/code-mod-framework/lib/libnx_min/nx/lib\libnx_min.a(fs.o)
                0x0000000000008690                fsFsCreateDirectory
 *fill*         0x000000000000882c        0x4 
 .text.fsFsDeleteDirectory
                0x0000000000008830      0x19c C:/Users/oukeh/OneDrive/桌面/code-mod-example/code-mod-framework/lib/libnx_min/nx/lib\libnx_min.a(fs.o)
                0x0000000000008830                fsFsDeleteDirectory
 *fill*         0x00000000000089cc        0x4 
 .text.fsFsDeleteDirectoryRecursively
                0x00000000000089d0      0x19c C:/Users/oukeh/OneDrive/桌面/code-mod-example/code-mod-framework/lib/libnx_min/nx/lib\libnx_min.a(fs.o)
                0x00000000000089d0                fsFsDeleteDirectoryRecursively
 *fill*         0x0000000000008b6c        0x4 
 .text.fsFsRenameFile
                0x0000000000008b70      0x214 C:/Users/oukeh/OneDrive/桌面/code-mod-example/code-mod-framework/lib/libnx_min/nx/lib\libnx_min.a(fs.o)
                0x0000000000008b70                fsFsRenameFile
 *fill*         0x0000000000008d84        0xc 
 .text.fsFsRenameDirectory
                0x0000000000008d90      0x214 C:/Users/oukeh/OneDrive/桌面/code-mod-example/code-mod-framework/lib/libnx_min/nx/lib\libnx_min.a(fs.o)
                0x0000000000008d90                fsFsRenameDirectory
 *fill*         0x0000000000008fa4        0xc 
 .text.fsFsGetEntryType
                0x0000000000008fb0      0x1b0 C:/Users/oukeh/OneDrive/桌面/code-mod-example/code-mod-framework/lib/libnx_min/nx/lib\libnx_min.a(fs.o)
                0x0000000000008fb0                fsFsGetEntryType
 .text.fsFsOpenFile
                0x0000000000009160      0x1e4 C:/Users/oukeh/OneDrive/桌面/code-mod-example/code-mod-framework/lib/libnx_min/nx/lib\libnx_min.a(fs.o)
                0x0000000000009160                fsFsOpenFile
 *fill*         0x0000000000009344        0xc 
 .text.fsFsOpenDirectory
                0x0000000000009350      0x1f8 C:/Users/oukeh/OneDrive/桌面/code-mod-example/code-mod-framework/lib/libnx_min/nx/lib\libnx_min.a(fs.o)
                0x0000000000009350                fsFsOpenDirectory
 *fill*         0x0000000000009548        0x8 
 .text.fsFsCommit
                0x0000000000009550      0x17c C:/Users/oukeh/OneDrive/桌面/code-mod-example/code-mod-framework/lib/libnx_min/nx/lib\libnx_min.a(fs.o)
                0x0000000000009550                fsFsCommit
 *fill*         0x00000000000096cc        0x4 
 .text.fsFsGetFreeSpace
                0x00000000000096d0      0x1b0 C:/Users/oukeh/OneDrive/桌面/code-mod-example/code-mod-framework/lib/libnx_min/nx/lib\libnx_min.a(fs.o)
                0x00000000000096d0                fsFsGetFreeSpace
 .text.fsFsGetTotalSpace
                0x0000000000009880      0x1b0 C:/Users/oukeh/OneDrive/桌面/code-mod-example/code-mod-framework/lib/libnx_min/nx/lib\libnx_min.a(fs.o)
                0x0000000000009880                fsFsGetTotalSpace
 .text.fsFsCleanDirectoryRecursively
                0x0000000000009a30      0x140 C:/Users/oukeh/OneDrive/桌面/code-mod-example/code-mod-framework/lib/libnx_min/nx/lib\libnx_min.a(fs.o)
                0x0000000000009a30                fsFsCleanDirectoryRecursively
 .text.fsFsGetFileTimeStampRaw
                0x0000000000009b70      0x194 C:/Users/oukeh/OneDrive/桌面/code-mod-example/code-mod-framework/lib/libnx_min/nx/lib\libnx_min.a(fs.o)
                0x0000000000009b70                fsFsGetFileTimeStampRaw
 *fill*         0x0000000000009d04        0xc 
 .text.fsFsQueryEntry
                0x0000000000009d10       0x60 C:/Users/oukeh/OneDrive/桌面/code-mod-example/code-mod-framework/lib/libnx_min/nx/lib\libnx_min.a(fs.o)
                0x0000000000009d10                fsFsQueryEntry
 .text.fsFsSetArchiveBit
                0x0000000000009d70       0x1c C:/Users/oukeh/OneDrive/桌面/code-mod-example/code-mod-framework/lib/libnx_min/nx/lib\libnx_min.a(fs.o)
                0x0000000000009d70                fsFsSetArchiveBit
 *fill*         0x0000000000009d8c        0x4 
 .text.fsFsClose
                0x0000000000009d90       0x6c C:/Users/oukeh/OneDrive/桌面/code-mod-example/code-mod-framework/lib/libnx_min/nx/lib\libnx_min.a(fs.o)
                0x0000000000009d90                fsFsClose
 *fill*         0x0000000000009dfc        0x4 
 .text.fsFileRead
                0x0000000000009e00      0x1f8 C:/Users/oukeh/OneDrive/桌面/code-mod-example/code-mod-framework/lib/libnx_min/nx/lib\libnx_min.a(fs.o)
                0x0000000000009e00                fsFileRead
 *fill*         0x0000000000009ff8        0x8 
 .text.fsFileWrite
                0x000000000000a000      0x1cc C:/Users/oukeh/OneDrive/桌面/code-mod-example/code-mod-framework/lib/libnx_min/nx/lib\libnx_min.a(fs.o)
                0x000000000000a000                fsFileWrite
 *fill*         0x000000000000a1cc        0x4 
 .text.fsFileFlush
                0x000000000000a1d0      0x17c C:/Users/oukeh/OneDrive/桌面/code-mod-example/code-mod-framework/lib/libnx_min/nx/lib\libnx_min.a(fs.o)
                0x000000000000a1d0                fsFileFlush
 *fill*         0x000000000000a34c        0x4 
 .text.fsFileSetSize
                0x000000000000a350      0x18c C:/Users/oukeh/OneDrive/桌面/code-mod-example/code-mod-framework/lib/libnx_min/nx/lib\libnx_min.a(fs.o)
                0x000000000000a350                fsFileSetSize
 *fill*         0x000000000000a4dc        0x4 
 .text.fsFileGetSize
                0x000000000000a4e0      0x194 C:/Users/oukeh/OneDrive/桌面/code-mod-example/code-mod-framework/lib/libnx_min/nx/lib\libnx_min.a(fs.o)
                0x000000000000a4e0                fsFileGetSize
 *fill*         0x000000000000a674        0xc 
 .text.fsFileOperateRange
                0x000000000000a680      0x180 C:/Users/oukeh/OneDrive/桌面/code-mod-example/code-mod-framework/lib/libnx_min/nx/lib\libnx_min.a(fs.o)
                0x000000000000a680                fsFileOperateRange
 .text.fsFileClose
                0x000000000000a800       0x6c C:/Users/oukeh/OneDrive/桌面/code-mod-example/code-mod-framework/lib/libnx_min/nx/lib\libnx_min.a(fs.o)
                0x000000000000a800                fsFileClose
 *fill*         0x000000000000a86c        0x4 
 .text.fsDirClose
                0x000000000000a870       0x6c C:/Users/oukeh/OneDrive/桌面/code-mod-example/code-mod-framework/lib/libnx_min/nx/lib\libnx_min.a(fs.o)
                0x000000000000a870                fsDirClose
 *fill*         0x000000000000a8dc        0x4 
 .text.fsDirRead
                0x000000000000a8e0      0x1ec C:/Users/oukeh/OneDrive/桌面/code-mod-example/code-mod-framework/lib/libnx_min/nx/lib\libnx_min.a(fs.o)
                0x000000000000a8e0                fsDirRead
 *fill*         0x000000000000aacc        0x4 
 .text.fsDirGetEntryCount
                0x000000000000aad0      0x198 C:/Users/oukeh/OneDrive/桌面/code-mod-example/code-mod-framework/lib/libnx_min/nx/lib\libnx_min.a(fs.o)
                0x000000000000aad0                fsDirGetEntryCount
 *fill*         0x000000000000ac68        0x8 
 .text.fsStorageRead
                0x000000000000ac70      0x1d0 C:/Users/oukeh/OneDrive/桌面/code-mod-example/code-mod-framework/lib/libnx_min/nx/lib\libnx_min.a(fs.o)
                0x000000000000ac70                fsStorageRead
 .text.fsStorageWrite
                0x000000000000ae40      0x1d0 C:/Users/oukeh/OneDrive/桌面/code-mod-example/code-mod-framework/lib/libnx_min/nx/lib\libnx_min.a(fs.o)
                0x000000000000ae40                fsStorageWrite
 .text.fsStorageFlush
                0x000000000000b010      0x17c C:/Users/oukeh/OneDrive/桌面/code-mod-example/code-mod-framework/lib/libnx_min/nx/lib\libnx_min.a(fs.o)
                0x000000000000b010                fsStorageFlush
 *fill*         0x000000000000b18c        0x4 
 .text.fsStorageSetSize
                0x000000000000b190      0x18c C:/Users/oukeh/OneDrive/桌面/code-mod-example/code-mod-framework/lib/libnx_min/nx/lib\libnx_min.a(fs.o)
                0x000000000000b190                fsStorageSetSize
 *fill*         0x000000000000b31c        0x4 
 .text.fsStorageGetSize
                0x000000000000b320      0x194 C:/Users/oukeh/OneDrive/桌面/code-mod-example/code-mod-framework/lib/libnx_min/nx/lib\libnx_min.a(fs.o)
                0x000000000000b320                fsStorageGetSize
 *fill*         0x000000000000b4b4        0xc 
 .text.fsStorageOperateRange
                0x000000000000b4c0      0x180 C:/Users/oukeh/OneDrive/桌面/code-mod-example/code-mod-framework/lib/libnx_min/nx/lib\libnx_min.a(fs.o)
                0x000000000000b4c0                fsStorageOperateRange
 .text.fsStorageClose
                0x000000000000b640       0x6c C:/Users/oukeh/OneDrive/桌面/code-mod-example/code-mod-framework/lib/libnx_min/nx/lib\libnx_min.a(fs.o)
                0x000000000000b640                fsStorageClose
 *fill*         0x000000000000b6ac        0x4 
 .text.fsSaveDataIteratorRead
                0x000000000000b6b0      0x1d0 C:/Users/oukeh/OneDrive/桌面/code-mod-example/code-mod-framework/lib/libnx_min/nx/lib\libnx_min.a(fs.o)
                0x000000000000b6b0                fsSaveDataIteratorRead
 .text.fsSaveDataIteratorClose
                0x000000000000b880       0x6c C:/Users/oukeh/OneDrive/桌面/code-mod-example/code-mod-framework/lib/libnx_min/nx/lib\libnx_min.a(fs.o)
                0x000000000000b880                fsSaveDataIteratorClose
 *fill*         0x000000000000b8ec        0x4 
 .text.fsEventNotifierGetEventHandle
                0x000000000000b8f0      0x188 C:/Users/oukeh/OneDrive/桌面/code-mod-example/code-mod-framework/lib/libnx_min/nx/lib\libnx_min.a(fs.o)
                0x000000000000b8f0                fsEventNotifierGetEventHandle
 *fill*         0x000000000000ba78        0x8 
 .text.fsEventNotifierClose
                0x000000000000ba80       0x6c C:/Users/oukeh/OneDrive/桌面/code-mod-example/code-mod-framework/lib/libnx_min/nx/lib\libnx_min.a(fs.o)
                0x000000000000ba80                fsEventNotifierClose
 *fill*         0x000000000000baec        0x4 
 .text.fsDeviceOperatorIsSdCardInserted
                0x000000000000baf0        0xc C:/Users/oukeh/OneDrive/桌面/code-mod-example/code-mod-framework/lib/libnx_min/nx/lib\libnx_min.a(fs.o)
                0x000000000000baf0                fsDeviceOperatorIsSdCardInserted
 *fill*         0x000000000000bafc        0x4 
 .text.fsDeviceOperatorIsGameCardInserted
                0x000000000000bb00        0xc C:/Users/oukeh/OneDrive/桌面/code-mod-example/code-mod-framework/lib/libnx_min/nx/lib\libnx_min.a(fs.o)
                0x000000000000bb00                fsDeviceOperatorIsGameCardInserted
 *fill*         0x000000000000bb0c        0x4 
 .text.fsDeviceOperatorGetGameCardHandle
                0x000000000000bb10      0x190 C:/Users/oukeh/OneDrive/桌面/code-mod-example/code-mod-framework/lib/libnx_min/nx/lib\libnx_min.a(fs.o)
                0x000000000000bb10                fsDeviceOperatorGetGameCardHandle
 .text.fsDeviceOperatorGetGameCardAttribute
                0x000000000000bca0      0x18c C:/Users/oukeh/OneDrive/桌面/code-mod-example/code-mod-framework/lib/libnx_min/nx/lib\libnx_min.a(fs.o)
                0x000000000000bca0                fsDeviceOperatorGetGameCardAttribute
 *fill*         0x000000000000be2c        0x4 
 .text.fsDeviceOperatorClose
                0x000000000000be30       0x6c C:/Users/oukeh/OneDrive/桌面/code-mod-example/code-mod-framework/lib/libnx_min/nx/lib\libnx_min.a(fs.o)
                0x000000000000be30                fsDeviceOperatorClose
 *fill*         0x000000000000be9c        0x4 
 .text.ipcCloseObjectById
                0x000000000000bea0       0x34 C:/Users/oukeh/OneDrive/桌面/code-mod-example/code-mod-framework/lib/libnx_min/nx/lib\libnx_min.a(set.o)
 *fill*         0x000000000000bed4        0xc 
 .text._setMakeLanguageCode
                0x000000000000bee0       0xf4 C:/Users/oukeh/OneDrive/桌面/code-mod-example/code-mod-framework/lib/libnx_min/nx/lib\libnx_min.a(set.o)
 *fill*         0x000000000000bfd4        0xc 
 .text._setsysGetFirmwareVersionImpl
                0x000000000000bfe0      0x1d4 C:/Users/oukeh/OneDrive/桌面/code-mod-example/code-mod-framework/lib/libnx_min/nx/lib\libnx_min.a(set.o)
 *fill*         0x000000000000c1b4        0xc 
 .text.setInitialize
                0x000000000000c1c0       0x44 C:/Users/oukeh/OneDrive/桌面/code-mod-example/code-mod-framework/lib/libnx_min/nx/lib\libnx_min.a(set.o)
                0x000000000000c1c0                setInitialize
 *fill*         0x000000000000c204        0xc 
 .text.setExit  0x000000000000c210       0x9c C:/Users/oukeh/OneDrive/桌面/code-mod-example/code-mod-framework/lib/libnx_min/nx/lib\libnx_min.a(set.o)
                0x000000000000c210                setExit
 *fill*         0x000000000000c2ac        0x4 
 .text.setsysInitialize
                0x000000000000c2b0       0x3c C:/Users/oukeh/OneDrive/桌面/code-mod-example/code-mod-framework/lib/libnx_min/nx/lib\libnx_min.a(set.o)
                0x000000000000c2b0                setsysInitialize
 *fill*         0x000000000000c2ec        0x4 
 .text.setsysExit
                0x000000000000c2f0       0x9c C:/Users/oukeh/OneDrive/桌面/code-mod-example/code-mod-framework/lib/libnx_min/nx/lib\libnx_min.a(set.o)
                0x000000000000c2f0                setsysExit
 *fill*         0x000000000000c38c        0x4 
 .text.setGetLanguageCode
                0x000000000000c390       0xec C:/Users/oukeh/OneDrive/桌面/code-mod-example/code-mod-framework/lib/libnx_min/nx/lib\libnx_min.a(set.o)
                0x000000000000c390                setGetLanguageCode
 *fill*         0x000000000000c47c        0x4 
 .text.setGetSystemLanguage
                0x000000000000c480        0x4 C:/Users/oukeh/OneDrive/桌面/code-mod-example/code-mod-framework/lib/libnx_min/nx/lib\libnx_min.a(set.o)
                0x000000000000c480                setGetSystemLanguage
 *fill*         0x000000000000c484        0xc 
 .text.setGetAvailableLanguageCodeCount
                0x000000000000c490      0x10c C:/Users/oukeh/OneDrive/桌面/code-mod-example/code-mod-framework/lib/libnx_min/nx/lib\libnx_min.a(set.o)
                0x000000000000c490                setGetAvailableLanguageCodeCount
 *fill*         0x000000000000c59c        0x4 
 .text.setGetAvailableLanguageCodes
                0x000000000000c5a0      0x1b4 C:/Users/oukeh/OneDrive/桌面/code-mod-example/code-mod-framework/lib/libnx_min/nx/lib\libnx_min.a(set.o)
                0x000000000000c5a0                setGetAvailableLanguageCodes
 *fill*         0x000000000000c754        0xc 
 .text.setInitializeLanguageCodesCache
                0x000000000000c760       0x70 C:/Users/oukeh/OneDrive/桌面/code-mod-example/code-mod-framework/lib/libnx_min/nx/lib\libnx_min.a(set.o)
 .text.setMakeLanguage
                0x000000000000c7d0       0x8c C:/Users/oukeh/OneDrive/桌面/code-mod-example/code-mod-framework/lib/libnx_min/nx/lib\libnx_min.a(set.o)
                0x000000000000c7d0                setMakeLanguage
 *fill*         0x000000000000c85c        0x4 
 .text.setMakeLanguageCode
                0x000000000000c860       0x80 C:/Users/oukeh/OneDrive/桌面/code-mod-example/code-mod-framework/lib/libnx_min/nx/lib\libnx_min.a(set.o)
                0x000000000000c860                setMakeLanguageCode
 .text.setGetRegionCode
                0x000000000000c8e0       0xf0 C:/Users/oukeh/OneDrive/桌面/code-mod-example/code-mod-framework/lib/libnx_min/nx/lib\libnx_min.a(set.o)
                0x000000000000c8e0                setGetRegionCode
 .text.setsysGetColorSetId
                0x000000000000c9d0       0xe4 C:/Users/oukeh/OneDrive/桌面/code-mod-example/code-mod-framework/lib/libnx_min/nx/lib\libnx_min.a(set.o)
                0x000000000000c9d0                setsysGetColorSetId
 *fill*         0x000000000000cab4        0xc 
 .text.setsysSetColorSetId
                0x000000000000cac0       0xd0 C:/Users/oukeh/OneDrive/桌面/code-mod-example/code-mod-framework/lib/libnx_min/nx/lib\libnx_min.a(set.o)
                0x000000000000cac0                setsysSetColorSetId
 .text.setsysGetSettingsItemValue
                0x000000000000cb90      0x19c C:/Users/oukeh/OneDrive/桌面/code-mod-example/code-mod-framework/lib/libnx_min/nx/lib\libnx_min.a(set.o)
                0x000000000000cb90                setsysGetSettingsItemValue
 *fill*         0x000000000000cd2c        0x4 
 .text.setsysGetSettingsItemValueSize
                0x000000000000cd30      0x198 C:/Users/oukeh/OneDrive/桌面/code-mod-example/code-mod-framework/lib/libnx_min/nx/lib\libnx_min.a(set.o)
                0x000000000000cd30                setsysGetSettingsItemValueSize
 *fill*         0x000000000000cec8        0x8 
 .text.setsysGetSerialNumber
                0x000000000000ced0      0x108 C:/Users/oukeh/OneDrive/桌面/code-mod-example/code-mod-framework/lib/libnx_min/nx/lib\libnx_min.a(set.o)
                0x000000000000ced0                setsysGetSerialNumber
 *fill*         0x000000000000cfd8        0x8 
 .text.setsysGetFlag
                0x000000000000cfe0       0xec C:/Users/oukeh/OneDrive/桌面/code-mod-example/code-mod-framework/lib/libnx_min/nx/lib\libnx_min.a(set.o)
                0x000000000000cfe0                setsysGetFlag
 *fill*         0x000000000000d0cc        0x4 
 .text.setsysSetFlag
                0x000000000000d0d0       0xd0 C:/Users/oukeh/OneDrive/桌面/code-mod-example/code-mod-framework/lib/libnx_min/nx/lib\libnx_min.a(set.o)
                0x000000000000d0d0                setsysSetFlag
 .text.setsysGetFirmwareVersion
                0x000000000000d1a0       0x44 C:/Users/oukeh/OneDrive/桌面/code-mod-example/code-mod-framework/lib/libnx_min/nx/lib\libnx_min.a(set.o)
                0x000000000000d1a0                setsysGetFirmwareVersion
 *fill*         0x000000000000d1e4        0xc 
 .text.setsysBindFatalDirtyFlagEvent
                0x000000000000d1f0      0x13c C:/Users/oukeh/OneDrive/桌面/code-mod-example/code-mod-framework/lib/libnx_min/nx/lib\libnx_min.a(set.o)
                0x000000000000d1f0                setsysBindFatalDirtyFlagEvent
 *fill*         0x000000000000d32c        0x4 
 .text.setsysGetFatalDirtyFlags
                0x000000000000d330       0xf8 C:/Users/oukeh/OneDrive/桌面/code-mod-example/code-mod-framework/lib/libnx_min/nx/lib\libnx_min.a(set.o)
                0x000000000000d330                setsysGetFatalDirtyFlags
 *fill*         0x000000000000d428        0x8 
 .text.setsysGetDeviceNickname
                0x000000000000d430       0xf8 C:/Users/oukeh/OneDrive/桌面/code-mod-example/code-mod-framework/lib/libnx_min/nx/lib\libnx_min.a(set.o)
                0x000000000000d430                setsysGetDeviceNickname
 *fill*         0x000000000000d528        0x8 
 .text.setsysSetDeviceNickname
                0x000000000000d530      0x134 C:/Users/oukeh/OneDrive/桌面/code-mod-example/code-mod-framework/lib/libnx_min/nx/lib\libnx_min.a(set.o)
                0x000000000000d530                setsysSetDeviceNickname
 *fill*         0x000000000000d664        0xc 
 .text._fatalImpl
                0x000000000000d670      0x140 C:/Users/oukeh/OneDrive/桌面/code-mod-example/code-mod-framework/lib/libnx_min/nx/lib\libnx_min.a(fatal.o)
 .text.fatalWithType
                0x000000000000d7b0       0x14 C:/Users/oukeh/OneDrive/桌面/code-mod-example/code-mod-framework/lib/libnx_min/nx/lib\libnx_min.a(fatal.o)
                0x000000000000d7b0                fatalWithType
 *fill*         0x000000000000d7c4        0xc 
 .text.fatalSimple
                0x000000000000d7d0       0x14 C:/Users/oukeh/OneDrive/桌面/code-mod-example/code-mod-framework/lib/libnx_min/nx/lib\libnx_min.a(fatal.o)
                0x000000000000d7d0                fatalSimple
 *fill*         0x000000000000d7e4        0xc 
 .text.fatalWithContext
                0x000000000000d7f0       0x14 C:/Users/oukeh/OneDrive/桌面/code-mod-example/code-mod-framework/lib/libnx_min/nx/lib\libnx_min.a(fatal.o)
                0x000000000000d7f0                fatalWithContext
 *fill*         0x000000000000d804        0xc 
 .text.ipcCloseObjectById
                0x000000000000d810       0x34 C:/Users/oukeh/OneDrive/桌面/code-mod-example/code-mod-framework/lib/libnx_min/nx/lib\libnx_min.a(sm.o)
 *fill*         0x000000000000d844        0xc 
 .text.smAddOverrideHandle
                0x000000000000d850       0x44 C:/Users/oukeh/OneDrive/桌面/code-mod-example/code-mod-framework/lib/libnx_min/nx/lib\libnx_min.a(sm.o)
                0x000000000000d850                smAddOverrideHandle
 *fill*         0x000000000000d894        0xc 
 .text.smGetServiceOverride
                0x000000000000d8a0       0x60 C:/Users/oukeh/OneDrive/桌面/code-mod-example/code-mod-framework/lib/libnx_min/nx/lib\libnx_min.a(sm.o)
                0x000000000000d8a0                smGetServiceOverride
 .text.smHasInitialized
                0x000000000000d900       0x14 C:/Users/oukeh/OneDrive/桌面/code-mod-example/code-mod-framework/lib/libnx_min/nx/lib\libnx_min.a(sm.o)
                0x000000000000d900                smHasInitialized
 *fill*         0x000000000000d914        0xc 
 .text.smExit   0x000000000000d920       0x9c C:/Users/oukeh/OneDrive/桌面/code-mod-example/code-mod-framework/lib/libnx_min/nx/lib\libnx_min.a(sm.o)
                0x000000000000d920                smExit
 *fill*         0x000000000000d9bc        0x4 
 .text.smGetServiceSession
                0x000000000000d9c0        0xc C:/Users/oukeh/OneDrive/桌面/code-mod-example/code-mod-framework/lib/libnx_min/nx/lib\libnx_min.a(sm.o)
                0x000000000000d9c0                smGetServiceSession
 *fill*         0x000000000000d9cc        0x4 
 .text.smEncodeName
                0x000000000000d9d0       0x38 C:/Users/oukeh/OneDrive/桌面/code-mod-example/code-mod-framework/lib/libnx_min/nx/lib\libnx_min.a(sm.o)
                0x000000000000d9d0                smEncodeName
 *fill*         0x000000000000da08        0x8 
 .text.smGetServiceOriginal
                0x000000000000da10      0x22c C:/Users/oukeh/OneDrive/桌面/code-mod-example/code-mod-framework/lib/libnx_min/nx/lib\libnx_min.a(sm.o)
                0x000000000000da10                smGetServiceOriginal
 *fill*         0x000000000000dc3c        0x4 
 .text.smInitialize
                0x000000000000dc40      0x27c C:/Users/oukeh/OneDrive/桌面/code-mod-example/code-mod-framework/lib/libnx_min/nx/lib\libnx_min.a(sm.o)
                0x000000000000dc40                smInitialize
 *fill*         0x000000000000debc        0x4 
 .text.smGetService
                0x000000000000dec0       0x74 C:/Users/oukeh/OneDrive/桌面/code-mod-example/code-mod-framework/lib/libnx_min/nx/lib\libnx_min.a(sm.o)
                0x000000000000dec0                smGetService
 *fill*         0x000000000000df34        0xc 
 .text.smRegisterService
                0x000000000000df40      0x25c C:/Users/oukeh/OneDrive/桌面/code-mod-example/code-mod-framework/lib/libnx_min/nx/lib\libnx_min.a(sm.o)
                0x000000000000df40                smRegisterService
 *fill*         0x000000000000e19c        0x4 
 .text.smUnregisterService
                0x000000000000e1a0      0x1ac C:/Users/oukeh/OneDrive/桌面/code-mod-example/code-mod-framework/lib/libnx_min/nx/lib\libnx_min.a(sm.o)
                0x000000000000e1a0                smUnregisterService
 *fill*         0x000000000000e34c        0x4 
 .text._hidGetDeviceHandles.part.7
                0x000000000000e350       0xec C:/Users/oukeh/OneDrive/桌面/code-mod-example/code-mod-framework/lib/libnx_min/nx/lib\libnx_min.a(hid.o)
 *fill*         0x000000000000e43c        0x4 
 .text.ipcCloseObjectById
                0x000000000000e440       0x34 C:/Users/oukeh/OneDrive/桌面/code-mod-example/code-mod-framework/lib/libnx_min/nx/lib\libnx_min.a(hid.o)
 *fill*         0x000000000000e474        0xc 
 .text._hidActivateVibrationDevice
                0x000000000000e480       0xc8 C:/Users/oukeh/OneDrive/桌面/code-mod-example/code-mod-framework/lib/libnx_min/nx/lib\libnx_min.a(hid.o)
 *fill*         0x000000000000e548        0x8 
 .text._hidGetSharedMemoryHandle.constprop.17
                0x000000000000e550      0x124 C:/Users/oukeh/OneDrive/桌面/code-mod-example/code-mod-framework/lib/libnx_min/nx/lib\libnx_min.a(hid.o)
 *fill*         0x000000000000e674        0xc 
 .text._hidCreateActiveVibrationDeviceList
                0x000000000000e680      0x134 C:/Users/oukeh/OneDrive/桌面/code-mod-example/code-mod-framework/lib/libnx_min/nx/lib\libnx_min.a(hid.o)
 *fill*         0x000000000000e7b4        0xc 
 .text._hidCmdWithNoInput
                0x000000000000e7c0      0x100 C:/Users/oukeh/OneDrive/桌面/code-mod-example/code-mod-framework/lib/libnx_min/nx/lib\libnx_min.a(hid.o)
 .text._hidCreateAppletResource.constprop.16
                0x000000000000e8c0      0x134 C:/Users/oukeh/OneDrive/桌面/code-mod-example/code-mod-framework/lib/libnx_min/nx/lib\libnx_min.a(hid.o)
 *fill*         0x000000000000e9f4        0xc 
 .text._hidCmdWithInputU32
                0x000000000000ea00      0x10c C:/Users/oukeh/OneDrive/桌面/code-mod-example/code-mod-framework/lib/libnx_min/nx/lib\libnx_min.a(hid.o)
 *fill*         0x000000000000eb0c        0x4 
 .text._hidCmdWithInputU64.constprop.18
                0x000000000000eb10      0x108 C:/Users/oukeh/OneDrive/桌面/code-mod-example/code-mod-framework/lib/libnx_min/nx/lib\libnx_min.a(hid.o)
 *fill*         0x000000000000ec18        0x8 
 .text._hidInitializeSevenSixAxisSensor.isra.11.constprop.19
                0x000000000000ec20      0x1f8 C:/Users/oukeh/OneDrive/桌面/code-mod-example/code-mod-framework/lib/libnx_min/nx/lib\libnx_min.a(hid.o)
 *fill*         0x000000000000ee18        0x8 
 .text.hidReset
                0x000000000000ee20      0x1f8 C:/Users/oukeh/OneDrive/桌面/code-mod-example/code-mod-framework/lib/libnx_min/nx/lib\libnx_min.a(hid.o)
                0x000000000000ee20                hidReset
 *fill*         0x000000000000f018        0x8 
 .text.hidGetSessionService
                0x000000000000f020        0xc C:/Users/oukeh/OneDrive/桌面/code-mod-example/code-mod-framework/lib/libnx_min/nx/lib\libnx_min.a(hid.o)
                0x000000000000f020                hidGetSessionService
 *fill*         0x000000000000f02c        0x4 
 .text.hidGetSharedmemAddr
                0x000000000000f030        0xc C:/Users/oukeh/OneDrive/桌面/code-mod-example/code-mod-framework/lib/libnx_min/nx/lib\libnx_min.a(hid.o)
                0x000000000000f030                hidGetSharedmemAddr
 *fill*         0x000000000000f03c        0x4 
 .text.hidSetControllerLayout
                0x000000000000f040       0x54 C:/Users/oukeh/OneDrive/桌面/code-mod-example/code-mod-framework/lib/libnx_min/nx/lib\libnx_min.a(hid.o)
                0x000000000000f040                hidSetControllerLayout
 *fill*         0x000000000000f094        0xc 
 .text.hidGetControllerLayout
                0x000000000000f0a0       0x50 C:/Users/oukeh/OneDrive/桌面/code-mod-example/code-mod-framework/lib/libnx_min/nx/lib\libnx_min.a(hid.o)
                0x000000000000f0a0                hidGetControllerLayout
 .text.hidGetControllerType
                0x000000000000f0f0       0x78 C:/Users/oukeh/OneDrive/桌面/code-mod-example/code-mod-framework/lib/libnx_min/nx/lib\libnx_min.a(hid.o)
                0x000000000000f0f0                hidGetControllerType
 *fill*         0x000000000000f168        0x8 
 .text.hidGetControllerColors
                0x000000000000f170       0xd4 C:/Users/oukeh/OneDrive/桌面/code-mod-example/code-mod-framework/lib/libnx_min/nx/lib\libnx_min.a(hid.o)
                0x000000000000f170                hidGetControllerColors
 *fill*         0x000000000000f244        0xc 
 .text.hidIsControllerConnected
                0x000000000000f250       0x7c C:/Users/oukeh/OneDrive/桌面/code-mod-example/code-mod-framework/lib/libnx_min/nx/lib\libnx_min.a(hid.o)
                0x000000000000f250                hidIsControllerConnected
 *fill*         0x000000000000f2cc        0x4 
 .text.hidGetControllerDeviceType
                0x000000000000f2d0       0x70 C:/Users/oukeh/OneDrive/桌面/code-mod-example/code-mod-framework/lib/libnx_min/nx/lib\libnx_min.a(hid.o)
                0x000000000000f2d0                hidGetControllerDeviceType
 .text.hidGetControllerFlags
                0x000000000000f340       0x90 C:/Users/oukeh/OneDrive/桌面/code-mod-example/code-mod-framework/lib/libnx_min/nx/lib\libnx_min.a(hid.o)
                0x000000000000f340                hidGetControllerFlags
 .text.hidGetControllerPowerInfo
                0x000000000000f3d0      0x114 C:/Users/oukeh/OneDrive/桌面/code-mod-example/code-mod-framework/lib/libnx_min/nx/lib\libnx_min.a(hid.o)
                0x000000000000f3d0                hidGetControllerPowerInfo
 *fill*         0x000000000000f4e4        0xc 
 .text.hidKeysHeld
                0x000000000000f4f0       0x6c C:/Users/oukeh/OneDrive/桌面/code-mod-example/code-mod-framework/lib/libnx_min/nx/lib\libnx_min.a(hid.o)
                0x000000000000f4f0                hidKeysHeld
 *fill*         0x000000000000f55c        0x4 
 .text.hidKeysDown
                0x000000000000f560       0x6c C:/Users/oukeh/OneDrive/桌面/code-mod-example/code-mod-framework/lib/libnx_min/nx/lib\libnx_min.a(hid.o)
                0x000000000000f560                hidKeysDown
 *fill*         0x000000000000f5cc        0x4 
 .text.hidKeysUp
                0x000000000000f5d0       0x6c C:/Users/oukeh/OneDrive/桌面/code-mod-example/code-mod-framework/lib/libnx_min/nx/lib\libnx_min.a(hid.o)
                0x000000000000f5d0                hidKeysUp
 *fill*         0x000000000000f63c        0x4 
 .text.hidMouseButtonsHeld
                0x000000000000f640       0x3c C:/Users/oukeh/OneDrive/桌面/code-mod-example/code-mod-framework/lib/libnx_min/nx/lib\libnx_min.a(hid.o)
                0x000000000000f640                hidMouseButtonsHeld
 *fill*         0x000000000000f67c        0x4 
 .text.hidMouseButtonsDown
                0x000000000000f680       0x3c C:/Users/oukeh/OneDrive/桌面/code-mod-example/code-mod-framework/lib/libnx_min/nx/lib\libnx_min.a(hid.o)
                0x000000000000f680                hidMouseButtonsDown
 *fill*         0x000000000000f6bc        0x4 
 .text.hidMouseButtonsUp
                0x000000000000f6c0       0x3c C:/Users/oukeh/OneDrive/桌面/code-mod-example/code-mod-framework/lib/libnx_min/nx/lib\libnx_min.a(hid.o)
                0x000000000000f6c0                hidMouseButtonsUp
 *fill*         0x000000000000f6fc        0x4 
 .text.hidMouseRead
                0x000000000000f700       0x48 C:/Users/oukeh/OneDrive/桌面/code-mod-example/code-mod-framework/lib/libnx_min/nx/lib\libnx_min.a(hid.o)
                0x000000000000f700                hidMouseRead
 *fill*         0x000000000000f748        0x8 
 .text.hidMouseMultiRead
                0x000000000000f750      0x150 C:/Users/oukeh/OneDrive/桌面/code-mod-example/code-mod-framework/lib/libnx_min/nx/lib\libnx_min.a(hid.o)
                0x000000000000f750                hidMouseMultiRead
 .text.hidKeyboardModifierHeld
                0x000000000000f8a0       0x48 C:/Users/oukeh/OneDrive/桌面/code-mod-example/code-mod-framework/lib/libnx_min/nx/lib\libnx_min.a(hid.o)
                0x000000000000f8a0                hidKeyboardModifierHeld
 *fill*         0x000000000000f8e8        0x8 
 .text.hidKeyboardModifierDown
                0x000000000000f8f0       0x48 C:/Users/oukeh/OneDrive/桌面/code-mod-example/code-mod-framework/lib/libnx_min/nx/lib\libnx_min.a(hid.o)
                0x000000000000f8f0                hidKeyboardModifierDown
 *fill*         0x000000000000f938        0x8 
 .text.hidKeyboardModifierUp
                0x000000000000f940       0x48 C:/Users/oukeh/OneDrive/桌面/code-mod-example/code-mod-framework/lib/libnx_min/nx/lib\libnx_min.a(hid.o)
                0x000000000000f940                hidKeyboardModifierUp
 *fill*         0x000000000000f988        0x8 
 .text.hidKeyboardHeld
                0x000000000000f990       0x60 C:/Users/oukeh/OneDrive/桌面/code-mod-example/code-mod-framework/lib/libnx_min/nx/lib\libnx_min.a(hid.o)
                0x000000000000f990                hidKeyboardHeld
 .text.hidKeyboardDown
                0x000000000000f9f0       0x60 C:/Users/oukeh/OneDrive/桌面/code-mod-example/code-mod-framework/lib/libnx_min/nx/lib\libnx_min.a(hid.o)
                0x000000000000f9f0                hidKeyboardDown
 .text.hidKeyboardUp
                0x000000000000fa50       0x60 C:/Users/oukeh/OneDrive/桌面/code-mod-example/code-mod-framework/lib/libnx_min/nx/lib\libnx_min.a(hid.o)
                0x000000000000fa50                hidKeyboardUp
 .text.hidTouchCount
                0x000000000000fab0        0xc C:/Users/oukeh/OneDrive/桌面/code-mod-example/code-mod-framework/lib/libnx_min/nx/lib\libnx_min.a(hid.o)
                0x000000000000fab0                hidTouchCount
 *fill*         0x000000000000fabc        0x4 
 .text.hidScanInput
                0x000000000000fac0      0x598 C:/Users/oukeh/OneDrive/桌面/code-mod-example/code-mod-framework/lib/libnx_min/nx/lib\libnx_min.a(hid.o)
                0x000000000000fac0                hidScanInput